Component: ARM Compiler 5.06 update 6 (build 750) Tool: armlink [4d35ed]

==============================================================================

Section Cross References

    system_da14585_586.o(.text) refers to system_da14585_586.o(.data) for .data
    startup_da14585_586.o(RESET) refers to startup_da14585_586.o(STACK) for __initial_sp
    startup_da14585_586.o(RESET) refers to startup_da14585_586.o(.text) for Reset_Handler
    startup_da14585_586.o(RESET) refers to systick.o(.text) for SysTick_Handler
    startup_da14585_586.o(RESET) refers to rwble.o(.text) for BLE_WAKEUP_LP_Handler
    startup_da14585_586.o(RESET) refers to uart.o(.text) for UART2_Handler
    startup_da14585_586.o(RESET) refers to i2c.o(.text) for I2C_Handler
    startup_da14585_586.o(RESET) refers to adc_58x.o(.text) for ADC_Handler
    startup_da14585_586.o(RESET) refers to gpio.o(.text) for GPIO0_Handler
    startup_da14585_586.o(RESET) refers to wkupct_quadec.o(.text) for WKUP_QUADEC_Handler
    startup_da14585_586.o(.text) refers to system_da14585_586.o(.text) for SystemInit
    startup_da14585_586.o(.text) refers to entry.o(.ARM.Collect$$$$00000000) for __main
    startup_da14585_586.o(.text) refers to nmi_handler.o(.text) for NMI_HandlerC
    startup_da14585_586.o(.text) refers to hardfault_handler.o(.text) for HardFault_HandlerC
    nvds.o(.text) refers to nvds.o(.constdata) for .constdata
    nvds.o(.text) refers to arch_system.o(retention_mem_area0) for dev_bdaddr
    arch_main.o(.text) refers to arch_system.o(.text) for system_init
    arch_main.o(.text) refers to rwip.o(.text) for rwip_sleep
    arch_main.o(.text) refers to arch_main.o(retention_mem_area0) for retention_mem_area0
    arch_main.o(.text) refers to rwble.o(retention_mem_area0) for arch_rwble_last_event
    arch_main.o(.constdata) refers to user_peripheral.o(.text) for user_app_init
    jump_table.o(.constdata) refers to rf_585.o(.text) for rf_init_func
    jump_table.o(.constdata) refers to nvds.o(.text) for nvds_get_func
    jump_table.o(.constdata) refers to jump_table.o(.text) for platform_reset_func
    jump_table.o(.constdata) refers to rwble.o(.text) for lld_sleep_compensate_func
    jump_table.o(.constdata) refers to arch_system.o(.text) for lld_sleep_init_func
    jump_table.o(.constdata) refers to prf.o(.text) for prf_init_func
    jump_table.o(.constdata) refers to patch.o(.text) for PK_PointMult_func
    jump_table.o(.constdata) refers to jump_table.o(heap_mem_area_not_ret) for rwip_heap_non_ret
    jump_table.o(.constdata) refers to jump_table.o(heap_env_area) for rwip_heap_env_ret
    jump_table.o(.constdata) refers to jump_table.o(heap_db_area) for rwip_heap_db_ret
    jump_table.o(.constdata) refers to jump_table.o(heap_msg_area) for rwip_heap_msg_ret
    arch_sleep.o(.text) refers to arch_sleep.o(retention_mem_area0) for retention_mem_area0
    arch_sleep.o(.text) refers to gpio.o(.text) for GPIO_DisablePorPin
    arch_sleep.o(.text) refers to arch_sleep.o(.text) for arch_set_extended_sleep
    arch_sleep.o(.text) refers to arch_sleep.o(retention_mem_area0) for retention_mem_area0
    arch_sleep.o(.text) refers to arch_sleep.o(.text) for arch_get_sleep_mode
    arch_sleep.o(.text) refers to arch_sleep.o(.text) for arch_disable_sleep
    arch_sleep.o(.text) refers to arch_sleep.o(retention_mem_area0) for retention_mem_area0
    arch_sleep.o(.text) refers to arch_sleep.o(retention_mem_area0) for retention_mem_area0
    arch_sleep.o(.text) refers to arch_sleep.o(retention_mem_area0) for retention_mem_area0
    arch_sleep.o(.text) refers to rwble.o(retention_mem_area0) for arch_rwble_last_event
    arch_system.o(.text) refers to rf_calibration.o(.text) for rf_calibration_585
    arch_system.o(.text) refers to gpio.o(.text) for GPIO_init
    arch_system.o(.text) refers to hw_otpc_58x.o(.text) for hw_otpc_manual_read_on
    arch_system.o(.text) refers to otp_hdr.o(.text) for otp_hdr_get_bd_address
    arch_system.o(.text) refers to arch_rom.o(.text) for arch_rom_init
    arch_system.o(.text) refers to spi_flash.o(.text) for power_down_da14586_flash
    arch_system.o(.text) refers to user_periph_setup.o(.text) for periph_init
    arch_system.o(.text) refers to trng.o(.text) for init_rand_seed_from_trng
    arch_system.o(.text) refers to arch_sleep.o(.text) for arch_disable_sleep
    arch_system.o(.text) refers to app.o(.text) for app_init
    arch_system.o(.text) refers to user_peripheral.o(.text) for user_app_init
    arch_system.o(.text) refers to arch_system.o(retention_mem_area0) for retention_mem_area0
    arch_system.o(.text) refers to rwble.o(retention_mem_area0) for twirq_set
    arch_system.o(.text) refers to arch_system.o(.data) for .data
    arch_system.o(.text) refers to arch_system.o(retention_mem_area0) for retention_mem_area0
    arch_system.o(.text) refers to arch_system.o(i.__ARM_common_ll_muluu) for __ARM_common_ll_muluu
    arch_system.o(.text) refers to arch_system.o(retention_mem_area0) for retention_mem_area0
    arch_system.o(.constdata) refers to user_peripheral.o(.text) for user_app_init
    arch_rom.o(.text) refers to patch.o(.text) for patch_global_vars_init
    arch_rom.o(.text) refers to arch_rom.o(retention_mem_area0) for retention_mem_area0
    arch_rom.o(.text) refers to arch_system.o(.constdata) for gap_cfg_user_var_struct
    arch_rom.o(.text) refers to jump_table.o(.constdata) for rom_func_addr_table_var
    arch_rom.o(.text) refers to jump_table.o(.constdata) for rom_cfg_table_var
    gpio.o(.text) refers to user_periph_setup.o(.text) for GPIO_reservations
    gpio.o(.text) refers to gpio.o(retention_mem_area0) for retention_mem_area0
    gpio.o(.text) refers to gpio.o(.constdata) for .constdata
    gpio.o(.text) refers to gpio.o(retention_mem_area0) for retention_mem_area0
    gpio.o(.text) refers to gpio.o(retention_mem_area0) for retention_mem_area0
    gpio.o(.text) refers to gpio.o(.text) for gpioshift16
    gpio.o(.text) refers to gpio.o(retention_mem_area0) for retention_mem_area0
    gpio.o(.text) refers to gpio.o(.text) for gpioshift16
    gpio.o(.text) refers to gpio.o(retention_mem_area0) for retention_mem_area0
    wkupct_quadec.o(.text) refers to syscntl.o(.text) for syscntl_use_highest_amba_clocks
    wkupct_quadec.o(.text) refers to wkupct_quadec.o(retention_mem_area0) for retention_mem_area0
    wkupct_quadec.o(.text) refers to wkupct_quadec.o(.text) for __NVIC_SetPriority
    wkupct_quadec.o(.text) refers to wkupct_quadec.o(.text) for __NVIC_EnableIRQ
    wkupct_quadec.o(.text) refers to wkupct_quadec.o(.text) for wkupct_quad_disable_IRQ
    wkupct_quadec.o(.text) refers to wkupct_quadec.o(retention_mem_area0) for retention_mem_area0
    wkupct_quadec.o(.text) refers to wkupct_quadec.o(retention_mem_area0) for retention_mem_area0
    wkupct_quadec.o(.text) refers to wkupct_quadec.o(.text) for wkupct_quad_disable_IRQ
    wkupct_quadec.o(.text) refers to wkupct_quadec.o(.text) for quad_decoder_disable_irq
    wkupct_quadec.o(.text) refers to wkupct_quadec.o(.text) for __NVIC_SetPriority
    wkupct_quadec.o(.text) refers to wkupct_quadec.o(.text) for __NVIC_EnableIRQ
    adc_58x.o(.text) refers to adc_58x.o(.constdata) for .constdata
    adc_58x.o(.text) refers to adc_58x.o(retention_mem_area0) for retention_mem_area0
    adc_58x.o(.text) refers to adc_58x.o(.text) for __NVIC_DisableIRQ
    adc_58x.o(.text) refers to adc_58x.o(retention_mem_area0) for retention_mem_area0
    adc_58x.o(.text) refers to adc_58x.o(.text) for __NVIC_DisableIRQ
    adc_58x.o(.text) refers to adc_58x.o(retention_mem_area0) for retention_mem_area0
    adc_58x.o(.text) refers to adc_58x.o(.text) for adc_enable
    adc_58x.o(.text) refers to adc_58x.o(.text) for adc_usDelay
    spi_58x.o(.text) refers to gpio.o(.text) for GPIO_SetActive
    spi_58x.o(.text) refers to spi_58x.o(retention_mem_area0) for retention_mem_area0
    spi_58x.o(.text) refers to spi_58x.o(retention_mem_area0) for retention_mem_area0
    spi_58x.o(.text) refers to spi_58x.o(.text) for wait_spi_to_finish
    spi_58x.o(.text) refers to spi_58x.o(.text) for wait_spi_to_finish
    spi_58x.o(.text) refers to spi_58x.o(.text) for wait_spi_to_finish
    spi_flash.o(.text) refers to spi_58x.o(.text) for spi_set_bitmode
    spi_flash.o(.text) refers to gpio.o(.text) for GPIO_ConfigurePin
    spi_flash.o(.text) refers to spi_flash.o(.constdata) for .constdata
    spi_flash.o(.text) refers to spi_flash.o(.text) for spi_flash_read_status_reg
    spi_flash.o(.text) refers to spi_flash.o(.bss) for .bss
    spi_flash.o(.text) refers to spi_58x.o(.text) for spi_initialize
    spi_flash.o(.text) refers to spi_flash.o(.text) for spi_flash_configure_env
    spi_flash.o(.text) refers to spi_flash.o(.text) for spi_flash_release_from_power_down
    spi_flash.o(.text) refers to spi_flash.o(.text) for spi_flash_is_busy
    spi_flash.o(.text) refers to spi_58x.o(.text) for spi_set_bitmode
    spi_flash.o(.text) refers to spi_flash.o(.text) for spi_flash_read_jedec_id
    spi_flash.o(.text) refers to spi_flash.o(.text) for spi_flash_configure_env
    spi_flash.o(.text) refers to spi_flash.o(.constdata) for .constdata
    spi_flash.o(.text) refers to spi_58x.o(.text) for spi_initialize
    spi_flash.o(.text) refers to spi_flash.o(.text) for spi_flash_release_from_power_down
    spi_flash.o(.text) refers to spi_flash.o(.text) for spi_flash_auto_detect
    spi_flash.o(.text) refers to spi_flash.o(.text) for spi_flash_is_busy
    spi_flash.o(.text) refers to spi_58x.o(.text) for spi_set_bitmode
    spi_flash.o(.text) refers to spi_flash.o(.text) for spi_flash_wait_till_ready
    spi_flash.o(.text) refers to spi_flash.o(.text) for spi_flash_write_enable
    spi_flash.o(.text) refers to spi_flash.o(.text) for spi_flash_write_enable
    spi_flash.o(.text) refers to spi_flash.o(.text) for spi_flash_is_busy
    spi_flash.o(.text) refers to spi_58x.o(.text) for spi_set_bitmode
    spi_flash.o(.text) refers to spi_flash.o(.text) for spi_flash_wait_till_ready
    spi_flash.o(.text) refers to spi_flash.o(.text) for spi_flash_is_busy
    spi_flash.o(.text) refers to spi_58x.o(.text) for spi_set_bitmode
    spi_flash.o(.text) refers to spi_flash.o(.text) for spi_flash_wait_till_ready
    spi_flash.o(.text) refers to spi_58x.o(.text) for spi_set_bitmode
    spi_flash.o(.text) refers to spi_flash.o(.text) for spi_flash_set_write_enable
    spi_flash.o(.text) refers to spi_flash.o(.text) for spi_flash_wait_till_ready
    spi_flash.o(.text) refers to spi_58x.o(.text) for spi_set_bitmode
    spi_flash.o(.text) refers to spi_58x.o(.text) for spi_set_bitmode
    spi_flash.o(.text) refers to spi_flash.o(.text) for spi_flash_read_config_reg
    spi_flash.o(.text) refers to spi_flash.o(.text) for spi_flash_read_config_reg
    spi_flash.o(.text) refers to spi_flash.o(.text) for spi_flash_read_status_reg
    spi_flash.o(.text) refers to spi_flash.o(.text) for spi_flash_write_status_config_reg
    spi_flash.o(.text) refers to spi_flash.o(.text) for spi_flash_is_busy
    spi_flash.o(.text) refers to spi_58x.o(.text) for spi_set_bitmode
    spi_flash.o(.text) refers to spi_flash.o(.text) for spi_flash_is_busy
    spi_flash.o(.text) refers to spi_58x.o(.text) for spi_set_bitmode
    spi_flash.o(.text) refers to spi_flash.o(.text) for spi_flash_is_busy
    spi_flash.o(.text) refers to spi_flash.o(.text) for spi_flash_write_enable
    spi_flash.o(.text) refers to spi_flash.o(.text) for spi_flash_write_status_reg
    spi_flash.o(.text) refers to spi_flash.o(.text) for spi_flash_is_busy
    spi_flash.o(.text) refers to spi_flash.o(.text) for spi_flash_write_enable
    spi_flash.o(.text) refers to spi_58x.o(.text) for spi_set_bitmode
    spi_flash.o(.text) refers to spi_flash.o(.text) for spi_flash_wait_till_ready
    spi_flash.o(.text) refers to spi_flash.o(.text) for spi_flash_is_busy
    spi_flash.o(.text) refers to spi_flash.o(.text) for spi_flash_write_enable
    spi_flash.o(.text) refers to spi_58x.o(.text) for spi_set_bitmode
    spi_flash.o(.text) refers to spi_flash.o(.text) for spi_flash_wait_till_ready
    spi_flash.o(.text) refers to spi_flash.o(.text) for spi_flash_is_busy
    spi_flash.o(.text) refers to spi_flash.o(.text) for spi_flash_write_enable
    spi_flash.o(.text) refers to spi_58x.o(.text) for spi_set_bitmode
    spi_flash.o(.text) refers to spi_flash.o(.text) for spi_flash_is_busy
    spi_flash.o(.text) refers to spi_flash.o(.text) for spi_flash_write_enable
    spi_flash.o(.text) refers to spi_58x.o(.text) for spi_set_bitmode
    spi_flash.o(.text) refers to spi_flash.o(.text) for spi_flash_wait_till_ready
    spi_flash.o(.text) refers to spi_flash.o(.text) for spi_flash_is_busy
    spi_flash.o(.text) refers to spi_flash.o(.text) for spi_flash_configure_memory_protection
    spi_flash.o(.text) refers to spi_flash.o(.text) for spi_flash_chip_erase
    spi_flash.o(.text) refers to spi_flash.o(.text) for spi_flash_read_security_reg
    spi_flash.o(.text) refers to spi_flash.o(.text) for spi_flash_is_busy
    spi_flash.o(.text) refers to spi_flash.o(.text) for spi_flash_write_enable
    spi_flash.o(.text) refers to spi_58x.o(.text) for spi_set_bitmode
    spi_flash.o(.text) refers to spi_flash.o(.text) for spi_flash_wait_till_ready
    spi_flash.o(.text) refers to spi_flash.o(.text) for spi_flash_is_busy
    spi_flash.o(.text) refers to spi_flash.o(.text) for spi_flash_write_enable
    spi_flash.o(.text) refers to spi_58x.o(.text) for spi_set_bitmode
    spi_flash.o(.text) refers to spi_58x.o(.text) for spi_send
    spi_flash.o(.text) refers to spi_flash.o(.text) for spi_flash_wait_till_ready
    spi_flash.o(.text) refers to spi_58x.o(.text) for spi_set_bitmode
    spi_flash.o(.text) refers to spi_flash.o(.text) for spi_flash_page_program
    spi_flash.o(.text) refers to spi_flash.o(.bss) for .bss
    spi_flash.o(.text) refers to spi_58x.o(.text) for spi_set_bitmode
    spi_flash.o(.text) refers to spi_flash.o(.text) for spi_flash_page_program_buffer
    spi_flash.o(.text) refers to spi_flash.o(.bss) for .bss
    spi_flash.o(.text) refers to spi_flash.o(.text) for spi_flash_is_busy
    spi_flash.o(.text) refers to spi_flash.o(.text) for spi_flash_write_enable
    spi_flash.o(.text) refers to spi_58x.o(.text) for spi_set_bitmode
    spi_flash.o(.text) refers to spi_flash.o(.text) for spi_flash_wait_till_ready
    spi_flash.o(.text) refers to spi_58x.o(.text) for spi_set_bitmode
    spi_flash.o(.text) refers to spi_flash.o(.text) for spi_flash_page_fill
    spi_flash.o(.text) refers to spi_flash.o(.bss) for .bss
    spi_flash.o(.text) refers to spi_flash.o(.text) for spi_flash_read_security_reg
    spi_flash.o(.text) refers to spi_flash.o(.text) for spi_flash_is_busy
    spi_flash.o(.text) refers to spi_58x.o(.text) for spi_set_bitmode
    spi_flash.o(.text) refers to spi_flash.o(.bss) for .bss
    spi_flash.o(.text) refers to spi_flash.o(.text) for spi_flash_is_busy
    spi_flash.o(.text) refers to spi_58x.o(.text) for spi_set_bitmode
    spi_flash.o(.text) refers to spi_58x.o(.text) for spi_receive
    spi_flash.o(.text) refers to spi_flash.o(.bss) for .bss
    spi_flash.o(.text) refers to spi_flash.o(.text) for spi_flash_read_data
    spi_flash.o(.text) refers to spi_flash.o(.text) for spi_flash_is_page_empty
    spi_flash.o(.text) refers to spi_flash.o(.text) for spi_flash_is_sector_empty
    spi_flash.o(.text) refers to spi_flash.o(.bss) for .bss
    i2c.o(.text) refers to i2c.o(.bss) for .bss
    i2c.o(.text) refers to i2c.o(.bss) for .bss
    i2c.o(.text) refers to i2c.o(.text) for i2c_register_int
    i2c.o(.text) refers to i2c.o(.text) for __NVIC_ClearPendingIRQ
    i2c.o(.text) refers to i2c.o(.text) for i2c_unregister_int
    i2c.o(.text) refers to i2c.o(.bss) for .bss
    i2c.o(.text) refers to i2c.o(.text) for tx_reply
    i2c.o(.text) refers to i2c.o(.bss) for .bss
    i2c.o(.text) refers to i2c.o(.text) for i2c_register_int
    i2c.o(.text) refers to i2c.o(.bss) for .bss
    i2c.o(.text) refers to i2c.o(.text) for intr_master_transmit_buffer_handler
    i2c.o(.text) refers to i2c.o(.text) for i2c_unregister_int
    i2c.o(.text) refers to i2c.o(.bss) for .bss
    i2c.o(.text) refers to i2c.o(.text) for rx_reply
    i2c.o(.text) refers to i2c.o(.bss) for .bss
    i2c.o(.text) refers to i2c.o(.text) for i2c_register_int
    i2c.o(.text) refers to i2c.o(.bss) for .bss
    i2c.o(.text) refers to i2c.o(.text) for intr_master_receive_buffer_handler
    i2c.o(.text) refers to i2c.o(.text) for rx_reply
    i2c.o(.text) refers to i2c.o(.bss) for .bss
    i2c.o(.text) refers to i2c.o(.text) for i2c_register_int
    i2c.o(.text) refers to i2c.o(.bss) for .bss
    i2c.o(.text) refers to i2c.o(.text) for intr_slave_receive_buffer_handler
    i2c.o(.text) refers to i2c.o(.text) for tx_reply
    i2c.o(.text) refers to i2c.o(.bss) for .bss
    i2c.o(.text) refers to i2c.o(.text) for i2c_register_int
    i2c.o(.text) refers to i2c.o(.bss) for .bss
    i2c.o(.text) refers to i2c.o(.text) for intr_slave_transmit_buffer_handler
    i2c_eeprom.o(.text) refers to i2c_eeprom.o(retention_mem_area0) for retention_mem_area0
    i2c_eeprom.o(.text) refers to i2c_eeprom.o(retention_mem_area0) for retention_mem_area0
    i2c_eeprom.o(.text) refers to i2c.o(.text) for i2c_init
    i2c_eeprom.o(.text) refers to i2c_eeprom.o(retention_mem_area0) for retention_mem_area0
    i2c_eeprom.o(.text) refers to i2c.o(.text) for i2c_release
    i2c_eeprom.o(.text) refers to i2c.o(.text) for i2c_release
    i2c_eeprom.o(.text) refers to i2c_eeprom.o(retention_mem_area0) for retention_mem_area0
    i2c_eeprom.o(.text) refers to i2c_eeprom.o(retention_mem_area0) for retention_mem_area0
    i2c_eeprom.o(.text) refers to i2c_eeprom.o(.text) for i2c_wait_until_eeprom_ready
    i2c_eeprom.o(.text) refers to i2c_eeprom.o(.text) for i2c_eeprom_send_address
    i2c_eeprom.o(.text) refers to i2c_eeprom.o(.text) for i2c_eeprom_send_address
    i2c_eeprom.o(.text) refers to i2c_eeprom.o(.text) for i2c_wait_until_eeprom_ready
    i2c_eeprom.o(.text) refers to i2c_eeprom.o(.text) for read_data_single
    i2c_eeprom.o(.text) refers to i2c_eeprom.o(retention_mem_area0) for retention_mem_area0
    i2c_eeprom.o(.text) refers to i2c_eeprom.o(.text) for i2c_wait_until_eeprom_ready
    i2c_eeprom.o(.text) refers to i2c_eeprom.o(.text) for i2c_eeprom_send_address
    i2c_eeprom.o(.text) refers to i2c_eeprom.o(.text) for i2c_wait_until_eeprom_ready
    i2c_eeprom.o(.text) refers to i2c_eeprom.o(.text) for i2c_eeprom_send_address
    i2c_eeprom.o(.text) refers to i2c_eeprom.o(retention_mem_area0) for retention_mem_area0
    i2c_eeprom.o(.text) refers to i2c_eeprom.o(.text) for i2c_eeprom_write_page
    i2c_eeprom.o(.text) refers to i2c_eeprom.o(retention_mem_area0) for retention_mem_area0
    hw_otpc_58x.o(.text) refers to hw_otpc_58x.o(.constdata) for .constdata
    hw_otpc_58x.o(.text) refers to hw_otpc_58x.o(.text) for hw_otpc_num_of_rr
    hw_otpc_58x.o(.text) refers to hw_otpc_58x.o(.text) for hw_otpc_manual_word_prog
    hw_otpc_58x.o(.text) refers to hw_otpc_58x.o(.text) for manual_prog_verify
    hw_otpc_58x.o(.text) refers to hw_otpc_58x.o(.text) for hw_otpc_write_rr
    hw_otpc_58x.o(.text) refers to hw_otpc_58x.o(.text) for hw_otpc_manual_read_on
    hw_otpc_58x.o(.text) refers to hw_otpc_58x.o(.text) for hw_otpc_manual_read_off
    hw_otpc_58x.o(.text) refers to hw_otpc_58x.o(.text) for hw_otpc_manual_word_prog
    hw_otpc_58x.o(.text) refers to hw_otpc_58x.o(.text) for wait_for_auto_done
    hw_otpc_58x.o(.text) refers to hw_otpc_58x.o(.text) for wait_for_auto_done
    hw_otpc_58x.o(.text) refers to hw_otpc_58x.o(.text) for wait_for_auto_done
    hw_otpc_58x.o(.text) refers to hw_otpc_58x.o(.text) for wait_for_auto_done
    hw_otpc_58x.o(.text) refers to hw_otpc_58x.o(.text) for hw_otpc_core_test
    hw_otpc_58x.o(.text) refers to hw_otpc_58x.o(.text) for hw_otpc_core_test
    hw_otpc_58x.o(.text) refers to hw_otpc_58x.o(.text) for hw_otpc_core_test
    uart.o(.text) refers to uart.o(retention_mem_area0) for retention_mem_area0
    uart.o(.text) refers to uart.o(retention_mem_area0) for retention_mem_area0
    uart.o(.text) refers to uart.o(retention_mem_area0) for retention_mem_area0
    uart.o(.text) refers to uart.o(retention_mem_area0) for retention_mem_area0
    uart.o(.text) refers to uart.o(.text) for uart_enable
    uart.o(.text) refers to uart.o(.text) for uart_baudrate_setf
    uart.o(.text) refers to uart.o(retention_mem_area0) for retention_mem_area0
    uart.o(.text) refers to uart.o(.text) for uart_write_byte
    uart.o(.text) refers to uart.o(.text) for uart_write_buffer
    uart.o(.text) refers to uart.o(.text) for __NVIC_DisableIRQ
    uart.o(.text) refers to uart.o(.text) for __NVIC_SetPriority
    uart.o(.text) refers to uart.o(.text) for __NVIC_EnableIRQ
    uart.o(.text) refers to uart.o(retention_mem_area0) for retention_mem_area0
    uart.o(.text) refers to uart.o(.text) for uart_read_byte
    uart.o(.text) refers to uart.o(.text) for uart_read_buffer
    uart.o(.text) refers to uart.o(.text) for __NVIC_DisableIRQ
    uart.o(.text) refers to uart.o(.text) for __NVIC_SetPriority
    uart.o(.text) refers to uart.o(.text) for __NVIC_EnableIRQ
    uart.o(.text) refers to uart.o(retention_mem_area0) for retention_mem_area0
    uart.o(.text) refers to uart.o(.text) for uart_enable_flow_control
    trng.o(.text) refers to rf_585.o(.text) for rf_regs
    trng.o(.text) refers to trng.o(trng_buffer_area_zi) for trng_buffer_area_zi
    trng.o(.text) refers to trng.o(.bss) for .bss
    systick.o(.text) refers to systick.o(retention_mem_area0) for retention_mem_area0
    uart_utils.o(.text) refers to strlen.o(.text) for strlen
    uart_utils.o(.text) refers to uart.o(.text) for uart_send
    rwble.o(.text) refers to arch_system.o(.text) for lld_sleep_lpcycles_2_us_sel_func
    rwble.o(.text) refers to syscntl.o(.text) for syscntl_use_highest_amba_clocks
    rwble.o(.text) refers to rwip.o(.text) for patched_ble_regs_pop
    rwble.o(.text) refers to user_periph_setup.o(.text) for periph_init
    rwble.o(.text) refers to adc_58x.o(.text) for adc_get_vbat_sample
    rwble.o(.text) refers to rwble.o(retention_mem_area0) for retention_mem_area0
    rwble.o(.text) refers to rwip.o(retention_mem_area0) for slp_period_retained
    rwble.o(.text) refers to rwip.o(retention_mem_area0) for sleep_lp_cycles
    rwble.o(.text) refers to rwble.o(.bss) for .bss
    rwble.o(.text) refers to arch_system.o(retention_mem_area0) for clk_freq_trim_reg_value
    rwip.o(.text) refers to arch_sleep.o(.text) for arch_ble_ext_wakeup_get
    rwip.o(.text) refers to arch_system.o(.text) for check_sys_startup_period
    rwip.o(.text) refers to syscntl.o(.text) for syscntl_use_lowest_amba_clocks
    rwip.o(.text) refers to rwip.o(retention_mem_area0) for retention_mem_area0
    rwip.o(.text) refers to rwble.o(retention_mem_area0) for twirq_set
    rf_585.o(.text) refers to arch_system.o(.text) for get_rc16m_count
    rf_585.o(.text) refers to rf_calibration.o(.text) for rf_calibration_585
    rf_585.o(.text) refers to arch_system.o(retention_mem_area0) for iq_trim_rf_mixer_ctrl1_reg
    rf_585.o(.text) refers to rf_585.o(retention_mem_area0) for retention_mem_area0
    rf_585.o(.text) refers to rf_585.o(retention_mem_area0) for retention_mem_area0
    rf_585.o(.text) refers to rf_585.o(retention_mem_area0) for retention_mem_area0
    rf_585.o(.text) refers to rf_585.o(retention_mem_area0) for retention_mem_area0
    custom_common.o(.text) refers to prf.o(.text) for prf_env_get
    diss.o(.text) refers to diss.o(.constdata) for .constdata
    diss.o(.text) refers to diss_task.o(.constdata) for diss_default_handler
    diss.o(.constdata) refers to diss.o(.text) for diss_init
    diss_task.o(.text) refers to prf.o(.text) for prf_env_get
    diss_task.o(.text) refers to diss.o(.text) for diss_value_to_handle
    diss_task.o(.constdata) refers to diss_task.o(.text) for diss_set_value_req_handler
    diss_task.o(.constdata) refers to diss_task.o(.constdata) for diss_default_state
    custs1.o(.text) refers to attm_db_128.o(.text) for attm_svc_create_db_128
    custs1.o(.text) refers to custs1_task.o(.text) for custs1_init_ccc_values
    custs1.o(.text) refers to prf.o(.text) for prf_src_task_get
    custs1.o(.text) refers to user_custs1_def.o(.constdata) for custs1_att_db
    custs1.o(.text) refers to user_custs1_def.o(.constdata) for custs1_services
    custs1.o(.text) refers to user_custs1_def.o(.constdata) for custs1_services_size
    custs1.o(.text) refers to user_custs1_def.o(.constdata) for custs1_att_max_nb
    custs1.o(.text) refers to custs1_task.o(.constdata) for custs1_default_handler
    custs1.o(.text) refers to custs1.o(.constdata) for .constdata
    custs1.o(.constdata) refers to custs1.o(.text) for custs1_init
    custs1_task.o(.text) refers to prf.o(.text) for prf_env_get
    custs1_task.o(.text) refers to custom_common.o(.text) for get_cfg_handle
    custs1_task.o(.text) refers to app_customs.o(.text) for custs_get_func_callbacks
    custs1_task.o(.constdata) refers to custs1_task.o(.text) for gattc_read_req_ind_handler
    custs1_task.o(.constdata) refers to custs1_task.o(.constdata) for custs1_default_state
    prf.o(.text) refers to custs1.o(.text) for custs1_prf_itf_get
    prf.o(.text) refers to diss.o(.text) for diss_prf_itf_get
    prf.o(.text) refers to prf.o(retention_mem_area0) for retention_mem_area0
    prf.o(.text) refers to prf.o(.text) for prf_itf_get
    prf.o(.text) refers to prf.o(retention_mem_area0) for retention_mem_area0
    app_default_handlers.o(.text) refers to app.o(.text) for app_easy_gap_undirected_advertise_start
    app_default_handlers.o(.text) refers to app_diss.o(.text) for app_dis_init
    app_default_handlers.o(.text) refers to app.o(.text) for prf_init_srv_perm
    app_default_handlers.o(.text) refers to arch_sleep.o(.text) for arch_set_sleep_mode
    app_default_handlers.o(.text) refers to user_peripheral.o(.text) for user_app_adv_start
    app_default_handlers.o(.text) refers to app.o(retention_mem_area0) for app_env
    app_default_handlers.o(.text) refers to user_peripheral.o(.text) for user_app_adv_start
    app_default_handlers.o(.text) refers to hw_otpc_58x.o(.text) for hw_otpc_manual_read_on
    app_default_handlers.o(.text) refers to hash.o(.text) for hash
    app_default_handlers.o(.constdata) refers to user_peripheral.o(.text) for user_app_adv_start
    app.o(.text) refers to app.o(.constdata) for .constdata
    app.o(.text) refers to app.o(retention_mem_area0) for retention_mem_area0
    app.o(.text) refers to user_custs_config.o(.constdata) for cust_prf_funcs
    app.o(.text) refers to app.o(.text) for append_device_name
    app.o(.text) refers to app.o(retention_mem_area0) for retention_mem_area0
    app.o(.text) refers to app.o(retention_mem_area0) for retention_mem_area0
    app.o(.text) refers to app.o(.constdata) for .constdata
    app.o(.text) refers to app.o(retention_mem_area0) for retention_mem_area0
    app.o(.text) refers to app.o(.text) for app_easy_gap_advertise_stop
    app.o(.text) refers to app.o(retention_mem_area0) for retention_mem_area0
    app.o(.text) refers to app.o(retention_mem_area0) for retention_mem_area0
    app.o(.text) refers to app.o(retention_mem_area0) for retention_mem_area0
    app.o(.text) refers to app.o(retention_mem_area0) for retention_mem_area0
    app.o(.text) refers to app.o(.text) for app_easy_gap_directed_advertise_start_create_msg
    app.o(.text) refers to app.o(.text) for app_easy_gap_directed_advertise_start_create_msg
    app.o(.text) refers to app.o(retention_mem_area0) for retention_mem_area0
    app.o(.text) refers to app.o(.text) for app_easy_gap_non_connectable_advertise_start_create_msg
    app.o(.text) refers to app.o(.text) for app_easy_gap_non_connectable_advertise_start_create_msg
    app.o(.text) refers to app.o(retention_mem_area0) for retention_mem_area0
    app.o(.text) refers to app_easy_timer.o(.text) for app_easy_timer_cancel
    app.o(.text) refers to app.o(.text) for app_easy_gap_undirected_advertise_start
    app.o(.text) refers to app.o(retention_mem_area0) for retention_mem_area0
    app.o(.text) refers to app.o(.text) for app_easy_gap_advertise_stop_handler
    app.o(.text) refers to app_easy_timer.o(.text) for app_easy_timer_cancel
    app.o(.text) refers to app.o(retention_mem_area0) for retention_mem_area0
    app.o(.text) refers to app.o(.text) for app_easy_gap_param_update_msg_create
    app.o(.text) refers to app.o(.text) for app_easy_gap_start_connection_to_msg_create
    app.o(.text) refers to app.o(.text) for app_easy_gap_start_connection_to_msg_create
    app.o(.text) refers to app.o(.text) for app_easy_gap_start_connection_to_msg_create
    app.o(.text) refers to app.o(retention_mem_area0) for retention_mem_area0
    app.o(.text) refers to app.o(.text) for app_easy_gap_dev_config_create_msg
    app.o(.text) refers to app.o(retention_mem_area0) for retention_mem_area0
    app.o(.constdata) refers to app_diss.o(.text) for app_diss_create_db
    app.o(.constdata) refers to app_task.o(.constdata) for app_default_handler
    app.o(.constdata) refers to app_task.o(retention_mem_area0) for app_state
    app_task.o(.text) refers to app.o(.text) for app_easy_gap_dev_configure
    app_task.o(.text) refers to app_default_handlers.o(.text) for default_app_on_set_dev_config_complete
    app_task.o(.text) refers to user_peripheral.o(.text) for user_app_adv_undirect_complete
    app_task.o(.text) refers to app_entry_point.o(.text) for app_std_process_event
    app_task.o(.text) refers to app.o(retention_mem_area0) for app_env
    app_task.o(.text) refers to app_task.o(.constdata) for .constdata
    app_task.o(.constdata) refers to user_peripheral.o(.text) for user_app_connection
    app_task.o(.constdata) refers to app_default_handlers.o(.text) for default_app_on_set_dev_config_complete
    app_task.o(.constdata) refers to app_default_handlers.o(.text) for default_app_generate_static_random_addr
    app_task.o(.constdata) refers to app_task.o(.text) for gapm_device_ready_ind_handler
    app_task.o(.constdata) refers to app_entry_point.o(.text) for app_entry_point_handler
    app_task.o(.constdata) refers to app_task.o(.constdata) for app_default_state
    app_diss.o(.text) refers to app.o(.text) for get_user_prf_srv_perm
    app_diss_task.o(.text) refers to app_entry_point.o(.text) for app_std_process_event
    app_diss_task.o(.text) refers to app_diss_task.o(.constdata) for .constdata
    app_diss_task.o(.constdata) refers to app_diss_task.o(.text) for diss_value_req_ind_handler
    app_entry_point.o(.text) refers to user_peripheral.o(.text) for user_catch_rest_hndl
    app_entry_point.o(.text) refers to app_entry_point.o(.constdata) for .constdata
    app_entry_point.o(.constdata) refers to app_task.o(.text) for app_gap_process_handler
    app_entry_point.o(.constdata) refers to app_easy_timer.o(.text) for app_timer_api_process_handler
    app_entry_point.o(.constdata) refers to app_diss_task.o(.text) for app_diss_process_handler
    app_entry_point.o(.constdata) refers to app_customs_task.o(.text) for app_custs1_process_handler
    app_msg_utils.o(.text) refers to app_msg_utils.o(.text) for app_check_BLE_active
    app_msg_utils.o(.text) refers to arch_sleep.o(.text) for arch_ble_force_wakeup
    app_easy_msg_utils.o(.text) refers to app_easy_msg_utils.o(.text) for app_easy_msg_find_idx
    app_easy_msg_utils.o(.text) refers to app_easy_msg_utils.o(retention_mem_area0) for retention_mem_area0
    app_easy_msg_utils.o(.text) refers to app_easy_msg_utils.o(retention_mem_area0) for retention_mem_area0
    app_easy_msg_utils.o(.text) refers to app_easy_msg_utils.o(.text) for app_easy_msg_find_idx
    app_easy_msg_utils.o(.text) refers to app_easy_msg_utils.o(retention_mem_area0) for retention_mem_area0
    app_easy_msg_utils.o(.text) refers to app_easy_msg_utils.o(.text) for app_easy_msg_modify
    app_easy_msg_utils.o(.text) refers to app_easy_msg_utils.o(.text) for app_easy_msg_set
    app_easy_msg_utils.o(.text) refers to app_easy_msg_utils.o(retention_mem_area0) for retention_mem_area0
    app_easy_msg_utils.o(.text) refers to app_easy_msg_utils.o(.text) for app_easy_msg_free_callback
    app_easy_msg_utils.o(.text) refers to app_easy_msg_utils.o(retention_mem_area0) for retention_mem_area0
    app_easy_msg_utils.o(.text) refers to app_easy_msg_utils.o(retention_mem_area0) for retention_mem_area0
    app_easy_msg_utils.o(.text) refers to app_easy_msg_utils.o(.text) for app_easy_msg_find_idx
    app_easy_msg_utils.o(.text) refers to app_easy_msg_utils.o(retention_mem_area0) for retention_mem_area0
    app_easy_timer.o(.text) refers to app_msg_utils.o(.text) for app_check_BLE_active
    app_easy_timer.o(.text) refers to arch_sleep.o(.text) for arch_ble_force_wakeup
    app_easy_timer.o(.text) refers to app_easy_timer.o(.text) for timer_modified_handler
    app_easy_timer.o(.text) refers to app_easy_timer.o(retention_mem_area0) for retention_mem_area0
    app_easy_timer.o(.text) refers to app_easy_timer.o(.text) for timer_canceled_handler
    app_easy_timer.o(.text) refers to app_easy_timer.o(retention_mem_area0) for retention_mem_area0
    app_easy_timer.o(.text) refers to app_easy_timer.o(.text) for timer_modified_handler
    app_easy_timer.o(.text) refers to app_easy_timer.o(.text) for app_easy_timer_cancel
    app_easy_timer.o(.text) refers to app_easy_timer.o(retention_mem_area0) for retention_mem_area0
    app_easy_timer.o(.text) refers to app_easy_timer.o(.text) for timer_canceled_handler
    app_customs.o(.text) refers to app.o(.text) for get_user_prf_srv_perm
    app_customs.o(.text) refers to user_custs_config.o(.constdata) for cust_prf_funcs
    app_customs_task.o(.text) refers to app_entry_point.o(.text) for app_std_process_event
    user_custs_config.o(.constdata) refers to user_custs1_def.o(.constdata) for custs1_att_db
    user_custs_config.o(.constdata) refers to app_customs.o(.text) for app_custs1_create_db
    user_custs1_def.o(.constdata) refers to user_custs1_def.o(.constdata) for att_decl_svc
    user_custs1_def.o(.constdata) refers to user_custs1_def.o(.constdata) for custs1_svc1
    user_custs1_def.o(.constdata) refers to user_custs1_def.o(.constdata) for att_decl_char
    user_custs1_def.o(.constdata) refers to user_custs1_def.o(.constdata) for u8aDICE_TRANSMIT_MESSAGE_UUID_128
    user_custs1_def.o(.constdata) refers to user_custs1_def.o(.constdata) for att_desc_cfg
    user_periph_setup.o(.text) refers to gpio.o(.text) for GPIO_ConfigurePin
    user_periph_setup.o(.text) refers to patch.o(.text) for patch_func
    user_periph_setup.o(.text) refers to dice_led_driver.o(.text) for led_periph_init
    user_periph_setup.o(.text) refers to gpio.o(retention_mem_area0) for GPIO
    user_custs1_impl.o(.text) refers to app.o(retention_mem_area0) for app_env
    user_peripheral.o(.text) refers to app.o(.text) for app_easy_gap_update_adv_data
    user_peripheral.o(.text) refers to app_easy_timer.o(.text) for app_easy_timer
    user_peripheral.o(.text) refers to app_default_handlers.o(.text) for default_app_on_init
    user_peripheral.o(.text) refers to user_custs1_impl.o(.text) for user_svc1_rest_att_info_req_handler
    user_peripheral.o(.text) refers to dice_communication.o(.text) for dice_chance_recieve_handler
    user_peripheral.o(.text) refers to printfa.o(i.__0snprintf) for __2snprintf
    user_peripheral.o(.text) refers to user_peripheral.o(retention_mem_area0) for retention_mem_area0
    user_peripheral.o(.text) refers to app.o(retention_mem_area0) for app_env
    dice_communication.o(.text) refers to dice_neural_network.o(.text) for network_init
    dice_communication.o(.text) refers to f2d.o(.text) for __aeabi_f2d
    dice_communication.o(.text) refers to printfa.o(i.__0snprintf) for __2snprintf
    dice_communication.o(.text) refers to dice_communication.o(retention_mem_area0) for retention_mem_area0
    dice_communication.o(.text) refers to dice_communication.o(.constdata) for .constdata
    dice_led_driver.o(.text) refers to gpio.o(.text) for GPIO_ConfigurePin
    dice_led_driver.o(.text) refers to dice_led_driver.o(retention_mem_area0) for retention_mem_area0
    dice_led_driver.o(.text) refers to dice_led_driver.o(.constdata) for .constdata
    dice_led_driver.o(.text) refers to gpio.o(retention_mem_area0) for GPIO_status
    dice_led_callback.o(.text) refers to systick.o(.text) for systick_stop
    dice_led_callback.o(.text) refers to dice_led_driver.o(.text) for led_get_side
    dice_led_callback.o(.text) refers to dice_led_callback.o(retention_mem_area0) for retention_mem_area0
    dice_neural_network.o(.text) refers to fmul.o(.text) for __aeabi_fmul
    dice_neural_network.o(.text) refers to fadd.o(.text) for __aeabi_fadd
    dice_neural_network.o(.text) refers to dice_neural_network.o(.constdata) for .constdata
    dice_neural_network.o(.text) refers to dice_neural_network.o(retention_mem_area0) for retention_mem_area0
    dice_sensor_driver.o(.text) refers to i2c.o(.text) for i2c_master_transmit_buffer_sync
    dice_sensor_driver.o(.text) refers to gpio.o(.text) for GPIO_SetActive
    dice_sensor_driver.o(.text) refers to dice_sensor_driver.o(retention_mem_area0) for retention_mem_area0
    dice_sensor_api.o(.text) refers to dice_sensor_driver.o(.text) for dice_sensor_write_bits
    dice_sensor_api.o(.text) refers to gpio.o(.text) for GPIO_EnableIRQ
    dice_sensor_api.o(.text) refers to gpio.o(.text) for GPIO_SetIRQInputLevel
    dice_sensor_api.o(.text) refers to gpio.o(.text) for GPIO_RegisterCallback
    dice_sensor_api.o(.text) refers to systick.o(.text) for systick_start
    dice_sensor_api.o(.text) refers to ffltui.o(.text) for __aeabi_ui2f
    dice_flash_driver.o(.text) refers to fadd.o(.text) for __aeabi_fadd
    dice_flash_driver.o(.text) refers to uart_utils.o(.text) for printf_byte
    dice_flash_driver.o(.text) refers to spi_flash.o(.text) for spi_flash_is_page_empty
    dice_flash_driver.o(.text) refers to spi_flash.o(.text) for spi_flash_page_erase
    dice_flash_driver.o(.text) refers to gpio.o(.text) for GPIO_ConfigurePin
    dice_flash_driver.o(.text) refers to spi_flash.o(.text) for spi_flash_configure_env
    dice_flash_driver.o(.text) refers to spi_58x.o(.text) for spi_initialize
    dice_flash_driver.o(.text) refers to dice_flash_driver.o(retention_mem_area0) for retention_mem_area0
    dice_flash_driver.o(.text) refers to gpio.o(retention_mem_area0) for GPIO
    dice_flash_driver.o(.text) refers to dice_flash_driver.o(.constdata) for .constdata
    patch.o(.text) refers to patch.o(.constdata) for .constdata
    patch.o(.constdata) refers to patch.o(.text) for PATCHED_llcp_length_req_handler
    patch.o(.constdata) refers to smpc_util.o(.text) for PATCHED_smpc_dhkey_calc_start
    rf_calibration.o(.text) refers to pll_vcocal_lut.o(.text) for set_rf_cal_cap
    rf_calibration.o(.text) refers to pll_vcocal_lut.o(.constdata) for LUT_CFG
    rf_calibration.o(.text) refers to pll_vcocal_lut.o(.text) for set_rf_cal_cap
    rf_calibration.o(.text) refers to pll_vcocal_lut.o(.constdata) for LUT_CFG
    rf_calibration.o(.text) refers to rf_calibration.o(.text) for DCoffsetCalibration_580
    rf_calibration.o(.text) refers to rf_calibration.o(.text) for modulationGainCalibration_580
    pll_vcocal_lut.o(.text) refers to pll_vcocal_lut.o(.text) for MedianOfFive
    pll_vcocal_lut.o(.text) refers to pll_vcocal_lut.o(.constdata) for .constdata
    pll_vcocal_lut.o(.text) refers to pll_vcocal_lut.o(.text) for GPADC_init
    pll_vcocal_lut.o(.text) refers to pll_vcocal_lut.o(.constdata) for .constdata
    pll_vcocal_lut.o(.text) refers to pll_vcocal_lut.o(.text) for check_pll_lock
    pll_vcocal_lut.o(.text) refers to pll_vcocal_lut.o(retention_mem_area0) for retention_mem_area0
    pll_vcocal_lut.o(.text) refers to pll_vcocal_lut.o(.text) for check_pll_lock
    pll_vcocal_lut.o(.text) refers to pll_vcocal_lut.o(retention_mem_area0) for retention_mem_area0
    pll_vcocal_lut.o(.text) refers to pll_vcocal_lut.o(retention_mem_area0) for retention_mem_area0
    pll_vcocal_lut.o(.text) refers to pll_vcocal_lut.o(.text) for write_one_SW_LUT_entry
    pll_vcocal_lut.o(.text) refers to pll_vcocal_lut.o(.text) for write_HW_LUT
    pll_vcocal_lut.o(.text) refers to pll_vcocal_lut.o(.constdata) for .constdata
    pll_vcocal_lut.o(.text) refers to pll_vcocal_lut.o(retention_mem_area0) for retention_mem_area0
    pll_vcocal_lut.o(.text) refers to pll_vcocal_lut.o(.text) for clear_HW_LUT
    pll_vcocal_lut.o(.text) refers to pll_vcocal_lut.o(.constdata) for .constdata
    pll_vcocal_lut.o(.text) refers to arch_system.o(retention_mem_area0) for last_temp_count
    pll_vcocal_lut.o(.text) refers to pll_vcocal_lut.o(.text) for update_calcap_min_channel
    pll_vcocal_lut.o(.text) refers to pll_vcocal_lut.o(.text) for update_calcap_max_channel
    pll_vcocal_lut.o(.text) refers to pll_vcocal_lut.o(.constdata) for .constdata
    pll_vcocal_lut.o(.text) refers to pll_vcocal_lut.o(retention_mem_area0) for retention_mem_area0
    pll_vcocal_lut.o(.text) refers to pll_vcocal_lut.o(.text) for meas_precharge_freq
    pll_vcocal_lut.o(.text) refers to pll_vcocal_lut.o(.constdata) for .constdata
    pll_vcocal_lut.o(.text) refers to pll_vcocal_lut.o(retention_mem_area0) for retention_mem_area0
    pll_vcocal_lut.o(.text) refers to pll_vcocal_lut.o(.text) for save_configure_restore
    pll_vcocal_lut.o(.text) refers to pll_vcocal_lut.o(.text) for find_initial_calcap_ranges
    pll_vcocal_lut.o(.text) refers to pll_vcocal_lut.o(.text) for update_calcap_ranges
    pll_vcocal_lut.o(.text) refers to pll_vcocal_lut.o(.text) for update_LUT
    pll_vcocal_lut.o(.text) refers to pll_vcocal_lut.o(retention_mem_area0) for retention_mem_area0
    entry.o(.ARM.Collect$$$$00000000) refers (Special) to entry10a.o(.ARM.Collect$$$$0000000D) for __rt_final_cpp
    entry.o(.ARM.Collect$$$$00000000) refers (Special) to entry11a.o(.ARM.Collect$$$$0000000F) for __rt_final_exit
    entry.o(.ARM.Collect$$$$00000000) refers (Special) to entry7b.o(.ARM.Collect$$$$00000008) for _main_clock
    entry.o(.ARM.Collect$$$$00000000) refers (Special) to entry8b.o(.ARM.Collect$$$$0000000A) for _main_cpp_init
    entry.o(.ARM.Collect$$$$00000000) refers (Special) to entry9a.o(.ARM.Collect$$$$0000000B) for _main_init
    entry.o(.ARM.Collect$$$$00000000) refers (Special) to entry5.o(.ARM.Collect$$$$00000004) for _main_scatterload
    entry.o(.ARM.Collect$$$$00000000) refers (Special) to entry2.o(.ARM.Collect$$$$00000001) for _main_stk
    printfb.o(i.__0fprintf$bare) refers to printfb.o(i._printf_core) for _printf_core
    printfb.o(i.__0fprintf$bare) refers to fputc.o(i.fputc) for fputc
    printfb.o(i.__0printf$bare) refers to printfb.o(i._printf_core) for _printf_core
    printfb.o(i.__0printf$bare) refers to fputc.o(i.fputc) for fputc
    printfb.o(i.__0printf$bare) refers to stdout.o(.data) for __stdout
    printfb.o(i.__0snprintf$bare) refers to printfb.o(i._printf_core) for _printf_core
    printfb.o(i.__0snprintf$bare) refers to printfb.o(i._snputc) for _snputc
    printfb.o(i.__0sprintf$bare) refers to printfb.o(i._printf_core) for _printf_core
    printfb.o(i.__0sprintf$bare) refers to printfb.o(i._sputc) for _sputc
    printfb.o(i.__0vfprintf$bare) refers to printfb.o(i._printf_core) for _printf_core
    printfb.o(i.__0vfprintf$bare) refers to fputc.o(i.fputc) for fputc
    printfb.o(i.__0vprintf$bare) refers to printfb.o(i._printf_core) for _printf_core
    printfb.o(i.__0vprintf$bare) refers to fputc.o(i.fputc) for fputc
    printfb.o(i.__0vprintf$bare) refers to stdout.o(.data) for __stdout
    printfb.o(i.__0vsnprintf$bare) refers to printfb.o(i._printf_core) for _printf_core
    printfb.o(i.__0vsnprintf$bare) refers to printfb.o(i._snputc) for _snputc
    printfb.o(i.__0vsprintf$bare) refers to printfb.o(i._printf_core) for _printf_core
    printfb.o(i.__0vsprintf$bare) refers to printfb.o(i._sputc) for _sputc
    printf0.o(i.__0fprintf$0) refers to printf0.o(i._printf_core) for _printf_core
    printf0.o(i.__0fprintf$0) refers to fputc.o(i.fputc) for fputc
    printf0.o(i.__0printf$0) refers to printf0.o(i._printf_core) for _printf_core
    printf0.o(i.__0printf$0) refers to fputc.o(i.fputc) for fputc
    printf0.o(i.__0printf$0) refers to stdout.o(.data) for __stdout
    printf0.o(i.__0snprintf$0) refers to printf0.o(i._printf_core) for _printf_core
    printf0.o(i.__0snprintf$0) refers to printf0.o(i._snputc) for _snputc
    printf0.o(i.__0sprintf$0) refers to printf0.o(i._printf_core) for _printf_core
    printf0.o(i.__0sprintf$0) refers to printf0.o(i._sputc) for _sputc
    printf0.o(i.__0vfprintf$0) refers to printf0.o(i._printf_core) for _printf_core
    printf0.o(i.__0vfprintf$0) refers to fputc.o(i.fputc) for fputc
    printf0.o(i.__0vprintf$0) refers to printf0.o(i._printf_core) for _printf_core
    printf0.o(i.__0vprintf$0) refers to fputc.o(i.fputc) for fputc
    printf0.o(i.__0vprintf$0) refers to stdout.o(.data) for __stdout
    printf0.o(i.__0vsnprintf$0) refers to printf0.o(i._printf_core) for _printf_core
    printf0.o(i.__0vsnprintf$0) refers to printf0.o(i._snputc) for _snputc
    printf0.o(i.__0vsprintf$0) refers to printf0.o(i._printf_core) for _printf_core
    printf0.o(i.__0vsprintf$0) refers to printf0.o(i._sputc) for _sputc
    printf1.o(i.__0fprintf$1) refers to printf1.o(i._printf_core) for _printf_core
    printf1.o(i.__0fprintf$1) refers to fputc.o(i.fputc) for fputc
    printf1.o(i.__0printf$1) refers to printf1.o(i._printf_core) for _printf_core
    printf1.o(i.__0printf$1) refers to fputc.o(i.fputc) for fputc
    printf1.o(i.__0printf$1) refers to stdout.o(.data) for __stdout
    printf1.o(i.__0snprintf$1) refers to printf1.o(i._printf_core) for _printf_core
    printf1.o(i.__0snprintf$1) refers to printf1.o(i._snputc) for _snputc
    printf1.o(i.__0sprintf$1) refers to printf1.o(i._printf_core) for _printf_core
    printf1.o(i.__0sprintf$1) refers to printf1.o(i._sputc) for _sputc
    printf1.o(i.__0vfprintf$1) refers to printf1.o(i._printf_core) for _printf_core
    printf1.o(i.__0vfprintf$1) refers to fputc.o(i.fputc) for fputc
    printf1.o(i.__0vprintf$1) refers to printf1.o(i._printf_core) for _printf_core
    printf1.o(i.__0vprintf$1) refers to fputc.o(i.fputc) for fputc
    printf1.o(i.__0vprintf$1) refers to stdout.o(.data) for __stdout
    printf1.o(i.__0vsnprintf$1) refers to printf1.o(i._printf_core) for _printf_core
    printf1.o(i.__0vsnprintf$1) refers to printf1.o(i._snputc) for _snputc
    printf1.o(i.__0vsprintf$1) refers to printf1.o(i._printf_core) for _printf_core
    printf1.o(i.__0vsprintf$1) refers to printf1.o(i._sputc) for _sputc
    printf2.o(i.__0fprintf$2) refers to printf2.o(i._printf_core) for _printf_core
    printf2.o(i.__0fprintf$2) refers to fputc.o(i.fputc) for fputc
    printf2.o(i.__0printf$2) refers to printf2.o(i._printf_core) for _printf_core
    printf2.o(i.__0printf$2) refers to fputc.o(i.fputc) for fputc
    printf2.o(i.__0printf$2) refers to stdout.o(.data) for __stdout
    printf2.o(i.__0snprintf$2) refers to printf2.o(i._printf_core) for _printf_core
    printf2.o(i.__0snprintf$2) refers to printf2.o(i._snputc) for _snputc
    printf2.o(i.__0sprintf$2) refers to printf2.o(i._printf_core) for _printf_core
    printf2.o(i.__0sprintf$2) refers to printf2.o(i._sputc) for _sputc
    printf2.o(i.__0vfprintf$2) refers to printf2.o(i._printf_core) for _printf_core
    printf2.o(i.__0vfprintf$2) refers to fputc.o(i.fputc) for fputc
    printf2.o(i.__0vprintf$2) refers to printf2.o(i._printf_core) for _printf_core
    printf2.o(i.__0vprintf$2) refers to fputc.o(i.fputc) for fputc
    printf2.o(i.__0vprintf$2) refers to stdout.o(.data) for __stdout
    printf2.o(i.__0vsnprintf$2) refers to printf2.o(i._printf_core) for _printf_core
    printf2.o(i.__0vsnprintf$2) refers to printf2.o(i._snputc) for _snputc
    printf2.o(i.__0vsprintf$2) refers to printf2.o(i._printf_core) for _printf_core
    printf2.o(i.__0vsprintf$2) refers to printf2.o(i._sputc) for _sputc
    printf3.o(i.__0fprintf$3) refers to printf3.o(i._printf_core) for _printf_core
    printf3.o(i.__0fprintf$3) refers to fputc.o(i.fputc) for fputc
    printf3.o(i.__0printf$3) refers to printf3.o(i._printf_core) for _printf_core
    printf3.o(i.__0printf$3) refers to fputc.o(i.fputc) for fputc
    printf3.o(i.__0printf$3) refers to stdout.o(.data) for __stdout
    printf3.o(i.__0snprintf$3) refers to printf3.o(i._printf_core) for _printf_core
    printf3.o(i.__0snprintf$3) refers to printf3.o(i._snputc) for _snputc
    printf3.o(i.__0sprintf$3) refers to printf3.o(i._printf_core) for _printf_core
    printf3.o(i.__0sprintf$3) refers to printf3.o(i._sputc) for _sputc
    printf3.o(i.__0vfprintf$3) refers to printf3.o(i._printf_core) for _printf_core
    printf3.o(i.__0vfprintf$3) refers to fputc.o(i.fputc) for fputc
    printf3.o(i.__0vprintf$3) refers to printf3.o(i._printf_core) for _printf_core
    printf3.o(i.__0vprintf$3) refers to fputc.o(i.fputc) for fputc
    printf3.o(i.__0vprintf$3) refers to stdout.o(.data) for __stdout
    printf3.o(i.__0vsnprintf$3) refers to printf3.o(i._printf_core) for _printf_core
    printf3.o(i.__0vsnprintf$3) refers to printf3.o(i._snputc) for _snputc
    printf3.o(i.__0vsprintf$3) refers to printf3.o(i._printf_core) for _printf_core
    printf3.o(i.__0vsprintf$3) refers to printf3.o(i._sputc) for _sputc
    printf4.o(i.__0fprintf$4) refers to printf4.o(i._printf_core) for _printf_core
    printf4.o(i.__0fprintf$4) refers to fputc.o(i.fputc) for fputc
    printf4.o(i.__0printf$4) refers to printf4.o(i._printf_core) for _printf_core
    printf4.o(i.__0printf$4) refers to fputc.o(i.fputc) for fputc
    printf4.o(i.__0printf$4) refers to stdout.o(.data) for __stdout
    printf4.o(i.__0snprintf$4) refers to printf4.o(i._printf_core) for _printf_core
    printf4.o(i.__0snprintf$4) refers to printf4.o(i._snputc) for _snputc
    printf4.o(i.__0sprintf$4) refers to printf4.o(i._printf_core) for _printf_core
    printf4.o(i.__0sprintf$4) refers to printf4.o(i._sputc) for _sputc
    printf4.o(i.__0vfprintf$4) refers to printf4.o(i._printf_core) for _printf_core
    printf4.o(i.__0vfprintf$4) refers to fputc.o(i.fputc) for fputc
    printf4.o(i.__0vprintf$4) refers to printf4.o(i._printf_core) for _printf_core
    printf4.o(i.__0vprintf$4) refers to fputc.o(i.fputc) for fputc
    printf4.o(i.__0vprintf$4) refers to stdout.o(.data) for __stdout
    printf4.o(i.__0vsnprintf$4) refers to printf4.o(i._printf_core) for _printf_core
    printf4.o(i.__0vsnprintf$4) refers to printf4.o(i._snputc) for _snputc
    printf4.o(i.__0vsprintf$4) refers to printf4.o(i._printf_core) for _printf_core
    printf4.o(i.__0vsprintf$4) refers to printf4.o(i._sputc) for _sputc
    printf4.o(i._printf_core) refers to uldiv.o(.text) for __aeabi_uldivmod
    printf5.o(i.__0fprintf$5) refers to printf5.o(i._printf_core) for _printf_core
    printf5.o(i.__0fprintf$5) refers to fputc.o(i.fputc) for fputc
    printf5.o(i.__0printf$5) refers to printf5.o(i._printf_core) for _printf_core
    printf5.o(i.__0printf$5) refers to fputc.o(i.fputc) for fputc
    printf5.o(i.__0printf$5) refers to stdout.o(.data) for __stdout
    printf5.o(i.__0snprintf$5) refers to printf5.o(i._printf_core) for _printf_core
    printf5.o(i.__0snprintf$5) refers to printf5.o(i._snputc) for _snputc
    printf5.o(i.__0sprintf$5) refers to printf5.o(i._printf_core) for _printf_core
    printf5.o(i.__0sprintf$5) refers to printf5.o(i._sputc) for _sputc
    printf5.o(i.__0vfprintf$5) refers to printf5.o(i._printf_core) for _printf_core
    printf5.o(i.__0vfprintf$5) refers to fputc.o(i.fputc) for fputc
    printf5.o(i.__0vprintf$5) refers to printf5.o(i._printf_core) for _printf_core
    printf5.o(i.__0vprintf$5) refers to fputc.o(i.fputc) for fputc
    printf5.o(i.__0vprintf$5) refers to stdout.o(.data) for __stdout
    printf5.o(i.__0vsnprintf$5) refers to printf5.o(i._printf_core) for _printf_core
    printf5.o(i.__0vsnprintf$5) refers to printf5.o(i._snputc) for _snputc
    printf5.o(i.__0vsprintf$5) refers to printf5.o(i._printf_core) for _printf_core
    printf5.o(i.__0vsprintf$5) refers to printf5.o(i._sputc) for _sputc
    printf5.o(i._printf_core) refers to uldiv.o(.text) for __aeabi_uldivmod
    printf6.o(i.__0fprintf$6) refers to printf6.o(i._printf_core) for _printf_core
    printf6.o(i.__0fprintf$6) refers to fputc.o(i.fputc) for fputc
    printf6.o(i.__0printf$6) refers to printf6.o(i._printf_core) for _printf_core
    printf6.o(i.__0printf$6) refers to fputc.o(i.fputc) for fputc
    printf6.o(i.__0printf$6) refers to stdout.o(.data) for __stdout
    printf6.o(i.__0snprintf$6) refers to printf6.o(i._printf_core) for _printf_core
    printf6.o(i.__0snprintf$6) refers to printf6.o(i._snputc) for _snputc
    printf6.o(i.__0sprintf$6) refers to printf6.o(i._printf_core) for _printf_core
    printf6.o(i.__0sprintf$6) refers to printf6.o(i._sputc) for _sputc
    printf6.o(i.__0vfprintf$6) refers to printf6.o(i._printf_core) for _printf_core
    printf6.o(i.__0vfprintf$6) refers to fputc.o(i.fputc) for fputc
    printf6.o(i.__0vprintf$6) refers to printf6.o(i._printf_core) for _printf_core
    printf6.o(i.__0vprintf$6) refers to fputc.o(i.fputc) for fputc
    printf6.o(i.__0vprintf$6) refers to stdout.o(.data) for __stdout
    printf6.o(i.__0vsnprintf$6) refers to printf6.o(i._printf_core) for _printf_core
    printf6.o(i.__0vsnprintf$6) refers to printf6.o(i._snputc) for _snputc
    printf6.o(i.__0vsprintf$6) refers to printf6.o(i._printf_core) for _printf_core
    printf6.o(i.__0vsprintf$6) refers to printf6.o(i._sputc) for _sputc
    printf6.o(i._printf_core) refers to printf6.o(i._printf_pre_padding) for _printf_pre_padding
    printf6.o(i._printf_core) refers to printf6.o(i._printf_post_padding) for _printf_post_padding
    printf7.o(i.__0fprintf$7) refers to printf7.o(i._printf_core) for _printf_core
    printf7.o(i.__0fprintf$7) refers to fputc.o(i.fputc) for fputc
    printf7.o(i.__0printf$7) refers to printf7.o(i._printf_core) for _printf_core
    printf7.o(i.__0printf$7) refers to fputc.o(i.fputc) for fputc
    printf7.o(i.__0printf$7) refers to stdout.o(.data) for __stdout
    printf7.o(i.__0snprintf$7) refers to printf7.o(i._printf_core) for _printf_core
    printf7.o(i.__0snprintf$7) refers to printf7.o(i._snputc) for _snputc
    printf7.o(i.__0sprintf$7) refers to printf7.o(i._printf_core) for _printf_core
    printf7.o(i.__0sprintf$7) refers to printf7.o(i._sputc) for _sputc
    printf7.o(i.__0vfprintf$7) refers to printf7.o(i._printf_core) for _printf_core
    printf7.o(i.__0vfprintf$7) refers to fputc.o(i.fputc) for fputc
    printf7.o(i.__0vprintf$7) refers to printf7.o(i._printf_core) for _printf_core
    printf7.o(i.__0vprintf$7) refers to fputc.o(i.fputc) for fputc
    printf7.o(i.__0vprintf$7) refers to stdout.o(.data) for __stdout
    printf7.o(i.__0vsnprintf$7) refers to printf7.o(i._printf_core) for _printf_core
    printf7.o(i.__0vsnprintf$7) refers to printf7.o(i._snputc) for _snputc
    printf7.o(i.__0vsprintf$7) refers to printf7.o(i._printf_core) for _printf_core
    printf7.o(i.__0vsprintf$7) refers to printf7.o(i._sputc) for _sputc
    printf7.o(i._printf_core) refers to printf7.o(i._printf_pre_padding) for _printf_pre_padding
    printf7.o(i._printf_core) refers to printf7.o(i._printf_post_padding) for _printf_post_padding
    printf7.o(i._printf_core) refers to uldiv.o(.text) for __aeabi_uldivmod
    printf8.o(i.__0fprintf$8) refers to printf8.o(i._printf_core) for _printf_core
    printf8.o(i.__0fprintf$8) refers to fputc.o(i.fputc) for fputc
    printf8.o(i.__0printf$8) refers to printf8.o(i._printf_core) for _printf_core
    printf8.o(i.__0printf$8) refers to fputc.o(i.fputc) for fputc
    printf8.o(i.__0printf$8) refers to stdout.o(.data) for __stdout
    printf8.o(i.__0snprintf$8) refers to printf8.o(i._printf_core) for _printf_core
    printf8.o(i.__0snprintf$8) refers to printf8.o(i._snputc) for _snputc
    printf8.o(i.__0sprintf$8) refers to printf8.o(i._printf_core) for _printf_core
    printf8.o(i.__0sprintf$8) refers to printf8.o(i._sputc) for _sputc
    printf8.o(i.__0vfprintf$8) refers to printf8.o(i._printf_core) for _printf_core
    printf8.o(i.__0vfprintf$8) refers to fputc.o(i.fputc) for fputc
    printf8.o(i.__0vprintf$8) refers to printf8.o(i._printf_core) for _printf_core
    printf8.o(i.__0vprintf$8) refers to fputc.o(i.fputc) for fputc
    printf8.o(i.__0vprintf$8) refers to stdout.o(.data) for __stdout
    printf8.o(i.__0vsnprintf$8) refers to printf8.o(i._printf_core) for _printf_core
    printf8.o(i.__0vsnprintf$8) refers to printf8.o(i._snputc) for _snputc
    printf8.o(i.__0vsprintf$8) refers to printf8.o(i._printf_core) for _printf_core
    printf8.o(i.__0vsprintf$8) refers to printf8.o(i._sputc) for _sputc
    printf8.o(i._printf_core) refers to printf8.o(i._printf_pre_padding) for _printf_pre_padding
    printf8.o(i._printf_core) refers to printf8.o(i._printf_post_padding) for _printf_post_padding
    printf8.o(i._printf_core) refers to uldiv.o(.text) for __aeabi_uldivmod
    printfa.o(i.__0fprintf) refers (Special) to iusefp.o(.text) for __I$use$fp
    printfa.o(i.__0fprintf) refers to printfa.o(i._printf_core) for _printf_core
    printfa.o(i.__0fprintf) refers to fputc.o(i.fputc) for fputc
    printfa.o(i.__0printf) refers (Special) to iusefp.o(.text) for __I$use$fp
    printfa.o(i.__0printf) refers to printfa.o(i._printf_core) for _printf_core
    printfa.o(i.__0printf) refers to fputc.o(i.fputc) for fputc
    printfa.o(i.__0printf) refers to stdout.o(.data) for __stdout
    printfa.o(i.__0snprintf) refers (Special) to iusefp.o(.text) for __I$use$fp
    printfa.o(i.__0snprintf) refers to printfa.o(i._printf_core) for _printf_core
    printfa.o(i.__0snprintf) refers to printfa.o(i._snputc) for _snputc
    printfa.o(i.__0sprintf) refers (Special) to iusefp.o(.text) for __I$use$fp
    printfa.o(i.__0sprintf) refers to printfa.o(i._printf_core) for _printf_core
    printfa.o(i.__0sprintf) refers to printfa.o(i._sputc) for _sputc
    printfa.o(i.__0vfprintf) refers (Special) to iusefp.o(.text) for __I$use$fp
    printfa.o(i.__0vfprintf) refers to printfa.o(i._printf_core) for _printf_core
    printfa.o(i.__0vfprintf) refers to fputc.o(i.fputc) for fputc
    printfa.o(i.__0vprintf) refers (Special) to iusefp.o(.text) for __I$use$fp
    printfa.o(i.__0vprintf) refers to printfa.o(i._printf_core) for _printf_core
    printfa.o(i.__0vprintf) refers to fputc.o(i.fputc) for fputc
    printfa.o(i.__0vprintf) refers to stdout.o(.data) for __stdout
    printfa.o(i.__0vsnprintf) refers (Special) to iusefp.o(.text) for __I$use$fp
    printfa.o(i.__0vsnprintf) refers to printfa.o(i._printf_core) for _printf_core
    printfa.o(i.__0vsnprintf) refers to printfa.o(i._snputc) for _snputc
    printfa.o(i.__0vsprintf) refers (Special) to iusefp.o(.text) for __I$use$fp
    printfa.o(i.__0vsprintf) refers to printfa.o(i._printf_core) for _printf_core
    printfa.o(i.__0vsprintf) refers to printfa.o(i._sputc) for _sputc
    printfa.o(i._fp_digits) refers (Special) to iusefp.o(.text) for __I$use$fp
    printfa.o(i._fp_digits) refers to dmul.o(.text) for __aeabi_dmul
    printfa.o(i._fp_digits) refers to ddiv.o(.text) for __aeabi_ddiv
    printfa.o(i._fp_digits) refers to cdrcmple.o(.text) for __aeabi_cdrcmple
    printfa.o(i._fp_digits) refers to dadd.o(.text) for __aeabi_dadd
    printfa.o(i._fp_digits) refers to dfixul.o(.text) for __aeabi_d2ulz
    printfa.o(i._fp_digits) refers to uldiv.o(.text) for __aeabi_uldivmod
    printfa.o(i._printf_core) refers (Special) to iusefp.o(.text) for __I$use$fp
    printfa.o(i._printf_core) refers to printfa.o(i._printf_pre_padding) for _printf_pre_padding
    printfa.o(i._printf_core) refers to uldiv.o(.text) for __aeabi_uldivmod
    printfa.o(i._printf_core) refers to printfa.o(i._printf_post_padding) for _printf_post_padding
    printfa.o(i._printf_core) refers to printfa.o(i._fp_digits) for _fp_digits
    printfa.o(i._printf_post_padding) refers (Special) to iusefp.o(.text) for __I$use$fp
    printfa.o(i._printf_pre_padding) refers (Special) to iusefp.o(.text) for __I$use$fp
    printfa.o(i._snputc) refers (Special) to iusefp.o(.text) for __I$use$fp
    printfa.o(i._sputc) refers (Special) to iusefp.o(.text) for __I$use$fp
    fadd.o(.text) refers (Special) to iusefp.o(.text) for __I$use$fp
    fadd.o(.text) refers to fepilogue.o(.text) for _float_epilogue
    fmul.o(.text) refers (Special) to iusefp.o(.text) for __I$use$fp
    ffltui.o(.text) refers (Special) to iusefp.o(.text) for __I$use$fp
    ffltui.o(.text) refers to fepilogue.o(.text) for _float_epilogue
    f2d.o(.text) refers (Special) to iusefp.o(.text) for __I$use$fp
    entry2.o(.ARM.Collect$$$$00000001) refers to entry2.o(.ARM.Collect$$$$00002712) for __lit__00000000
    entry2.o(.ARM.Collect$$$$00002712) refers to startup_da14585_586.o(STACK) for __initial_sp
    entry2.o(__vectab_stack_and_reset_area) refers to startup_da14585_586.o(STACK) for __initial_sp
    entry2.o(__vectab_stack_and_reset_area) refers to entry.o(.ARM.Collect$$$$00000000) for __main
    entry5.o(.ARM.Collect$$$$00000004) refers to init.o(.text) for __scatterload
    entry9a.o(.ARM.Collect$$$$0000000B) refers to arch_main.o(.text) for main
    entry9b.o(.ARM.Collect$$$$0000000C) refers to arch_main.o(.text) for main
    fputc.o(i.fputc) refers (Special) to iusesemip.o(.text) for __I$use$semihosting$fputc
    fputc.o(i.fputc) refers (Special) to semi.o(.text) for __semihosting_library_function
    uldiv.o(.text) refers to llushr.o(.text) for __aeabi_llsr
    dadd.o(.text) refers to llsshr.o(.text) for __aeabi_lasr
    dadd.o(.text) refers to depilogue.o(.text) for _double_epilogue
    dmul.o(.text) refers to depilogue.o(.text) for _double_epilogue
    ddiv.o(.text) refers to depilogue.o(.text) for _double_round
    dfixul.o(.text) refers to llushr.o(.text) for __aeabi_llsr
    init.o(.text) refers to entry5.o(.ARM.Collect$$$$00000004) for __main_after_scatterload
    depilogue.o(.text) refers to depilogue.o(i.__ARM_clz) for __ARM_clz
    depilogue.o(.text) refers to llushr.o(.text) for __aeabi_llsr


==============================================================================

Removing Unused input sections from the image.

    Removing system_da14585_586.o(.text), (16 bytes).
    Removing system_da14585_586.o(.data), (4 bytes).
    Removing startup_da14585_586.o(HEAP), (256 bytes).
    Removing arch_main.o(.constdata), (28 bytes).
    Removing jump_table.o(.text), (2 bytes).
    Removing arch_sleep.o(.text), (160 bytes).
    Removing arch_sleep.o(.text), (32 bytes).
    Removing arch_sleep.o(.text), (80 bytes).
    Removing arch_sleep.o(.text), (36 bytes).
    Removing arch_sleep.o(.text), (12 bytes).
    Removing arch_sleep.o(.text), (12 bytes).
    Removing arch_sleep.o(.text), (12 bytes).
    Removing arch_system.o(.text), (2 bytes).
    Removing arch_system.o(.text), (2 bytes).
    Removing arch_system.o(.text), (28 bytes).
    Removing arch_system.o(.text), (36 bytes).
    Removing arch_system.o(.text), (2 bytes).
    Removing arch_system.o(.text), (28 bytes).
    Removing arch_system.o(.constdata), (28 bytes).
    Removing arch_system.o(retention_mem_area0), (8 bytes).
    Removing arch_system.o(retention_mem_area0), (8 bytes).
    Removing arch_system.o(retention_mem_area0), (8 bytes).
    Removing arch_system.o(retention_mem_area0), (8 bytes).
    Removing hash.o(.text), (76 bytes).
    Removing syscntl.o(.text), (24 bytes).
    Removing gpio.o(.text), (28 bytes).
    Removing gpio.o(.text), (88 bytes).
    Removing gpio.o(.text), (72 bytes).
    Removing gpio.o(.text), (32 bytes).
    Removing gpio.o(.text), (288 bytes).
    Removing gpio.o(.text), (144 bytes).
    Removing gpio.o(.text), (36 bytes).
    Removing gpio.o(.text), (24 bytes).
    Removing gpio.o(.text), (180 bytes).
    Removing gpio.o(.text), (12 bytes).
    Removing gpio.o(.text), (16 bytes).
    Removing gpio.o(.text), (16 bytes).
    Removing wkupct_quadec.o(.text), (68 bytes).
    Removing wkupct_quadec.o(.text), (56 bytes).
    Removing wkupct_quadec.o(.text), (156 bytes).
    Removing wkupct_quadec.o(.text), (28 bytes).
    Removing wkupct_quadec.o(.text), (12 bytes).
    Removing wkupct_quadec.o(.text), (12 bytes).
    Removing wkupct_quadec.o(.text), (40 bytes).
    Removing wkupct_quadec.o(.text), (32 bytes).
    Removing wkupct_quadec.o(.text), (32 bytes).
    Removing wkupct_quadec.o(.text), (56 bytes).
    Removing wkupct_quadec.o(.text), (24 bytes).
    Removing adc_58x.o(.text), (28 bytes).
    Removing adc_58x.o(.text), (56 bytes).
    Removing adc_58x.o(.text), (44 bytes).
    Removing adc_58x.o(.text), (28 bytes).
    Removing adc_58x.o(.text), (12 bytes).
    Removing adc_58x.o(.text), (172 bytes).
    Removing spi_58x.o(.text), (56 bytes).
    Removing spi_58x.o(.text), (24 bytes).
    Removing spi_58x.o(.text), (36 bytes).
    Removing spi_58x.o(.text), (40 bytes).
    Removing spi_58x.o(.text), (96 bytes).
    Removing spi_58x.o(.text), (108 bytes).
    Removing spi_58x.o(.text), (148 bytes).
    Removing spi_58x.o(.text), (28 bytes).
    Removing spi_flash.o(.text), (32 bytes).
    Removing spi_flash.o(.text), (12 bytes).
    Removing spi_flash.o(.text), (32 bytes).
    Removing spi_flash.o(.text), (76 bytes).
    Removing spi_flash.o(.text), (100 bytes).
    Removing spi_flash.o(.text), (20 bytes).
    Removing spi_flash.o(.text), (48 bytes).
    Removing spi_flash.o(.text), (10 bytes).
    Removing spi_flash.o(.text), (10 bytes).
    Removing spi_flash.o(.text), (46 bytes).
    Removing spi_flash.o(.text), (34 bytes).
    Removing spi_flash.o(.text), (26 bytes).
    Removing spi_flash.o(.text), (40 bytes).
    Removing spi_flash.o(.text), (22 bytes).
    Removing spi_flash.o(.text), (8 bytes).
    Removing spi_flash.o(.text), (36 bytes).
    Removing spi_flash.o(.text), (52 bytes).
    Removing spi_flash.o(.text), (70 bytes).
    Removing spi_flash.o(.text), (44 bytes).
    Removing spi_flash.o(.text), (44 bytes).
    Removing spi_flash.o(.text), (44 bytes).
    Removing spi_flash.o(.text), (42 bytes).
    Removing spi_flash.o(.text), (36 bytes).
    Removing spi_flash.o(.text), (24 bytes).
    Removing spi_flash.o(.text), (22 bytes).
    Removing spi_flash.o(.text), (92 bytes).
    Removing spi_flash.o(.text), (82 bytes).
    Removing spi_flash.o(.text), (108 bytes).
    Removing spi_flash.o(.text), (108 bytes).
    Removing spi_flash.o(.text), (88 bytes).
    Removing spi_flash.o(.text), (100 bytes).
    Removing spi_flash.o(.text), (22 bytes).
    Removing spi_flash.o(.text), (100 bytes).
    Removing spi_flash.o(.text), (84 bytes).
    Removing spi_flash.o(.text), (70 bytes).
    Removing spi_flash.o(.text), (36 bytes).
    Removing spi_flash.o(.text), (40 bytes).
    Removing spi_flash.o(.bss), (12 bytes).
    Removing i2c.o(.text), (36 bytes).
    Removing i2c.o(.text), (20 bytes).
    Removing i2c.o(.text), (18 bytes).
    Removing i2c.o(.text), (36 bytes).
    Removing i2c.o(.text), (132 bytes).
    Removing i2c.o(.text), (60 bytes).
    Removing i2c.o(.text), (36 bytes).
    Removing i2c.o(.text), (112 bytes).
    Removing i2c.o(.text), (48 bytes).
    Removing i2c.o(.text), (40 bytes).
    Removing i2c.o(.text), (92 bytes).
    Removing i2c.o(.text), (92 bytes).
    Removing i2c.o(.text), (40 bytes).
    Removing i2c.o(.text), (144 bytes).
    Removing i2c.o(.text), (48 bytes).
    Removing i2c_eeprom.o(.text), (28 bytes).
    Removing i2c_eeprom.o(.text), (24 bytes).
    Removing i2c_eeprom.o(.text), (16 bytes).
    Removing i2c_eeprom.o(.text), (8 bytes).
    Removing i2c_eeprom.o(.text), (20 bytes).
    Removing i2c_eeprom.o(.text), (72 bytes).
    Removing i2c_eeprom.o(.text), (96 bytes).
    Removing i2c_eeprom.o(.text), (96 bytes).
    Removing i2c_eeprom.o(.text), (136 bytes).
    Removing i2c_eeprom.o(.text), (84 bytes).
    Removing i2c_eeprom.o(.text), (80 bytes).
    Removing i2c_eeprom.o(.text), (152 bytes).
    Removing i2c_eeprom.o(.text), (84 bytes).
    Removing i2c_eeprom.o(retention_mem_area0), (24 bytes).
    Removing hw_otpc_58x.o(.text), (60 bytes).
    Removing hw_otpc_58x.o(.text), (28 bytes).
    Removing hw_otpc_58x.o(.text), (92 bytes).
    Removing hw_otpc_58x.o(.text), (116 bytes).
    Removing hw_otpc_58x.o(.text), (196 bytes).
    Removing hw_otpc_58x.o(.text), (36 bytes).
    Removing hw_otpc_58x.o(.text), (208 bytes).
    Removing hw_otpc_58x.o(.text), (112 bytes).
    Removing hw_otpc_58x.o(.text), (100 bytes).
    Removing hw_otpc_58x.o(.text), (140 bytes).
    Removing hw_otpc_58x.o(.text), (152 bytes).
    Removing hw_otpc_58x.o(.text), (68 bytes).
    Removing hw_otpc_58x.o(.text), (44 bytes).
    Removing hw_otpc_58x.o(.text), (44 bytes).
    Removing hw_otpc_58x.o(.text), (10 bytes).
    Removing hw_otpc_58x.o(.text), (10 bytes).
    Removing hw_otpc_58x.o(.text), (10 bytes).
    Removing hw_otpc_58x.o(.text), (16 bytes).
    Removing hw_otpc_58x.o(.text), (116 bytes).
    Removing hw_otpc_58x.o(.constdata), (20 bytes).
    Removing uart.o(.text), (68 bytes).
    Removing uart.o(.text), (52 bytes).
    Removing uart.o(.text), (56 bytes).
    Removing uart.o(.text), (50 bytes).
    Removing uart.o(.text), (32 bytes).
    Removing uart.o(.text), (32 bytes).
    Removing uart.o(.text), (32 bytes).
    Removing uart.o(.text), (172 bytes).
    Removing uart.o(.text), (14 bytes).
    Removing uart.o(.text), (30 bytes).
    Removing uart.o(.text), (120 bytes).
    Removing uart.o(.text), (12 bytes).
    Removing uart.o(.text), (14 bytes).
    Removing uart.o(.text), (28 bytes).
    Removing uart.o(.text), (120 bytes).
    Removing uart.o(.text), (22 bytes).
    Removing uart.o(.text), (94 bytes).
    Removing uart.o(.text), (24 bytes).
    Removing uart.o(.text), (32 bytes).
    Removing uart_utils.o(.text), (268 bytes).
    Removing rf_585.o(.text), (12 bytes).
    Removing rf_585.o(.text), (24 bytes).
    Removing rf_585.o(.text), (28 bytes).
    Removing prf_utils.o(.text), (32 bytes).
    Removing prf_utils.o(.text), (34 bytes).
    Removing prf.o(.text), (72 bytes).
    Removing app_default_handlers.o(.text), (8 bytes).
    Removing app_default_handlers.o(.text), (8 bytes).
    Removing app_default_handlers.o(.text), (48 bytes).
    Removing app_default_handlers.o(.text), (172 bytes).
    Removing app_default_handlers.o(.constdata), (12 bytes).
    Removing app_default_handlers.o(.constdata), (4 bytes).
    Removing app.o(.text), (172 bytes).
    Removing app.o(.text), (96 bytes).
    Removing app.o(.text), (80 bytes).
    Removing app.o(.text), (28 bytes).
    Removing app.o(.text), (28 bytes).
    Removing app.o(.text), (36 bytes).
    Removing app.o(.text), (52 bytes).
    Removing app.o(.text), (52 bytes).
    Removing app.o(.text), (8 bytes).
    Removing app.o(.text), (32 bytes).
    Removing app.o(.text), (8 bytes).
    Removing app.o(.text), (40 bytes).
    Removing app.o(.text), (48 bytes).
    Removing app.o(.text), (28 bytes).
    Removing app.o(.text), (8 bytes).
    Removing app.o(.text), (28 bytes).
    Removing app.o(.text), (8 bytes).
    Removing app.o(.text), (38 bytes).
    Removing app.o(.text), (24 bytes).
    Removing app.o(.text), (8 bytes).
    Removing app.o(.text), (32 bytes).
    Removing app.o(.text), (60 bytes).
    Removing app.o(.text), (44 bytes).
    Removing app.o(.text), (44 bytes).
    Removing app.o(.constdata), (42 bytes).
    Removing app.o(.constdata), (12 bytes).
    Removing app.o(.constdata), (74 bytes).
    Removing app_task.o(.constdata), (84 bytes).
    Removing app_msg_utils.o(.text), (24 bytes).
    Removing app_easy_msg_utils.o(.text), (36 bytes).
    Removing app_easy_msg_utils.o(.text), (52 bytes).
    Removing app_easy_msg_utils.o(.text), (40 bytes).
    Removing app_easy_msg_utils.o(.text), (32 bytes).
    Removing app_easy_msg_utils.o(.text), (20 bytes).
    Removing app_easy_msg_utils.o(.text), (24 bytes).
    Removing app_easy_msg_utils.o(.text), (60 bytes).
    Removing app_easy_msg_utils.o(.text), (24 bytes).
    Removing app_easy_msg_utils.o(retention_mem_area0), (24 bytes).
    Removing app_easy_timer.o(.text), (124 bytes).
    Removing app_easy_timer.o(.text), (44 bytes).
    Removing app_customs.o(.text), (2 bytes).
    Removing app_customs_common.o(.text), (4 bytes).
    Removing app_utils.o(.text), (58 bytes).
    Removing app_utils.o(.text), (146 bytes).
    Removing user_periph_setup.o(retention_mem_area0), (30 bytes).
    Removing user_periph_setup.o(retention_mem_area0), (42 bytes).
    Removing user_periph_setup.o(retention_mem_area0), (12 bytes).
    Removing user_periph_setup.o(retention_mem_area0), (6 bytes).
    Removing user_periph_setup.o(retention_mem_area0), (2 bytes).
    Removing user_peripheral.o(.constdata), (12 bytes).
    Removing user_peripheral.o(retention_mem_area0), (30 bytes).
    Removing dice_communication.o(retention_mem_area0), (40 bytes).
    Removing dice_led_callback.o(.text), (208 bytes).
    Removing dice_led_callback.o(retention_mem_area0), (42 bytes).
    Removing dice_led_callback.o(retention_mem_area0), (12 bytes).
    Removing dice_led_callback.o(retention_mem_area0), (6 bytes).
    Removing dice_led_callback.o(retention_mem_area0), (18 bytes).
    Removing dice_sensor_driver.o(.text), (504 bytes).
    Removing dice_sensor_driver.o(retention_mem_area0), (30 bytes).
    Removing dice_sensor_api.o(.text), (208 bytes).
    Removing dice_sensor_api.o(retention_mem_area0), (30 bytes).
    Removing dice_flash_driver.o(.text), (612 bytes).
    Removing dice_flash_driver.o(.constdata), (16 bytes).
    Removing dice_flash_driver.o(retention_mem_area0), (2 bytes).
    Removing pll_vcocal_lut.o(.text), (52 bytes).
    Removing pll_vcocal_lut.o(.text), (64 bytes).
    Removing pll_vcocal_lut.o(.text), (324 bytes).
    Removing pll_vcocal_lut.o(.text), (248 bytes).
    Removing pll_vcocal_lut.o(.text), (172 bytes).
    Removing pll_vcocal_lut.o(.text), (172 bytes).
    Removing pll_vcocal_lut.o(.text), (8 bytes).
    Removing pll_vcocal_lut.o(.text), (32 bytes).
    Removing pll_vcocal_lut.o(.text), (48 bytes).
    Removing pll_vcocal_lut.o(.text), (24 bytes).
    Removing pll_vcocal_lut.o(.text), (384 bytes).
    Removing pll_vcocal_lut.o(.text), (324 bytes).
    Removing pll_vcocal_lut.o(.text), (256 bytes).
    Removing pll_vcocal_lut.o(.text), (644 bytes).
    Removing pll_vcocal_lut.o(.text), (48 bytes).
    Removing ffltui.o(.text), (14 bytes).
    Removing arch_system.o(i.__ARM_common_ll_muluu), (48 bytes).
    Removing app_diss_task.o(i.__ARM_common_switch8), (26 bytes).

263 unused section(s) (total 16964 bytes) removed from the image.
