<html>
<body>
<pre>
<h1>µVision Build Log</h1>
<h2>Tool Versions:</h2>
IDE-Version: µVision V5.34.0.0
Copyright (C) 2021 ARM Ltd and ARM Germany GmbH. All rights reserved.
License Information: Ivo beijloost, Avans, LIC=----
 
Tool Versions:
Toolchain:       MDK-Lite  Version: 5.34.0.0
Toolchain Path:  C:\Keil_v5\ARM\ARMCC\Bin
C Compiler:      Armcc.exe V5.06 update 7 (build 960)
Assembler:       Armasm.exe V5.06 update 7 (build 960)
Linker/Locator:  ArmLink.exe V5.06 update 7 (build 960)
Library Manager: ArmAr.exe V5.06 update 7 (build 960)
Hex Converter:   FromElf.exe V5.06 update 7 (build 960)
CPU DLL:         SARMCM3.DLL V5.34.0.0
Dialog DLL:      DARMCM1.DLL V1.19.4.0
Target DLL:      Segger\JL2CM3.dll V2.99.38.0
Dialog DLL:      TARMCM1.DLL V1.14.3.0
 
<h2>Project:</h2>
C:\Users\beijloost\dev\infinity_dice\Infinity_dice\DA14531-DA14585-586_Measuring_Temperature\project_environment\ble_temperature_ntf.uvprojx
Project File Date:  05/07/2021

<h2>Output:</h2>
*** Using Compiler 'V5.06 update 7 (build 960)', folder: 'C:\Keil_v5\ARM\ARMCC\Bin'
Build target 'DA14585'
compiling arch_console.c...
compiling arch_sleep.c...
compiling nmi_handler.c...
compiling system_DA14585_586.c...
compiling nvds.c...
compiling chacha20.c...
compiling arch_rom.c...
compiling hardfault_handler.c...
compiling hash.c...
compiling jump_table.c...
compiling arch_main.c...
compiling syscntl.c...
compiling otp_hdr.c...
compiling arch_system.c...
compiling adc_58x.c...
compiling wkupct_quadec.c...
compiling spi_58x.c...
compiling gpio.c...
compiling spi_flash.c...
compiling i2c_eeprom.c...
compiling i2c.c...
compiling trng.c...
compiling hw_otpc_58x.c...
compiling systick.c...
compiling dma.c...
compiling uart.c...
compiling uart_utils.c...
compiling ble_arp.c...
compiling rf_531.c...
compiling attm_db_128.c...
compiling prf_utils.c...
compiling custom_common.c...
compiling diss.c...
compiling rwip.c...
compiling custs1.c...
compiling diss_task.c...
compiling rf_585.c...
compiling rwble.c...
compiling prf.c...
compiling app_security_task.c...
compiling app_security.c...
compiling custs1_task.c...
compiling app_default_handlers.c...
compiling app_bass.c...
compiling app_bass_task.c...
compiling app_findme.c...
compiling app_task.c...
compiling app.c...
compiling app_findme_task.c...
compiling app_proxr.c...
compiling app_proxr_task.c...
compiling app_suotar.c...
compiling app_diss.c...
compiling app_diss_task.c...
compiling app_suotar_task.c...
compiling app_msg_utils.c...
compiling app_entry_point.c...
compiling app_easy_msg_utils.c...
compiling app_easy_security.c...
compiling app_easy_timer.c...
compiling app_customs_task.c...
compiling app_customs.c...
compiling app_bond_db.c...
compiling app_customs_common.c...
compiling user_custs_config.c...
compiling app_utils.c...
compiling user_custs1_def.c...
compiling user_periph_setup.c...
..\src\dice_sensor_api.h(29): warning:  #1295-D: Deprecated declaration dice_sensor_api_store_roll - give arg types
  static void dice_sensor_api_store_roll();
..\src\temp.h(6): warning:  #1-D: last line of file ends without a newline
  #endif
..\src\platform\user_periph_setup.c(61): warning:  #177-D: variable "uart_cfg"  was declared but never referenced
  static const uart_cfg_t uart_cfg = {
..\src\platform\user_periph_setup.c: 3 warnings, 0 errors
compiling user_custs1_impl.c...
compiling user_peripheral.c...
compiling temp.c...
..\src\temp.h(6): warning:  #1-D: last line of file ends without a newline
  #endif
..\src\temp.c(3): warning:  #1-D: last line of file ends without a newline
  float sensor_data = 69;
..\src\temp.c: 2 warnings, 0 errors
compiling dice_led_callback.c...
..\src\dice_led_callback.c(30): warning:  #188-D: enumerated type mixed with another type
  	return (number+1);
..\src\dice_led_callback.c: 1 warning, 0 errors
compiling dice_led_driver.c...
compiling dice_neural_network.c...
compiling dice_sensor_api.c...
..\src\dice_sensor_api.h(29): warning:  #1295-D: Deprecated declaration dice_sensor_api_store_roll - give arg types
  static void dice_sensor_api_store_roll();
..\src\dice_sensor_api.c(243): warning:  #68-D: integer conversion resulted in a change of sign
  	systick_start(-1, 0);
..\src\dice_sensor_api.c(278): warning:  #1-D: last line of file ends without a newline
  	
..\src\dice_sensor_api.c(256): warning:  #177-D: function "dice_sensor_api_store_roll"  was declared but never referenced
  static void dice_sensor_api_store_roll(){
..\src\dice_sensor_api.c: 4 warnings, 0 errors
compiling dice_communication.c...
..\src\temp.h(6): warning:  #1-D: last line of file ends without a newline
  #endif
..\src\dice_communication.c(59): warning:  #177-D: variable "predict5"  was declared but never referenced
  	float predict5 = prediction[5];
..\src\dice_communication.c: 2 warnings, 0 errors
compiling dice_flash_driver.c...
..\src\dice_flash_driver.c(59): warning:  #68-D: integer conversion resulted in a change of sign
  	return -1;
..\src\dice_flash_driver.c(62): warning:  #177-D: function "dice_flash_valid_page_start_add"  was declared but never referenced
  static bool dice_flash_valid_page_start_add(const uint32_t* address){
..\src\dice_flash_driver.c: 2 warnings, 0 errors
compiling dice_sensor_driver.c...
..\src\temp.h(6): warning:  #1-D: last line of file ends without a newline
  #endif
..\src\dice_sensor_driver.c(20): warning:  #186-D: pointless comparison of unsigned integer with zero
      heading = (mx < 0) ? M_PI : 0;
..\src\dice_sensor_driver.c(16): warning:  #177-D: variable "mz"  was declared but never referenced
  	uint16_t mz = (temp[5] << 8) | temp[4];
..\src\dice_sensor_driver.c(53): warning:  #177-D: variable "u8aData"  was declared but never referenced
  	uint8_t u8aData = 0x01;
..\src\dice_sensor_driver.c(80): warning:  #177-D: variable "u8Index"  was declared but never referenced
  	uint8_t u8Index = 0;
..\src\dice_sensor_driver.c(216): warning:  #177-D: function "dice_sensor_add_limit"  was declared but never referenced
  static uint8_t dice_sensor_add_limit(uint8_t u8Array_start, uint8_t u8Address_start, uint8_t u8Address_end, uint8_t *u8pArray){
..\src\dice_sensor_driver.c: 6 warnings, 0 errors
linking...
Program Size: Code=25356 RO-data=4116 RW-data=12 ZI-data=8448  
FromELF: creating hex file...
After Build - User command #1: fromelf --bincombined --output=".\out_DA14585\Objects\ble_temperature_ntf_585.bin"  ".\out_DA14585\Objects\ble_temperature_ntf_585.axf"
".\out_DA14585\Objects\ble_temperature_ntf_585.axf" - 0 Error(s), 20 Warning(s).

<h2>Software Packages used:</h2>

Package Vendor: ARM
                http://www.keil.com/pack/ARM.CMSIS.5.7.0.pack
                ARM.CMSIS.5.7.0
                CMSIS (Cortex Microcontroller Software Interface Standard)

<h2>Collection of Component include folders:</h2>
  C:\Users\beijloost\AppData\Local\Arm\Packs\ARM\CMSIS\5.7.0\Device\ARM\ARMCM0\Include

<h2>Collection of Component Files used:</h2>
Build Time Elapsed:  00:00:08
</pre>
</body>
</html>
