<html>
<body>
<pre>
<h1>µVision Build Log</h1>
<h2>Tool Versions:</h2>
IDE-Version: µVision V5.29.0.0
Copyright (C) 2019 ARM Ltd and ARM Germany GmbH. All rights reserved.
License Information:  Ivo Haak, Avans, LIC=----
 
Tool Versions:
Toolchain:       MDK-Lite  Version: 5.29.0.0
Toolchain Path:  C:\Keil_v5\ARM\ARMCC\Bin
C Compiler:      Armcc.exe V5.06 update 6 (build 750)
Assembler:       Armasm.exe V5.06 update 6 (build 750)
Linker/Locator:  ArmLink.exe V5.06 update 6 (build 750)
Library Manager: ArmAr.exe V5.06 update 6 (build 750)
Hex Converter:   FromElf.exe V5.06 update 6 (build 750)
CPU DLL:         SARMCM3.DLL V5.29.0.0
Dialog DLL:      DARMCM1.DLL V1.19.2.0
Target DLL:      Segger\JL2CM3.dll V2.99.36.0
Dialog DLL:      TARMCM1.DLL V1.14.1.0
 
<h2>Project:</h2>
C:\dice_project\clean_projects\Infinity_dice_sensor_test\DA14531-DA14585-586_Measuring_Temperature\project_environment\ble_temperature_ntf.uvprojx
Project File Date:  05/20/2020

<h2>Output:</h2>
*** Using Compiler 'V5.06 update 6 (build 750)', folder: 'C:\Keil_v5\ARM\ARMCC\Bin'
Build target 'DA14585'
compiling arch_console.c...
compiling system_DA14585_586.c...
compiling nmi_handler.c...
compiling hardfault_handler.c...
compiling chacha20.c...
compiling nvds.c...
compiling arch_sleep.c...
compiling arch_rom.c...
compiling jump_table.c...
compiling arch_main.c...
compiling hash.c...
compiling otp_hdr.c...
compiling syscntl.c...
compiling arch_system.c...
compiling wkupct_quadec.c...
compiling adc_58x.c...
compiling spi_58x.c...
compiling gpio.c...
compiling spi_flash.c...
compiling i2c.c...
compiling i2c_eeprom.c...
compiling systick.c...
compiling uart_utils.c...
compiling dma.c...
compiling trng.c...
compiling hw_otpc_58x.c...
compiling uart.c...
compiling ble_arp.c...
compiling rf_531.c...
compiling rwip.c...
compiling prf_utils.c...
compiling rf_585.c...
compiling attm_db_128.c...
compiling diss.c...
compiling custom_common.c...
compiling diss_task.c...
compiling custs1.c...
compiling rwble.c...
compiling custs1_task.c...
compiling prf.c...
compiling app_security.c...
compiling app_security_task.c...
compiling app_default_handlers.c...
compiling app_bass.c...
compiling app_bass_task.c...
compiling app_findme.c...
compiling app_task.c...
compiling app.c...
compiling app_findme_task.c...
compiling app_proxr.c...
compiling app_proxr_task.c...
compiling app_diss.c...
compiling app_diss_task.c...
compiling app_suotar_task.c...
compiling app_msg_utils.c...
compiling app_suotar.c...
compiling app_entry_point.c...
compiling app_easy_security.c...
compiling app_easy_msg_utils.c...
compiling app_easy_timer.c...
compiling app_customs.c...
compiling app_customs_task.c...
compiling app_customs_common.c...
compiling app_bond_db.c...
compiling user_custs_config.c...
compiling app_utils.c...
compiling user_custs1_def.c...
compiling user_periph_setup.c...
compiling user_peripheral.c...
compiling user_custs1_impl.c...
compiling dice_communication.c...
compiling dice_led_driver.c...
compiling dice_led_callback.c...
..\src\dice_led_callback.c(30): warning:  #188-D: enumerated type mixed with another type
  	return (number+1);
..\src\dice_led_callback.c: 1 warning, 0 errors
compiling dice_neural_network.c...
compiling dice_sensor_api.c...
..\src\dice_sensor_api.h(21): warning:  #1295-D: Deprecated declaration dice_sensor_api_store_roll - give arg types
  static void dice_sensor_api_store_roll();
..\src\dice_sensor_api.c(8): warning:  #177-D: variable "i2c_abort_code"  was declared but never referenced
  	i2c_abort_t i2c_abort_code = I2C_ABORT_NONE;
..\src\dice_sensor_api.c(70): warning:  #68-D: integer conversion resulted in a change of sign
  	systick_start(-1, 0);
..\src\dice_sensor_api.c(105): warning:  #1-D: last line of file ends without a newline
  	
..\src\dice_sensor_api.c(83): warning:  #177-D: function "dice_sensor_api_store_roll"  was declared but never referenced
  static void dice_sensor_api_store_roll(){
..\src\dice_sensor_api.c: 5 warnings, 0 errors
compiling dice_flash_driver.c...
..\src\dice_flash_driver.c(59): warning:  #68-D: integer conversion resulted in a change of sign
  	return -1;
..\src\dice_flash_driver.c(62): warning:  #177-D: function "dice_flash_valid_page_start_add"  was declared but never referenced
  static bool dice_flash_valid_page_start_add(const uint32_t* address){
..\src\dice_flash_driver.c: 2 warnings, 0 errors
compiling dice_sensor_driver.c...
..\src\dice_sensor_driver.c(7): warning:  #177-D: variable "u8Write_data"  was declared but never referenced
  	uint8_t u8Write_data = 0x01;
..\src\dice_sensor_driver.c(9): warning:  #550-D: variable "u8Recieved_data"  was set but never used
  	uint8_t u8Recieved_data = 0;
..\src\dice_sensor_driver.c(10): warning:  #177-D: variable "u8Reg"  was declared but never referenced
  	uint8_t u8Reg = CTRL_REG4;
..\src\dice_sensor_driver.c(11): warning:  #177-D: variable "string"  was declared but never referenced
  	char string[100];
..\src\dice_sensor_driver.c: 4 warnings, 0 errors
linking...
Program Size: Code=25150 RO-data=4022 RW-data=4 ZI-data=8516  
FromELF: creating hex file...
After Build - User command #1: fromelf --bincombined --output=".\out_DA14585\Objects\ble_temperature_ntf_585.bin"  ".\out_DA14585\Objects\ble_temperature_ntf_585.axf"
".\out_DA14585\Objects\ble_temperature_ntf_585.axf" - 0 Error(s), 12 Warning(s).

<h2>Software Packages used:</h2>

Package Vendor: ARM
                http://www.keil.com/pack/ARM.CMSIS.5.6.0.pack
                ARM.CMSIS.5.6.0
                CMSIS (Cortex Microcontroller Software Interface Standard)

<h2>Collection of Component include folders:</h2>
  .\RTE\_DA14585
  C:\Users\Terence\AppData\Local\Arm\Packs\ARM\CMSIS\5.6.0\Device\ARM\ARMCM0\Include

<h2>Collection of Component Files used:</h2>
Build Time Elapsed:  00:00:09
</pre>
</body>
</html>
