Component: ARM Compiler 5.06 update 7 (build 960) Tool: armlink [4d3601]

==============================================================================

Section Cross References

    system_da14585_586.o(.text) refers to system_da14585_586.o(.data) for .data
    startup_da14585_586.o(RESET) refers to startup_da14585_586.o(STACK) for __initial_sp
    startup_da14585_586.o(RESET) refers to startup_da14585_586.o(.text) for Reset_Handler
    startup_da14585_586.o(RESET) refers to systick.o(.text) for SysTick_Handler
    startup_da14585_586.o(RESET) refers to rwble.o(.text) for BLE_WAKEUP_LP_Handler
    startup_da14585_586.o(RESET) refers to uart.o(.text) for UART2_Handler
    startup_da14585_586.o(RESET) refers to i2c.o(.text) for I2C_Handler
    startup_da14585_586.o(RESET) refers to adc_58x.o(.text) for ADC_Handler
    startup_da14585_586.o(RESET) refers to gpio.o(.text) for GPIO0_Handler
    startup_da14585_586.o(RESET) refers to wkupct_quadec.o(.text) for WKUP_QUADEC_Handler
    startup_da14585_586.o(RESET) refers to dma.o(.text) for DMA_Handler
    startup_da14585_586.o(.text) refers to system_da14585_586.o(.text) for SystemInit
    startup_da14585_586.o(.text) refers to entry.o(.ARM.Collect$$$$00000000) for __main
    startup_da14585_586.o(.text) refers to nmi_handler.o(.text) for NMI_HandlerC
    startup_da14585_586.o(.text) refers to hardfault_handler.o(.text) for HardFault_HandlerC
    nvds.o(.text) refers to nvds.o(.constdata) for .constdata
    nvds.o(.text) refers to arch_system.o(retention_mem_area0) for dev_bdaddr
    arch_main.o(.text) refers to arch_system.o(.text) for system_init
    arch_main.o(.text) refers to rwip.o(.text) for rwip_sleep
    arch_main.o(.text) refers to arch_main.o(retention_mem_area0) for retention_mem_area0
    arch_main.o(.text) refers to rwble.o(retention_mem_area0) for arch_rwble_last_event
    arch_main.o(.constdata) refers to user_peripheral.o(.text) for user_app_init
    jump_table.o(.text) refers to chacha20.o(.text) for csprng_get_next_uint32
    jump_table.o(.constdata) refers to rf_585.o(.text) for rf_init_func
    jump_table.o(.constdata) refers to nvds.o(.text) for nvds_get_func
    jump_table.o(.constdata) refers to jump_table.o(.text) for platform_reset_func
    jump_table.o(.constdata) refers to rwble.o(.text) for lld_sleep_compensate_func
    jump_table.o(.constdata) refers to arch_system.o(.text) for lld_sleep_init_func
    jump_table.o(.constdata) refers to prf.o(.text) for prf_init_func
    jump_table.o(.constdata) refers to patch.o(.text) for JT_l2cc_pdu_unpack_func
    jump_table.o(.constdata) refers to jump_table.o(heap_mem_area_not_ret) for rwip_heap_non_ret
    jump_table.o(.constdata) refers to jump_table.o(heap_env_area) for rwip_heap_env_ret
    jump_table.o(.constdata) refers to jump_table.o(heap_db_area) for rwip_heap_db_ret
    jump_table.o(.constdata) refers to jump_table.o(heap_msg_area) for rwip_heap_msg_ret
    arch_sleep.o(.text) refers to arch_sleep.o(retention_mem_area0) for retention_mem_area0
    arch_sleep.o(.text) refers to gpio.o(.text) for GPIO_DisablePorPin
    arch_sleep.o(.text) refers to arch_sleep.o(.text) for arch_set_extended_sleep
    arch_sleep.o(.text) refers to arch_sleep.o(retention_mem_area0) for retention_mem_area0
    arch_sleep.o(.text) refers to arch_sleep.o(.text) for arch_get_sleep_mode
    arch_sleep.o(.text) refers to arch_sleep.o(.text) for arch_disable_sleep
    arch_sleep.o(.text) refers to arch_sleep.o(retention_mem_area0) for retention_mem_area0
    arch_sleep.o(.text) refers to arch_sleep.o(retention_mem_area0) for retention_mem_area0
    arch_sleep.o(.text) refers to arch_sleep.o(retention_mem_area0) for retention_mem_area0
    arch_sleep.o(.text) refers to rwble.o(retention_mem_area0) for arch_rwble_last_event
    arch_system.o(.text) refers to rf_calibration.o(.text) for rf_calibration_585
    arch_system.o(.text) refers to gpio.o(.text) for GPIO_init
    arch_system.o(.text) refers to hw_otpc_58x.o(.text) for hw_otpc_manual_read_on
    arch_system.o(.text) refers to otp_hdr.o(.text) for otp_hdr_get_bd_address
    arch_system.o(.text) refers to arch_rom.o(.text) for arch_rom_init
    arch_system.o(.text) refers to user_periph_setup.o(.text) for periph_init
    arch_system.o(.text) refers to trng.o(.text) for init_rand_seed_from_trng
    arch_system.o(.text) refers to arch_sleep.o(.text) for arch_disable_sleep
    arch_system.o(.text) refers to app.o(.text) for app_init
    arch_system.o(.text) refers to user_peripheral.o(.text) for user_app_init
    arch_system.o(.text) refers to arch_system.o(retention_mem_area0) for retention_mem_area0
    arch_system.o(.text) refers to rwble.o(retention_mem_area0) for twirq_set
    arch_system.o(.text) refers to arch_system.o(.data) for .data
    arch_system.o(.text) refers to arch_system.o(retention_mem_area0) for retention_mem_area0
    arch_system.o(.text) refers to arch_system.o(i.__ARM_common_ll_muluu) for __ARM_common_ll_muluu
[...]
    smpm_ecdh_key_create_func                0x07f1b6bf   Thumb Code     0  da14585_symbols.txt ABSOLUTE
    ke_init                                  0x07f1b6dd   Thumb Code     0  da14585_symbols.txt ABSOLUTE
    ke_flush                                 0x07f1b70f   Thumb Code     0  da14585_symbols.txt ABSOLUTE
    ke_sleep_check                           0x07f1b74f   Thumb Code     0  da14585_symbols.txt ABSOLUTE
    ke_stats_get                             0x07f1b761   Thumb Code     0  da14585_symbols.txt ABSOLUTE
    ke_event_init                            0x07f1b77d   Thumb Code     0  da14585_symbols.txt ABSOLUTE
    ke_event_callback_set                    0x07f1b789   Thumb Code     0  da14585_symbols.txt ABSOLUTE
    ke_event_set                             0x07f1b79d   Thumb Code     0  da14585_symbols.txt ABSOLUTE
    ke_event_clear                           0x07f1b7c9   Thumb Code     0  da14585_symbols.txt ABSOLUTE
    ke_event_get                             0x07f1b7f5   Thumb Code     0  da14585_symbols.txt ABSOLUTE
    ke_event_get_all                         0x07f1b81b   Thumb Code     0  da14585_symbols.txt ABSOLUTE
    ke_event_flush                           0x07f1b821   Thumb Code     0  da14585_symbols.txt ABSOLUTE
    ke_event_schedule                        0x07f1b829   Thumb Code     0  da14585_symbols.txt ABSOLUTE
    ke_mem_init                              0x07f1b879   Thumb Code     0  da14585_symbols.txt ABSOLUTE
    ke_mem_is_empty                          0x07f1b8c5   Thumb Code     0  da14585_symbols.txt ABSOLUTE
    ke_check_malloc                          0x07f1b905   Thumb Code     0  da14585_symbols.txt ABSOLUTE
    ke_malloc                                0x07f1b995   Thumb Code     0  da14585_symbols.txt ABSOLUTE
    ke_free                                  0x07f1ba8b   Thumb Code     0  da14585_symbols.txt ABSOLUTE
    ke_is_free                               0x07f1bb6d   Thumb Code     0  da14585_symbols.txt ABSOLUTE
    ke_get_mem_usage                         0x07f1bb7f   Thumb Code     0  da14585_symbols.txt ABSOLUTE
    ke_get_max_mem_usage                     0x07f1bb8b   Thumb Code     0  da14585_symbols.txt ABSOLUTE
    ke_msg_alloc                             0x07f1bbb1   Thumb Code     0  da14585_symbols.txt ABSOLUTE
    ke_msg_send                              0x07f1bbe3   Thumb Code     0  da14585_symbols.txt ABSOLUTE
    ke_msg_send_basic                        0x07f1bc0f   Thumb Code     0  da14585_symbols.txt ABSOLUTE
    ke_msg_forward                           0x07f1bc1d   Thumb Code     0  da14585_symbols.txt ABSOLUTE
    ke_msg_forward_new_id                    0x07f1bc27   Thumb Code     0  da14585_symbols.txt ABSOLUTE
    ke_msg_free                              0x07f1bc37   Thumb Code     0  da14585_symbols.txt ABSOLUTE
    ke_msg_dest_id_get                       0x07f1bc3f   Thumb Code     0  da14585_symbols.txt ABSOLUTE
    ke_msg_src_id_get                        0x07f1bc45   Thumb Code     0  da14585_symbols.txt ABSOLUTE
    ke_msg_in_queue                          0x07f1bc4b   Thumb Code     0  da14585_symbols.txt ABSOLUTE
    ke_queue_extract                         0x07f1bc5d   Thumb Code     0  da14585_symbols.txt ABSOLUTE
    ke_queue_insert                          0x07f1bcad   Thumb Code     0  da14585_symbols.txt ABSOLUTE
    ke_task_init_func                        0x07f1be3f   Thumb Code     0  da14585_symbols.txt ABSOLUTE
    ke_task_create                           0x07f1be53   Thumb Code     0  da14585_symbols.txt ABSOLUTE
    ke_task_delete                           0x07f1be8b   Thumb Code     0  da14585_symbols.txt ABSOLUTE
    ke_state_set                             0x07f1beb7   Thumb Code     0  da14585_symbols.txt ABSOLUTE
    ke_state_get                             0x07f1bf1b   Thumb Code     0  da14585_symbols.txt ABSOLUTE
    ke_msg_discard                           0x07f1bf39   Thumb Code     0  da14585_symbols.txt ABSOLUTE
    ke_msg_save                              0x07f1bf3d   Thumb Code     0  da14585_symbols.txt ABSOLUTE
    ke_task_msg_flush                        0x07f1bf41   Thumb Code     0  da14585_symbols.txt ABSOLUTE
    ke_timer_init_func                       0x07f1c049   Thumb Code     0  da14585_symbols.txt ABSOLUTE
    ke_timer_set                             0x07f1c055   Thumb Code     0  da14585_symbols.txt ABSOLUTE
    ke_timer_clear                           0x07f1c0e9   Thumb Code     0  da14585_symbols.txt ABSOLUTE
    ke_timer_active                          0x07f1c13f   Thumb Code     0  da14585_symbols.txt ABSOLUTE
    ke_timer_sleep_check                     0x07f1c165   Thumb Code     0  da14585_symbols.txt ABSOLUTE
    rwble_hl_reset                           0x07f1c28b   Thumb Code     0  da14585_symbols.txt ABSOLUTE
    rwble_hl_send_message                    0x07f1c2ad   Thumb Code     0  da14585_symbols.txt ABSOLUTE
    rwip_check_wakeup_boundary               0x07f1c2b1   Thumb Code     0  da14585_symbols.txt ABSOLUTE
    rwip_init                                0x07f1c2d7   Thumb Code     0  da14585_symbols.txt ABSOLUTE
    rwip_reset                               0x07f1c39b   Thumb Code     0  da14585_symbols.txt ABSOLUTE
    rwip_version                             0x07f1c3d3   Thumb Code     0  da14585_symbols.txt ABSOLUTE
    rwip_schedule                            0x07f1c3db   Thumb Code     0  da14585_symbols.txt ABSOLUTE
    rwip_prevent_sleep_set                   0x07f1c47f   Thumb Code     0  da14585_symbols.txt ABSOLUTE
    rwip_wakeup                              0x07f1c4a1   Thumb Code     0  da14585_symbols.txt ABSOLUTE
    rwip_prevent_sleep_clear                 0x07f1c4b7   Thumb Code     0  da14585_symbols.txt ABSOLUTE
    rwip_wakeup_end                          0x07f1c4d9   Thumb Code     0  da14585_symbols.txt ABSOLUTE
    rwip_wakeup_delay_set                    0x07f1c4f5   Thumb Code     0  da14585_symbols.txt ABSOLUTE
    rwip_sleep_enable                        0x07f1c503   Thumb Code     0  da14585_symbols.txt ABSOLUTE
    rwip_ext_wakeup_enable                   0x07f1c509   Thumb Code     0  da14585_symbols.txt ABSOLUTE
    rwble_init                               0x07f1c52d   Thumb Code     0  da14585_symbols.txt ABSOLUTE
    rwble_reset                              0x07f1c593   Thumb Code     0  da14585_symbols.txt ABSOLUTE
    rwble_version                            0x07f1c5c7   Thumb Code     0  da14585_symbols.txt ABSOLUTE
    rwble_send_message                       0x07f1c5f3   Thumb Code     0  da14585_symbols.txt ABSOLUTE
    YieldToScheduler                         0x07f1c6d9   Thumb Code     0  da14585_symbols.txt ABSOLUTE
    xorshift64star                           0x07f1c6e1   Thumb Code     0  da14585_symbols.txt ABSOLUTE
    uECC_set_rng                             0x07f1c747   Thumb Code     0  da14585_symbols.txt ABSOLUTE
    uECC_get_rng                             0x07f1c74d   Thumb Code     0  da14585_symbols.txt ABSOLUTE
    uECC_curve_private_key_size              0x07f1c753   Thumb Code     0  da14585_symbols.txt ABSOLUTE
    uECC_curve_public_key_size               0x07f1c763   Thumb Code     0  da14585_symbols.txt ABSOLUTE
    uECC_vli_clear                           0x07f1c76b   Thumb Code     0  da14585_symbols.txt ABSOLUTE
    uECC_vli_isZero                          0x07f1c781   Thumb Code     0  da14585_symbols.txt ABSOLUTE
    uECC_vli_testBit                         0x07f1c7a3   Thumb Code     0  da14585_symbols.txt ABSOLUTE
    uECC_vli_numBits                         0x07f1c7b5   Thumb Code     0  da14585_symbols.txt ABSOLUTE
    uECC_vli_set                             0x07f1c7ef   Thumb Code     0  da14585_symbols.txt ABSOLUTE
    uECC_vli_equal                           0x07f1c82d   Thumb Code     0  da14585_symbols.txt ABSOLUTE
    uECC_vli_cmp                             0x07f1c851   Thumb Code     0  da14585_symbols.txt ABSOLUTE
    uECC_vli_rshift1                         0x07f1c887   Thumb Code     0  da14585_symbols.txt ABSOLUTE
    uECC_vli_square                          0x07f1c8a5   Thumb Code     0  da14585_symbols.txt ABSOLUTE
    uECC_vli_modAdd                          0x07f1c8b1   Thumb Code     0  da14585_symbols.txt ABSOLUTE
    uECC_vli_modSub                          0x07f1c8df   Thumb Code     0  da14585_symbols.txt ABSOLUTE
    uECC_vli_mmod                            0x07f1c8ff   Thumb Code     0  da14585_symbols.txt ABSOLUTE
    uECC_vli_modMult                         0x07f1ca09   Thumb Code     0  da14585_symbols.txt ABSOLUTE
    uECC_vli_modMult_fast                    0x07f1ca2b   Thumb Code     0  da14585_symbols.txt ABSOLUTE
    uECC_vli_modSquare                       0x07f1ca4b   Thumb Code     0  da14585_symbols.txt ABSOLUTE
    uECC_vli_modSquare_fast                  0x07f1ca59   Thumb Code     0  da14585_symbols.txt ABSOLUTE
    uECC_vli_modInv                          0x07f1ca99   Thumb Code     0  da14585_symbols.txt ABSOLUTE
    uECC_secp256r1                           0x07f1cdd5   Thumb Code     0  da14585_symbols.txt ABSOLUTE
    uECC_vli_nativeToBytes                   0x07f1d3d3   Thumb Code     0  da14585_symbols.txt ABSOLUTE
    uECC_vli_bytesToNative                   0x07f1d3f5   Thumb Code     0  da14585_symbols.txt ABSOLUTE
    uECC_generate_random_int                 0x07f1d433   Thumb Code     0  da14585_symbols.txt ABSOLUTE
    uECC_make_key                            0x07f1d495   Thumb Code     0  da14585_symbols.txt ABSOLUTE
    uECC_shared_secret                       0x07f1d513   Thumb Code     0  da14585_symbols.txt ABSOLUTE
    uECC_compress                            0x07f1d5cf   Thumb Code     0  da14585_symbols.txt ABSOLUTE
    uECC_decompress                          0x07f1d5fd   Thumb Code     0  da14585_symbols.txt ABSOLUTE
    uECC_valid_point                         0x07f1d66d   Thumb Code     0  da14585_symbols.txt ABSOLUTE
    uECC_valid_public_key                    0x07f1d6cf   Thumb Code     0  da14585_symbols.txt ABSOLUTE
    uECC_compute_public_key                  0x07f1d703   Thumb Code     0  da14585_symbols.txt ABSOLUTE
    uECC_sign                                0x07f1d989   Thumb Code     0  da14585_symbols.txt ABSOLUTE
    uECC_sign_deterministic                  0x07f1da6f   Thumb Code     0  da14585_symbols.txt ABSOLUTE
    uECC_verify                              0x07f1dbdd   Thumb Code     0  da14585_symbols.txt ABSOLUTE
    uECC_curve_num_words                     0x07f1de89   Thumb Code     0  da14585_symbols.txt ABSOLUTE
    uECC_curve_num_bytes                     0x07f1de91   Thumb Code     0  da14585_symbols.txt ABSOLUTE
    uECC_curve_num_bits                      0x07f1de99   Thumb Code     0  da14585_symbols.txt ABSOLUTE
    uECC_curve_num_n_words                   0x07f1dea1   Thumb Code     0  da14585_symbols.txt ABSOLUTE
    uECC_curve_num_n_bytes                   0x07f1deb1   Thumb Code     0  da14585_symbols.txt ABSOLUTE
    uECC_curve_num_n_bits                    0x07f1dec1   Thumb Code     0  da14585_symbols.txt ABSOLUTE
    uECC_curve_p                             0x07f1dec9   Thumb Code     0  da14585_symbols.txt ABSOLUTE
    uECC_curve_n                             0x07f1decd   Thumb Code     0  da14585_symbols.txt ABSOLUTE
    uECC_curve_G                             0x07f1ded1   Thumb Code     0  da14585_symbols.txt ABSOLUTE
    uECC_curve_b                             0x07f1ded5   Thumb Code     0  da14585_symbols.txt ABSOLUTE
    uECC_vli_mod_sqrt                        0x07f1ded9   Thumb Code     0  da14585_symbols.txt ABSOLUTE
    uECC_vli_mmod_fast                       0x07f1dedf   Thumb Code     0  da14585_symbols.txt ABSOLUTE
    uECC_point_mult                          0x07f1dee5   Thumb Code     0  da14585_symbols.txt ABSOLUTE
    __aeabi_uidiv                            0x07f1dfb9   Thumb Code     0  da14585_symbols.txt ABSOLUTE
    __aeabi_uidivmod                         0x07f1dfb9   Thumb Code     0  da14585_symbols.txt ABSOLUTE
    __aeabi_idiv                             0x07f1dfe5   Thumb Code     0  da14585_symbols.txt ABSOLUTE
    __aeabi_idivmod                          0x07f1dfe5   Thumb Code     0  da14585_symbols.txt ABSOLUTE
    __aeabi_lmul                             0x07f1e00d   Thumb Code     0  da14585_symbols.txt ABSOLUTE
    _ll_mul                                  0x07f1e00d   Thumb Code     0  da14585_symbols.txt ABSOLUTE
    rand                                     0x07f1e089   Thumb Code     0  da14585_symbols.txt ABSOLUTE
    srand                                    0x07f1e09b   Thumb Code     0  da14585_symbols.txt ABSOLUTE
    __aeabi_memcpy                           0x07f1e0ad   Thumb Code     0  da14585_symbols.txt ABSOLUTE
    __aeabi_memcpy4                          0x07f1e0ad   Thumb Code     0  da14585_symbols.txt ABSOLUTE
    __aeabi_memcpy8                          0x07f1e0ad   Thumb Code     0  da14585_symbols.txt ABSOLUTE
    __aeabi_memset                           0x07f1e0d1   Thumb Code     0  da14585_symbols.txt ABSOLUTE
    __aeabi_memset4                          0x07f1e0d1   Thumb Code     0  da14585_symbols.txt ABSOLUTE
    __aeabi_memset8                          0x07f1e0d1   Thumb Code     0  da14585_symbols.txt ABSOLUTE
    __aeabi_memclr                           0x07f1e0df   Thumb Code     0  da14585_symbols.txt ABSOLUTE
    __aeabi_memclr4                          0x07f1e0df   Thumb Code     0  da14585_symbols.txt ABSOLUTE
    __aeabi_memclr8                          0x07f1e0df   Thumb Code     0  da14585_symbols.txt ABSOLUTE
    _memset$wrapper                          0x07f1e0e3   Thumb Code     0  da14585_symbols.txt ABSOLUTE
    memcmp                                   0x07f1e0f5   Thumb Code     0  da14585_symbols.txt ABSOLUTE
    __aeabi_uread4                           0x07f1e10f   Thumb Code     0  da14585_symbols.txt ABSOLUTE
    __rt_uread4                              0x07f1e10f   Thumb Code     0  da14585_symbols.txt ABSOLUTE
    _uread4                                  0x07f1e10f   Thumb Code     0  da14585_symbols.txt ABSOLUTE
    __aeabi_uwrite4                          0x07f1e123   Thumb Code     0  da14585_symbols.txt ABSOLUTE
    __rt_uwrite4                             0x07f1e123   Thumb Code     0  da14585_symbols.txt ABSOLUTE
    _uwrite4                                 0x07f1e123   Thumb Code     0  da14585_symbols.txt ABSOLUTE
    __aeabi_llsl                             0x07f1e135   Thumb Code     0  da14585_symbols.txt ABSOLUTE
    _ll_shift_l                              0x07f1e135   Thumb Code     0  da14585_symbols.txt ABSOLUTE
    __ARM_common_switch8                     0x07f1e155   Thumb Code     0  da14585_symbols.txt ABSOLUTE
    uart_api                                 0x07f1e170   Data           0  da14585_symbols.txt ABSOLUTE
    co_sca2ppm                               0x07f1e180   Data           0  da14585_symbols.txt ABSOLUTE
    co_null_bdaddr                           0x07f1e190   Data           0  da14585_symbols.txt ABSOLUTE
    co_default_bdaddr                        0x07f1e196   Data           0  da14585_symbols.txt ABSOLUTE
    llc_state_handler                        0x07f1e41c   Data           0  da14585_symbols.txt ABSOLUTE
    llc_default_handler                      0x07f1e4ec   Data           0  da14585_symbols.txt ABSOLUTE
    llm_dflt_bdaddr                          0x07f1e504   Data           0  da14585_symbols.txt ABSOLUTE
    llm_local_cmds                           0x07f1e51c   Data           0  da14585_symbols.txt ABSOLUTE
    llm_local_le_feats                       0x07f1e55c   Data           0  da14585_symbols.txt ABSOLUTE
    llm_local_le_states                      0x07f1e564   Data           0  da14585_symbols.txt ABSOLUTE
    llm_state_handler                        0x07f1e74c   Data           0  da14585_symbols.txt ABSOLUTE
    llm_default_handler                      0x07f1e77c   Data           0  da14585_symbols.txt ABSOLUTE
    LLM_AA_CT1                               0x07f1e784   Data           0  da14585_symbols.txt ABSOLUTE
    LLM_AA_CT2                               0x07f1e787   Data           0  da14585_symbols.txt ABSOLUTE
    ecc_p256_G                               0x07f1e789   Data           0  da14585_symbols.txt ABSOLUTE
    gtl_default_state                        0x07f1e7dc   Data           0  da14585_symbols.txt ABSOLUTE
    gtl_default_handler                      0x07f1e7e4   Data           0  da14585_symbols.txt ABSOLUTE
    hci_cmd_desc_tab_lk_ctrl                 0x07f1e7f0   Data           0  da14585_symbols.txt ABSOLUTE
    hci_cmd_desc_tab_ctrl_bb                 0x07f1e814   Data           0  da14585_symbols.txt ABSOLUTE
    hci_cmd_desc_tab_info_par                0x07f1e88c   Data           0  da14585_symbols.txt ABSOLUTE
    hci_cmd_desc_tab_stat_par                0x07f1e8c8   Data           0  da14585_symbols.txt ABSOLUTE
    hci_cmd_desc_tab_le                      0x07f1e8d4   Data           0  da14585_symbols.txt ABSOLUTE
    hci_cmd_desc_tab_vs                      0x07f1eb14   Data           0  da14585_symbols.txt ABSOLUTE
    rom_hci_cmd_desc_root_tab                0x07f1ec58   Data           0  da14585_symbols.txt ABSOLUTE
    hci_evt_desc_tab                         0x07f1ec88   Data           0  da14585_symbols.txt ABSOLUTE
    hci_evt_le_desc_tab                      0x07f1ecd0   Data           0  da14585_symbols.txt ABSOLUTE
    attc_handlers                            0x07f1ed40   Data           0  da14585_symbols.txt ABSOLUTE
    atts_handlers                            0x07f1edb0   Data           0  da14585_symbols.txt ABSOLUTE
    gattc_default_state                      0x07f1ee30   Data           0  da14585_symbols.txt ABSOLUTE
    gattc_default_handler                    0x07f1ef10   Data           0  da14585_symbols.txt ABSOLUTE
    gattm_default_state                      0x07f1ef5c   Data           0  da14585_symbols.txt ABSOLUTE
    gattm_default_handler                    0x07f1efb4   Data           0  da14585_symbols.txt ABSOLUTE
    l2cc_default_state                       0x07f1efcc   Data           0  da14585_symbols.txt ABSOLUTE
    l2cc_default_handler                     0x07f1efe4   Data           0  da14585_symbols.txt ABSOLUTE
    const_Rb                                 0x07f1f005   Data           0  da14585_symbols.txt ABSOLUTE
    const_Zero                               0x07f1f015   Data           0  da14585_symbols.txt ABSOLUTE
    gapc_default_state                       0x07f1f038   Data           0  da14585_symbols.txt ABSOLUTE
    gapc_default_handler                     0x07f1f188   Data           0  da14585_symbols.txt ABSOLUTE
    gapm_default_state                       0x07f1f224   Data           0  da14585_symbols.txt ABSOLUTE
    gapm_default_handler                     0x07f1f30c   Data           0  da14585_symbols.txt ABSOLUTE
    l2cc_connor_pkt_format                   0x07f1f314   Data           0  da14585_symbols.txt ABSOLUTE
    l2cc_signaling_pkt_format                0x07f1f31c   Data           0  da14585_symbols.txt ABSOLUTE
    l2cc_security_pkt_format                 0x07f1f378   Data           0  da14585_symbols.txt ABSOLUTE
    l2cc_attribute_pkt_format                0x07f1f3b4   Data           0  da14585_symbols.txt ABSOLUTE
    smpc_construct_pdu                       0x07f1f430   Data           0  da14585_symbols.txt ABSOLUTE
    __Vectors                                0x07fc0000   Data           4  startup_da14585_586.o(RESET)
    __Vectors_End                            0x07fc00a0   Data           0  startup_da14585_586.o(RESET)
    Image$$ER_IROM3$$Base                    0x07fc0510   Number         0  anon$$obj.o ABSOLUTE
    __main                                   0x07fc0511   Thumb Code     0  entry.o(.ARM.Collect$$$$00000000)
    _main_stk                                0x07fc0511   Thumb Code     0  entry2.o(.ARM.Collect$$$$00000001)
    _main_scatterload                        0x07fc0515   Thumb Code     0  entry5.o(.ARM.Collect$$$$00000004)
    __main_after_scatterload                 0x07fc0519   Thumb Code     0  entry5.o(.ARM.Collect$$$$00000004)
    _main_clock                              0x07fc0519   Thumb Code     0  entry7b.o(.ARM.Collect$$$$00000008)
    _main_cpp_init                           0x07fc0519   Thumb Code     0  entry8b.o(.ARM.Collect$$$$0000000A)
    _main_init                               0x07fc0519   Thumb Code     0  entry9a.o(.ARM.Collect$$$$0000000B)
    __rt_lib_shutdown_fini                   0x07fc0521   Thumb Code     0  entry12b.o(.ARM.Collect$$$$0000000E)
    __rt_final_cpp                           0x07fc0525   Thumb Code     0  entry10a.o(.ARM.Collect$$$$0000000F)
    __rt_final_exit                          0x07fc0525   Thumb Code     0  entry11a.o(.ARM.Collect$$$$00000011)
    SystemInit                               0x07fc0529   Thumb Code    38  system_da14585_586.o(.text)
    Reset_Handler                            0x07fc0571   Thumb Code     8  startup_da14585_586.o(.text)
    SVC_Handler                              0x07fc05a9   Thumb Code     2  startup_da14585_586.o(.text)
    PendSV_Handler                           0x07fc05ab   Thumb Code     2  startup_da14585_586.o(.text)
    BLE_RF_DIAG_Handler                      0x07fc05af   Thumb Code     0  startup_da14585_586.o(.text)
    KEYBRD_Handler                           0x07fc05af   Thumb Code     0  startup_da14585_586.o(.text)
    PCM_Handler                              0x07fc05af   Thumb Code     0  startup_da14585_586.o(.text)
    RESERVED21_Handler                       0x07fc05af   Thumb Code     0  startup_da14585_586.o(.text)
    RESERVED22_Handler                       0x07fc05af   Thumb Code     0  startup_da14585_586.o(.text)
    RESERVED23_Handler                       0x07fc05af   Thumb Code     0  startup_da14585_586.o(.text)
    RFCAL_Handler                            0x07fc05af   Thumb Code     0  startup_da14585_586.o(.text)
    SPI_Handler                              0x07fc05af   Thumb Code     0  startup_da14585_586.o(.text)
    SRCIN_Handler                            0x07fc05af   Thumb Code     0  startup_da14585_586.o(.text)
    SRCOUT_Handler                           0x07fc05af   Thumb Code     0  startup_da14585_586.o(.text)
    SWTIM_Handler                            0x07fc05af   Thumb Code     0  startup_da14585_586.o(.text)
    HardFault_HandlerC                       0x07fc05c1   Thumb Code    92  hardfault_handler.o(.text)
    NMI_HandlerC                             0x07fc0629   Thumb Code   140  nmi_handler.o(.text)
    nvds_get_func                            0x07fc06c5   Thumb Code   174  nvds.o(.text)
    nvds_init_func                           0x07fc0773   Thumb Code     4  nvds.o(.text)
    nvds_del_func                            0x07fc0777   Thumb Code     4  nvds.o(.text)
    nvds_put_func                            0x07fc077b   Thumb Code     4  nvds.o(.text)
    main                                     0x07fc0845   Thumb Code   262  arch_main.o(.text)
    crypto_init_func                         0x07fc0a45   Thumb Code     2  jump_table.o(.text)
    ba431_get_rand_func                      0x07fc0a47   Thumb Code    24  jump_table.o(.text)
    dia_rand_func                            0x07fc0a5f   Thumb Code     8  jump_table.o(.text)
    dia_srand_func                           0x07fc0a67   Thumb Code    26  jump_table.o(.text)
    dbg_init_func_empty                      0x07fc0a81   Thumb Code     2  jump_table.o(.text)
    dbg_platform_reset_complete_func_empty   0x07fc0a83   Thumb Code     2  jump_table.o(.text)
    smpm_ecdh_key_create_func_empty          0x07fc0a85   Thumb Code     2  jump_table.o(.text)
    platform_reset_func                      0x07fc0a87   Thumb Code    28  jump_table.o(.text)
    arch_disable_sleep                       0x07fc0aa9   Thumb Code    26  arch_sleep.o(.text)
    arch_set_extended_sleep                  0x07fc0ac3   Thumb Code    46  arch_sleep.o(.text)
    arch_set_sleep_mode                      0x07fc0af1   Thumb Code    24  arch_sleep.o(.text)
    arch_ble_ext_wakeup_get                  0x07fc0b09   Thumb Code     6  arch_sleep.o(.text)
    arch_ble_force_wakeup                    0x07fc0b0f   Thumb Code    46  arch_sleep.o(.text)
    init_pwr_and_clk_ble                     0x07fc0b4d   Thumb Code   196  arch_system.o(.text)
    set_sleep_delay                          0x07fc0c11   Thumb Code    52  arch_system.o(.text)
    get_rc16m_count                          0x07fc0c45   Thumb Code    72  arch_system.o(.text)
    conditionally_run_radio_cals             0x07fc0c8d   Thumb Code   100  arch_system.o(.text)
    lld_sleep_us_2_lpcycles_sel_func         0x07fc0cf1   Thumb Code     8  arch_system.o(.text)
    lld_sleep_lpcycles_2_us_sel_func         0x07fc0cf9   Thumb Code     8  arch_system.o(.text)
    check_sys_startup_period                 0x07fc0d01   Thumb Code    46  arch_system.o(.text)
    app_use_lower_clocks_check               0x07fc0d2f   Thumb Code     4  arch_system.o(.text)
    lld_sleep_init_func                      0x07fc0d33   Thumb Code    26  arch_system.o(.text)
    set_xtal16m_trim_value                   0x07fc0d4d   Thumb Code    82  arch_system.o(.text)
    system_init                              0x07fc0d9f   Thumb Code   294  arch_system.o(.text)
    arch_rom_init                            0x07fc0f11   Thumb Code   132  arch_rom.o(.text)
    csprng_seed                              0x07fc0ff9   Thumb Code    30  chacha20.o(.text)
    csprng_get_next_uint32                   0x07fc1017   Thumb Code    40  chacha20.o(.text)
    otp_hdr_get_bd_address                   0x07fc1119   Thumb Code    12  otp_hdr.o(.text)
    syscntl_use_lowest_amba_clocks           0x07fc1129   Thumb Code    22  syscntl.o(.text)
    syscntl_use_highest_amba_clocks          0x07fc113f   Thumb Code    22  syscntl.o(.text)
    GPIO_init                                0x07fc1155   Thumb Code   166  gpio.o(.text)
    GPIO_SetPinFunction                      0x07fc11fb   Thumb Code    66  gpio.o(.text)
    GPIO_SetInactive                         0x07fc123d   Thumb Code    60  gpio.o(.text)
    GPIO_SetActive                           0x07fc1279   Thumb Code    60  gpio.o(.text)
    GPIO_ConfigurePin                        0x07fc12b5   Thumb Code    78  gpio.o(.text)
    GPIO_ResetIRQ                            0x07fc1303   Thumb Code    32  gpio.o(.text)
    GPIOn_Handler                            0x07fc1323   Thumb Code    54  gpio.o(.text)
    GPIO0_Handler                            0x07fc1359   Thumb Code     4  gpio.o(.text)
    GPIO1_Handler                            0x07fc135d   Thumb Code     4  gpio.o(.text)
    GPIO2_Handler                            0x07fc1361   Thumb Code     4  gpio.o(.text)
    GPIO3_Handler                            0x07fc1365   Thumb Code     4  gpio.o(.text)
    GPIO4_Handler                            0x07fc1369   Thumb Code     4  gpio.o(.text)
    WKUP_QUADEC_Handler                      0x07fc13a1   Thumb Code   104  wkupct_quadec.o(.text)
    adc_set_diff_input                       0x07fc1415   Thumb Code    18  adc_58x.o(.text)
    adc_set_se_input                         0x07fc1427   Thumb Code    18  adc_58x.o(.text)
    adc_init                                 0x07fc1439   Thumb Code    28  adc_58x.o(.text)
    adc_get_sample                           0x07fc1455   Thumb Code    30  adc_58x.o(.text)
    adc_get_vbat_sample                      0x07fc1473   Thumb Code    84  adc_58x.o(.text)
    ADC_Handler                              0x07fc14c7   Thumb Code    18  adc_58x.o(.text)
    i2c_setup_slave                          0x07fc1581   Thumb Code    44  i2c.o(.text)
    i2c_setup_master                         0x07fc15ad   Thumb Code    68  i2c.o(.text)
    i2c_init                                 0x07fc15f1   Thumb Code   204  i2c.o(.text)
    i2c_master_transmit_buffer_sync          0x07fc16bd   Thumb Code    94  i2c.o(.text)
    i2c_master_receive_buffer_sync           0x07fc171b   Thumb Code   100  i2c.o(.text)
    I2C_Handler                              0x07fc177f   Thumb Code    28  i2c.o(.text)
    hw_otpc_disable                          0x07fc17c1   Thumb Code    72  hw_otpc_58x.o(.text)
    hw_otpc_manual_read_on                   0x07fc1809   Thumb Code    38  hw_otpc_58x.o(.text)
    UART2_Handler                            0x07fc1881   Thumb Code    10  uart.o(.text)
    trng_acquire                             0x07fc1999   Thumb Code   292  trng.o(.text)
    init_rand_seed_from_trng                 0x07fc1abd   Thumb Code    16  trng.o(.text)
    dma_channel_stop                         0x07fc1b55   Thumb Code    18  dma.o(.text)
    DMA_Handler                              0x07fc1ba5   Thumb Code    86  dma.o(.text)
    SysTick_Handler                          0x07fc1c1d   Thumb Code    12  systick.o(.text)
    lld_sleep_compensate_func                0x07fc1c2d   Thumb Code   108  rwble.o(.text)
    power_up                                 0x07fc1c99   Thumb Code   210  rwble.o(.text)
    BLE_WAKEUP_LP_Handler                    0x07fc1d6b   Thumb Code    92  rwble.o(.text)
    rwble_isr                                0x07fc1dc7   Thumb Code   214  rwble.o(.text)
    patched_ble_regs_push                    0x07fc1ecd   Thumb Code    16  rwip.o(.text)
    patched_ble_regs_pop                     0x07fc1edd   Thumb Code    16  rwip.o(.text)
    rwip_sleep                               0x07fc1eed   Thumb Code   370  rwip.o(.text)
    rf_regs                                  0x07fc20c3   Thumb Code    62  rf_585.o(.text)
    rf_init_func                             0x07fc2101   Thumb Code   120  rf_585.o(.text)
    rf_reinit_func                           0x07fc2179   Thumb Code    70  rf_585.o(.text)
    attm_svc_create_db_128                   0x07fc2219   Thumb Code   518  attm_db_128.o(.text)
    check_client_char_cfg                    0x07fc2425   Thumb Code    42  custom_common.o(.text)
    get_value_handle                         0x07fc244f   Thumb Code    76  custom_common.o(.text)
    get_cfg_handle                           0x07fc249b   Thumb Code    98  custom_common.o(.text)
    custs1_get_att_handle                    0x07fc24fd   Thumb Code    28  custom_common.o(.text)
    custs1_get_att_idx                       0x07fc2519   Thumb Code    38  custom_common.o(.text)
    diss_compute_cfg_flag                    0x07fc2545   Thumb Code    38  diss.o(.text)
    diss_prf_itf_get                         0x07fc2621   Thumb Code     6  diss.o(.text)
    diss_handle_to_value                     0x07fc2627   Thumb Code    48  diss.o(.text)
    diss_value_to_handle                     0x07fc2657   Thumb Code    52  diss.o(.text)
    diss_check_val_len                       0x07fc268b   Thumb Code    42  diss.o(.text)
    custs1_prf_itf_get                       0x07fc2a0b   Thumb Code     4  custs1.o(.text)
    custs1_init_ccc_values                   0x07fc2ae3   Thumb Code    58  custs1_task.o(.text)
    custs1_set_ccc_value                     0x07fc2b1d   Thumb Code    62  custs1_task.o(.text)
    prf_init_func                            0x07fc3031   Thumb Code   108  prf.o(.text)
    prf_add_profile_func                     0x07fc309d   Thumb Code   126  prf.o(.text)
    prf_create_func                          0x07fc311b   Thumb Code    42  prf.o(.text)
    prf_cleanup_func                         0x07fc3145   Thumb Code    46  prf.o(.text)
    prf_env_get                              0x07fc3173   Thumb Code    42  prf.o(.text)
    prf_src_task_get                         0x07fc319d   Thumb Code    16  prf.o(.text)
    prf_dst_task_get                         0x07fc31ad   Thumb Code    16  prf.o(.text)
    prf_get_id_from_task_func                0x07fc31bd   Thumb Code    48  prf.o(.text)
    prf_get_task_from_id_func                0x07fc31ed   Thumb Code    48  prf.o(.text)
    default_app_on_init                      0x07fc323d   Thumb Code    18  app_default_handlers.o(.text)
    default_app_on_connection                0x07fc324f   Thumb Code    28  app_default_handlers.o(.text)
    default_app_on_set_dev_config_complete   0x07fc326b   Thumb Code    16  app_default_handlers.o(.text)
    default_app_on_db_init_complete          0x07fc327b   Thumb Code     8  app_default_handlers.o(.text)
    default_app_on_get_dev_name              0x07fc3283   Thumb Code    18  app_default_handlers.o(.text)
    default_app_on_get_dev_appearance        0x07fc3295   Thumb Code     8  app_default_handlers.o(.text)
    default_app_on_get_dev_slv_pref_params   0x07fc329d   Thumb Code    18  app_default_handlers.o(.text)
    default_app_on_set_dev_info              0x07fc32af   Thumb Code    46  app_default_handlers.o(.text)
    default_app_update_params_request        0x07fc32dd   Thumb Code    12  app_default_handlers.o(.text)
    app_db_init_start                        0x07fc33b5   Thumb Code    16  app.o(.text)
    app_db_init                              0x07fc33c5   Thumb Code     2  app.o(.text)
    app_prf_enable                           0x07fc33c7   Thumb Code   136  app.o(.text)
    app_easy_gap_update_adv_data             0x07fc34c9   Thumb Code    68  app.o(.text)
    app_init                                 0x07fc35ad   Thumb Code    72  app.o(.text)
    app_easy_gap_confirm                     0x07fc35f5   Thumb Code    36  app.o(.text)
    app_easy_gap_undirected_advertise_get_active 0x07fc3619   Thumb Code     2  app.o(.text)
    app_easy_gap_undirected_advertise_start  0x07fc361b   Thumb Code    26  app.o(.text)
    app_easy_gap_param_update_start          0x07fc3635   Thumb Code    24  app.o(.text)
    app_easy_gap_dev_configure               0x07fc364d   Thumb Code    18  app.o(.text)
    get_user_prf_srv_perm                    0x07fc365f   Thumb Code    34  app.o(.text)
    prf_init_srv_perm                        0x07fc3681   Thumb Code    30  app.o(.text)
    app_gap_process_handler                  0x07fc395f   Thumb Code    24  app_task.o(.text)
    app_dis_init                             0x07fc3989   Thumb Code     2  app_diss.o(.text)
    app_diss_create_db                       0x07fc398b   Thumb Code    54  app_diss.o(.text)
    app_diss_process_handler                 0x07fc3a39   Thumb Code    24  app_diss_task.o(.text)
    app_entry_point_handler                  0x07fc3aa5   Thumb Code    58  app_entry_point.o(.text)
    app_std_process_event                    0x07fc3adf   Thumb Code    70  app_entry_point.o(.text)
    app_check_BLE_active                     0x07fc3b2d   Thumb Code    36  app_msg_utils.o(.text)
    app_timer_api_process_handler            0x07fc3b91   Thumb Code   172  app_easy_timer.o(.text)
    app_easy_timer                           0x07fc3c3d   Thumb Code    62  app_easy_timer.o(.text)
    app_easy_timer_cancel                    0x07fc3c7b   Thumb Code    70  app_easy_timer.o(.text)
    custs_get_func_callbacks                 0x07fc3d2d   Thumb Code    34  app_customs.o(.text)
    app_custs1_create_db                     0x07fc3d4f   Thumb Code    54  app_customs.o(.text)
    app_custs1_process_handler               0x07fc3d8d   Thumb Code    24  app_customs_task.o(.text)
    GPIO_reservations                        0x07fc3da5   Thumb Code     2  user_periph_setup.o(.text)
    periph_init                              0x07fc3da7   Thumb Code    70  user_periph_setup.o(.text)
    user_svc1_rest_att_info_req_handler      0x07fc3df5   Thumb Code    48  user_custs1_impl.o(.text)
    user_app_init                            0x07fc3e83   Thumb Code    58  user_peripheral.o(.text)
    user_app_adv_start                       0x07fc3ebd   Thumb Code    40  user_peripheral.o(.text)
    user_app_connection                      0x07fc3ee5   Thumb Code    78  user_peripheral.o(.text)
    user_app_adv_undirect_complete           0x07fc3f33   Thumb Code     8  user_peripheral.o(.text)
    user_app_disconnect                      0x07fc3f3b   Thumb Code    28  user_peripheral.o(.text)
    user_catch_rest_hndl                     0x07fc3f57   Thumb Code    32  user_peripheral.o(.text)
    dice_chance_send                         0x07fc4049   Thumb Code   136  dice_communication.o(.text)
    dice_chance_recieve_handler              0x07fc40d1   Thumb Code   122  dice_communication.o(.text)
    dice_sensor_read_multiple                0x07fc4179   Thumb Code    96  dice_sensor_driver.o(.text)
    read_magnetometer                        0x07fc41d9   Thumb Code   176  dice_sensor_driver.o(.text)
    dice_sensor_enable_magnetometer          0x07fc4289   Thumb Code    22  dice_sensor_driver.o(.text)
    dice_sensor_enable_accelero_gyroscope    0x07fc429f   Thumb Code    24  dice_sensor_driver.o(.text)
    dice_sensor_init                         0x07fc42b7   Thumb Code     8  dice_sensor_driver.o(.text)
    dice_sensor_write_byte                   0x07fc42bf   Thumb Code    30  dice_sensor_driver.o(.text)
    init_gyroscope                           0x07fc43a9   Thumb Code    38  dice_sensor_api.o(.text)
    init_accelerometer                       0x07fc43cf   Thumb Code    28  dice_sensor_api.o(.text)
    init_magnetometer                        0x07fc43eb   Thumb Code    60  dice_sensor_api.o(.text)
    PATCHED_atts_mtu_exc_req                 0x07fc4429   Thumb Code    52  patch.o(.text)
    PATCHED_smpc_is_sec_mode_reached         0x07fc445d   Thumb Code    66  patch.o(.text)
    PATCHED_smpc_check_key_distrib           0x07fc449f   Thumb Code    74  patch.o(.text)
    PATCHED_llcp_length_req_handler          0x07fc44e9   Thumb Code   120  patch.o(.text)
    PATCHED_llcp_length_rsp_handler          0x07fc4561   Thumb Code   136  patch.o(.text)
    JT_llc_le_length_effective_func          0x07fc45e9   Thumb Code   182  patch.o(.text)
    PATCHED_smpc_construct_id_addr_info_pdu  0x07fc469f   Thumb Code    48  patch.o(.text)
    PATCHED_llc_util_gen_skdx                0x07fc46cf   Thumb Code    20  patch.o(.text)
    PATCHED_llm_adv_report_set               0x07fc46e3   Thumb Code   142  patch.o(.text)
    PATCHED_lld_evt_move_to_master           0x07fc4771   Thumb Code   360  patch.o(.text)
    PATCHED_gapm_adv_sanity                  0x07fc48d9   Thumb Code   244  patch.o(.text)
    PATCHED_gapm_get_ad_type_flag            0x07fc49cd   Thumb Code    38  patch.o(.text)
    PK_PointMult_func                        0x07fc49f3   Thumb Code   246  patch.o(.text)
    llm_create_p256_key_func                 0x07fc4ae9   Thumb Code    70  patch.o(.text)
    llm_p256_req_handler_func                0x07fc4b2f   Thumb Code   290  patch.o(.text)
    PATCHED_hci_command_handler              0x07fc4c9f   Thumb Code   110  patch.o(.text)
    JT_l2cc_pdu_unpack_func                  0x07fc508d   Thumb Code   812  patch.o(.text)
    JT_l2cc_pdu_recv_ind_handler_func        0x07fc53b9   Thumb Code    70  patch.o(.text)
    PATCHED_llc_ch_map_req_ind               0x07fc53ff   Thumb Code   110  patch.o(.text)
    PATCHED_smpc_recv_public_key_exchange_pdu 0x07fc559f   Thumb Code   106  patch.o(.text)
    PATCHED_llm_con_req_ind                  0x07fc569b   Thumb Code   646  patch.o(.text)
    patch_func                               0x07fc5921   Thumb Code    48  patch.o(.text)
    patch_global_vars_init                   0x07fc5951   Thumb Code     2  patch.o(.text)
    DCoffsetCalibration_580                  0x07fc5a81   Thumb Code   204  rf_calibration.o(.text)
    IffCalibration_580                       0x07fc5b69   Thumb Code    72  rf_calibration.o(.text)
    rf_calibration_580                       0x07fc5bb1   Thumb Code    80  rf_calibration.o(.text)
    rf_calibration_585                       0x07fc5c01   Thumb Code    84  rf_calibration.o(.text)
    enable_rf_diag_irq                       0x07fc5c55   Thumb Code   112  rf_calibration.o(.text)
    set_gauss_modgain                        0x07fc5cc5   Thumb Code    54  rf_calibration.o(.text)
    set_rf_cal_cap                           0x07fc5d19   Thumb Code    26  pll_vcocal_lut.o(.text)
    PATCHED_smpc_dhkey_calc_start            0x07fc5d3d   Thumb Code   136  smpc_util.o(.text)
    JT_llm_p256_start_func                   0x07fc5dc5   Thumb Code    82  smpc_util.o(.text)
    __aeabi_dadd                             0x07fc5e25   Thumb Code   330  dadd.o(.text)
    __aeabi_dsub                             0x07fc5f6f   Thumb Code    12  dadd.o(.text)
    __aeabi_drsub                            0x07fc5f7b   Thumb Code    12  dadd.o(.text)
    __aeabi_dmul                             0x07fc5f8d   Thumb Code   202  dmul.o(.text)
    __aeabi_ui2f                             0x07fc605d   Thumb Code    14  ffltui.o(.text)
    __aeabi_ui2d                             0x07fc606d   Thumb Code    24  dfltui.o(.text)
    __aeabi_f2d                              0x07fc6089   Thumb Code    40  f2d.o(.text)
    __aeabi_d2f                              0x07fc60b1   Thumb Code    56  d2f.o(.text)
    __aeabi_uldivmod                         0x07fc60e9   Thumb Code    96  uldiv.o(.text)
    __aeabi_lasr                             0x07fc6149   Thumb Code    38  llsshr.o(.text)
    _ll_sshift_r                             0x07fc6149   Thumb Code     0  llsshr.o(.text)
    __I$use$fp                               0x07fc616f   Thumb Code     0  iusefp.o(.text)
    _float_round                             0x07fc616f   Thumb Code    16  fepilogue.o(.text)
    _float_epilogue                          0x07fc617f   Thumb Code   114  fepilogue.o(.text)
    _double_round                            0x07fc61f1   Thumb Code    26  depilogue.o(.text)
    _double_epilogue                         0x07fc620b   Thumb Code   164  depilogue.o(.text)
    __aeabi_ddiv                             0x07fc62b1   Thumb Code   234  ddiv.o(.text)
    __aeabi_d2ulz                            0x07fc63a1   Thumb Code    54  dfixul.o(.text)
    __aeabi_cdcmpeq                          0x07fc63e1   Thumb Code     0  cdcmple.o(.text)
    __aeabi_cdcmple                          0x07fc63e1   Thumb Code    38  cdcmple.o(.text)
    __aeabi_cdrcmple                         0x07fc6409   Thumb Code    38  cdrcmple.o(.text)
    __scatterload                            0x07fc6431   Thumb Code    28  init.o(.text)
    __scatterload_rt2                        0x07fc6431   Thumb Code     0  init.o(.text)
    __aeabi_llsr                             0x07fc6455   Thumb Code    34  llushr.o(.text)
    _ll_ushift_r                             0x07fc6455   Thumb Code     0  llushr.o(.text)
    __ARM_scalbn                             0x07fc6477   Thumb Code    44  dscalb.o(.text)
    scalbn                                   0x07fc6477   Thumb Code     0  dscalb.o(.text)
    __0snprintf                              0x07fc64a5   Thumb Code    50  printfa.o(i.__0snprintf)
    __1snprintf                              0x07fc64a5   Thumb Code     0  printfa.o(i.__0snprintf)
    __2snprintf                              0x07fc64a5   Thumb Code     0  printfa.o(i.__0snprintf)
    __c89snprintf                            0x07fc64a5   Thumb Code     0  printfa.o(i.__0snprintf)
    snprintf                                 0x07fc64a5   Thumb Code     0  printfa.o(i.__0snprintf)
    __ARM_clz                                0x07fc64dd   Thumb Code    46  depilogue.o(i.__ARM_clz)
    __ARM_fpclassify                         0x07fc650d   Thumb Code    40  fpclassify.o(i.__ARM_fpclassify)
    __kernel_poly                            0x07fc6539   Thumb Code   172  poly.o(i.__kernel_poly)
    __mathlib_dbl_infnan                     0x07fc65e5   Thumb Code    10  dunder.o(i.__mathlib_dbl_infnan)
    __mathlib_dbl_infnan2                    0x07fc65ef   Thumb Code     8  dunder.o(i.__mathlib_dbl_infnan2)
    __mathlib_dbl_underflow                  0x07fc65f9   Thumb Code    14  dunder.o(i.__mathlib_dbl_underflow)
    __scatterload_copy                       0x07fc660d   Thumb Code    14  handlers.o(i.__scatterload_copy)
    __scatterload_null                       0x07fc661b   Thumb Code     2  handlers.o(i.__scatterload_null)
    __scatterload_zeroinit                   0x07fc661d   Thumb Code    14  handlers.o(i.__scatterload_zeroinit)
    __set_errno                              0x07fc662d   Thumb Code     6  errno.o(i.__set_errno)
    atan                                     0x07fc6f01   Thumb Code   472  atan.o(i.atan)
    atan2                                    0x07fc711d   Thumb Code   372  atan2.o(i.atan2)
    rom_func_addr_table_var                  0x07fc72c8   Data         388  jump_table.o(.constdata)
    rom_cfg_table_var                        0x07fc744c   Data         188  jump_table.o(.constdata)
    gap_cfg_user_var_struct                  0x07fc7508   Data          90  arch_system.o(.constdata)
    diss_att_db                              0x07fc75a0   Data         228  diss.o(.constdata)
    diss_itf                                 0x07fc7684   Data          16  diss.o(.constdata)
    diss_default_state                       0x07fc7694   Data          24  diss_task.o(.constdata)
    diss_default_handler                     0x07fc76ac   Data           8  diss_task.o(.constdata)
    custs1_itf                               0x07fc76b4   Data          16  custs1.o(.constdata)
    custs1_default_state                     0x07fc76c4   Data          72  custs1_task.o(.constdata)
    custs1_default_handler                   0x07fc770c   Data           8  custs1_task.o(.constdata)
    prf_funcs                                0x07fc7730   Data          24  app.o(.constdata)
    app_default_state                        0x07fc77cc   Data           8  app_task.o(.constdata)
    app_default_handler                      0x07fc77d4   Data           8  app_task.o(.constdata)
    app_process_handlers                     0x07fc77e4   Data          16  app_entry_point.o(.constdata)
    cust_prf_funcs                           0x07fc77f4   Data          56  user_custs_config.o(.constdata)
    custs1_services                          0x07fc7852   Data           2  user_custs1_def.o(.constdata)
    custs1_services_size                     0x07fc7854   Data           1  user_custs1_def.o(.constdata)
    custs1_att_max_nb                        0x07fc7856   Data           2  user_custs1_def.o(.constdata)
    custs1_att_db                            0x07fc7858   Data          80  user_custs1_def.o(.constdata)
    LUT_CFG                                  0x07fc79c0   Data          22  pll_vcocal_lut.o(.constdata)
    __mathlib_zero                           0x07fc7a70   Data           8  qnan.o(.constdata)
    Region$$Table$$Base                      0x07fc7a78   Number         0  anon$$obj.o(Region$$Table)
    Region$$Table$$Limit                     0x07fc7aa8   Number         0  anon$$obj.o(Region$$Table)
    startup_sleep_delay                      0x07fc7aa8   Data           4  arch_system.o(.data)
    __initial_sp                             0x07fc80f8   Data           0  startup_da14585_586.o(STACK)
    heap_mem_area_not_ret$$Base              0x07fc8158   Number         0  jump_table.o(heap_mem_area_not_ret)
    rwip_heap_non_ret                        0x07fc8158   Data        1036  jump_table.o(heap_mem_area_not_ret)
    Image$$RET_DATA_UNINIT$$Base             0x07fd4804   Number         0  anon$$obj.o ABSOLUTE
    sys_startup_flag                         0x07fd4810   Data           1  arch_system.o(retention_mem_area0)
    rcx_cal_in_progress                      0x07fd4811   Data           1  arch_system.o(retention_mem_area0)
    force_rf_cal                             0x07fd4812   Data           1  arch_system.o(retention_mem_area0)
    clk_freq_trim_reg_value                  0x07fd4814   Data           2  arch_system.o(retention_mem_area0)
    last_temp_count                          0x07fd4816   Data           2  arch_system.o(retention_mem_area0)
    arch_wkupct_deb_time                     0x07fd4818   Data           2  arch_system.o(retention_mem_area0)
    iq_trim_bias_ctrl1_reg                   0x07fd481a   Data           2  arch_system.o(retention_mem_area0)
    iq_trim_rf_mixer_ctrl1_reg               0x07fd481c   Data           2  arch_system.o(retention_mem_area0)
    last_temp_time                           0x07fd4820   Data           4  arch_system.o(retention_mem_area0)
    lp_clk_sel                               0x07fd4824   Data           4  arch_system.o(retention_mem_area0)
    rcx_freq                                 0x07fd4828   Data           4  arch_system.o(retention_mem_area0)
    rcx_period                               0x07fd482c   Data           4  arch_system.o(retention_mem_area0)
    dev_bdaddr                               0x07fd4830   Data           6  arch_system.o(retention_mem_area0)
    rcx_slot_duration                        0x07fd4838   Data           8  arch_system.o(retention_mem_area0)
    heap_log                                 0x07fd4840   Data           2  arch_rom.o(retention_mem_area0)
    GPIO_status                              0x07fd4848   Data           8  gpio.o(retention_mem_area0)
    GPIO                                     0x07fd4850   Data         160  gpio.o(retention_mem_area0)
    GPIOHandlerFunction                      0x07fd48f0   Data          20  gpio.o(retention_mem_area0)
    callback_function                        0x07fd4970   Data           4  systick.o(retention_mem_area0)
    arch_rwble_last_event                    0x07fd4974   Data           1  rwble.o(retention_mem_area0)
    set_boost_low_vbat1v_overhead            0x07fd4975   Data           1  rwble.o(retention_mem_area0)
    twirq_set                                0x07fd4978   Data           4  rwble.o(retention_mem_area0)
    twirq_set_min                            0x07fd497c   Data           4  rwble.o(retention_mem_area0)
    twirq_set_max                            0x07fd4980   Data           4  rwble.o(retention_mem_area0)
    ble_finetim_corr                         0x07fd4984   Data           4  rwble.o(retention_mem_area0)
    sleep_lp_cycles                          0x07fd4988   Data           4  rwip.o(retention_mem_area0)
    retained_BLE_EM_BASE_REG                 0x07fd498c   Data           4  rwip.o(retention_mem_area0)
    slp_period_retained                      0x07fd4990   Data           4  rwip.o(retention_mem_area0)
    prf_env                                  0x07fd4998   Data         768  prf.o(retention_mem_area0)
    app_env                                  0x07fd4cb0   Data          12  app.o(retention_mem_area0)
    app_prf_srv_perm                         0x07fd4cbc   Data          20  app.o(retention_mem_area0)
    device_info                              0x07fd4cd0   Data          36  app.o(retention_mem_area0)
    app_state                                0x07fd4cf4   Data           1  app_task.o(retention_mem_area0)
    app_connection_idx                       0x07fd4d48   Data           1  user_peripheral.o(retention_mem_area0)
    app_adv_data_update_timer_used           0x07fd4d49   Data           1  user_peripheral.o(retention_mem_area0)
    app_param_update_request_timer_used      0x07fd4d4a   Data           1  user_peripheral.o(retention_mem_area0)
    mnf_data_index                           0x07fd4d4b   Data           1  user_peripheral.o(retention_mem_area0)
    stored_adv_data_len                      0x07fd4d4c   Data           1  user_peripheral.o(retention_mem_area0)
    stored_scan_rsp_data_len                 0x07fd4d4d   Data           1  user_peripheral.o(retention_mem_area0)
    mnf_data                                 0x07fd4d4e   Data           8  user_peripheral.o(retention_mem_area0)
    stored_adv_data                          0x07fd4d56   Data          31  user_peripheral.o(retention_mem_area0)
    stored_scan_rsp_data                     0x07fd4d75   Data          31  user_peripheral.o(retention_mem_area0)
    timer_temperature_ntf                    0x07fd4d96   Data           2  dice_communication.o(retention_mem_area0)
    sensor_data                              0x07fd4dc0   Data          12  temp.o(retention_mem_area0)
    calcap_minmax                            0x07fd4dcc   Data           1  pll_vcocal_lut.o(retention_mem_area0)
    vcocal_ctrl_reg_val                      0x07fd4dce   Data           2  pll_vcocal_lut.o(retention_mem_area0)
    vco_calcap_ranges                        0x07fd4dd0   Data          16  pll_vcocal_lut.o(retention_mem_area0)
    rf_cal_cap                               0x07fd4de0   Data          20  pll_vcocal_lut.o(retention_mem_area0)
    rwip_heap_db_ret                         0x07fd4df4   Data        1036  jump_table.o(heap_db_area)
    rwip_heap_env_ret                        0x07fd5200   Data         628  jump_table.o(heap_env_area)
    rwip_heap_msg_ret                        0x07fd5474   Data        1404  jump_table.o(heap_msg_area)
    ble_wakeup_executed                      0x07fd7600   Data           0  da14585_symbols.txt ABSOLUTE
    rf_in_sleep                              0x07fd7601   Data           0  da14585_symbols.txt ABSOLUTE
    custom_preinit                           0x07fd7604   Data           0  da14585_symbols.txt ABSOLUTE
    custom_postinit                          0x07fd7608   Data           0  da14585_symbols.txt ABSOLUTE
    custom_appinit                           0x07fd760c   Data           0  da14585_symbols.txt ABSOLUTE
    custom_preloop                           0x07fd7610   Data           0  da14585_symbols.txt ABSOLUTE
    custom_preschedule                       0x07fd7614   Data           0  da14585_symbols.txt ABSOLUTE
    custom_postschedule                      0x07fd7618   Data           0  da14585_symbols.txt ABSOLUTE
    custom_postschedule_async                0x07fd761c   Data           0  da14585_symbols.txt ABSOLUTE
    custom_presleepcheck                     0x07fd7620   Data           0  da14585_symbols.txt ABSOLUTE
    custom_appsleepset                       0x07fd7624   Data           0  da14585_symbols.txt ABSOLUTE
    custom_postsleepcheck                    0x07fd7628   Data           0  da14585_symbols.txt ABSOLUTE
    custom_presleepenter                     0x07fd762c   Data           0  da14585_symbols.txt ABSOLUTE
    custom_postsleepexit                     0x07fd7630   Data           0  da14585_symbols.txt ABSOLUTE
    custom_prewakeup                         0x07fd7634   Data           0  da14585_symbols.txt ABSOLUTE
    custom_postwakeup                        0x07fd7638   Data           0  da14585_symbols.txt ABSOLUTE
    custom_preidlecheck                      0x07fd763c   Data           0  da14585_symbols.txt ABSOLUTE
    custom_pti_set                           0x07fd7640   Data           0  da14585_symbols.txt ABSOLUTE
    REG_BLE_EM_TX_BUFFER_SIZE                0x07fd7644   Data           0  da14585_symbols.txt ABSOLUTE
    REG_BLE_EM_RX_BUFFER_SIZE                0x07fd7648   Data           0  da14585_symbols.txt ABSOLUTE
    _ble_base                                0x07fd764c   Data           0  da14585_symbols.txt ABSOLUTE
    gap_cfg_user                             0x07fd7650   Data           0  da14585_symbols.txt ABSOLUTE
    rom_func_addr_table                      0x07fd7654   Data           0  da14585_symbols.txt ABSOLUTE
    rom_cfg_table                            0x07fd7658   Data           0  da14585_symbols.txt ABSOLUTE
    BLE_TX_DESC_DATA_USER                    0x07fd765c   Data           0  da14585_symbols.txt ABSOLUTE
    BLE_TX_DESC_CNTL_USER                    0x07fd7660   Data           0  da14585_symbols.txt ABSOLUTE
    LLM_LE_ADV_DUMMY_IDX                     0x07fd7664   Data           0  da14585_symbols.txt ABSOLUTE
    LLM_LE_SCAN_CON_REQ_ADV_DIR_IDX          0x07fd7668   Data           0  da14585_symbols.txt ABSOLUTE
    LLM_LE_SCAN_RSP_IDX                      0x07fd766c   Data           0  da14585_symbols.txt ABSOLUTE
    LLM_LE_ADV_IDX                           0x07fd7670   Data           0  da14585_symbols.txt ABSOLUTE
    length_exchange_needed                   0x07fd7674   Data           0  da14585_symbols.txt ABSOLUTE
    enh_con_cmp_cnt                          0x07fd7678   Data           0  da14585_symbols.txt ABSOLUTE
    rx_pkt_cnt                               0x07fd7680   Data           0  da14585_symbols.txt ABSOLUTE
    rx_pkt_cnt_bad                           0x07fd7684   Data           0  da14585_symbols.txt ABSOLUTE
    rx_pkt_cnt_bad_adv                       0x07fd7688   Data           0  da14585_symbols.txt ABSOLUTE
    rx_pkt_cnt_bad_scn                       0x07fd768c   Data           0  da14585_symbols.txt ABSOLUTE
    rx_pkt_cnt_bad_oth                       0x07fd7690   Data           0  da14585_symbols.txt ABSOLUTE
    rx_pkt_cnt_bad_wo_sync_err               0x07fd7694   Data           0  da14585_symbols.txt ABSOLUTE
    rx_pkt_cnt_bad_con                       0x07fd7698   Data           0  da14585_symbols.txt ABSOLUTE
    connect_req_cnt                          0x07fd769c   Data           0  da14585_symbols.txt ABSOLUTE
    last_status                              0x07fd76a0   Data           0  da14585_symbols.txt ABSOLUTE
    llc_state                                0x07fd76a4   Data           0  da14585_symbols.txt ABSOLUTE
    lld_sleep_env                            0x07fd76ac   Data           0  da14585_symbols.txt ABSOLUTE
    lld_wlcoex_enable                        0x07fd76b0   Data           0  da14585_symbols.txt ABSOLUTE
    ble_duplicate_filter_max                 0x07fd76b4   Data           0  da14585_symbols.txt ABSOLUTE
    ble_duplicate_filter_found               0x07fd76b5   Data           0  da14585_symbols.txt ABSOLUTE
    alter_conn_adv_all_cnt                   0x07fd76b8   Data           0  da14585_symbols.txt ABSOLUTE
    alter_conn_adv_dir_cnt                   0x07fd76bc   Data           0  da14585_symbols.txt ABSOLUTE
    alter_conn_adv_cnt                       0x07fd76c0   Data           0  da14585_symbols.txt ABSOLUTE
    create_conn_cnt                          0x07fd76c4   Data           0  da14585_symbols.txt ABSOLUTE
    alter_conn_cnt                           0x07fd76c8   Data           0  da14585_symbols.txt ABSOLUTE
    alter_conn_restart_cnt                   0x07fd76cc   Data           0  da14585_symbols.txt ABSOLUTE
    alter_conn_peer_addr                     0x07fd76d0   Data           0  da14585_symbols.txt ABSOLUTE
    alter_conn_local_addr                    0x07fd76d6   Data           0  da14585_symbols.txt ABSOLUTE
    set_adv_data_discard_old                 0x07fd76dc   Data           0  da14585_symbols.txt ABSOLUTE
    llm_resolving_list_max                   0x07fd76dd   Data           0  da14585_symbols.txt ABSOLUTE
    llm_bt_env                               0x07fd76de   Data           0  da14585_symbols.txt ABSOLUTE
    init_tx_cnt_cntl_cnt1                    0x07fd76e8   Data           0  da14585_symbols.txt ABSOLUTE
    init_tx_cnt_cntl_cnt                     0x07fd76ec   Data           0  da14585_symbols.txt ABSOLUTE
    tx_cnt_cntl_cnt                          0x07fd76f0   Data           0  da14585_symbols.txt ABSOLUTE
    llm_state                                0x07fd76f4   Data           0  da14585_symbols.txt ABSOLUTE
    gtl_state                                0x07fd76f8   Data           0  da14585_symbols.txt ABSOLUTE
    use_h4tl                                 0x07fd76f9   Data           0  da14585_symbols.txt ABSOLUTE
    hci_cmd_desc_root_tab                    0x07fd76fc   Data           0  da14585_symbols.txt ABSOLUTE
    gattc_state                              0x07fd772c   Data           0  da14585_symbols.txt ABSOLUTE
    gattm_state                              0x07fd7734   Data           0  da14585_symbols.txt ABSOLUTE
    l2cc_state                               0x07fd7735   Data           0  da14585_symbols.txt ABSOLUTE
    l2cm_env                                 0x07fd773e   Data           0  da14585_symbols.txt ABSOLUTE
    gapc_state                               0x07fd7744   Data           0  da14585_symbols.txt ABSOLUTE
    gapm_state                               0x07fd774c   Data           0  da14585_symbols.txt ABSOLUTE
    ecdh_key_creation_in_progress            0x07fd7750   Data           0  da14585_symbols.txt ABSOLUTE
    ke_free_bad                              0x07fd7754   Data           0  da14585_symbols.txt ABSOLUTE
    rwip_env                                 0x07fd7758   Data           0  da14585_symbols.txt ABSOLUTE
    ble_reg_save                             0x07fd7764   Data           0  da14585_symbols.txt ABSOLUTE
    sleep_env                                0x07fd77b4   Data           0  da14585_symbols.txt ABSOLUTE
    uart_env                                 0x07fd77b8   Data           0  da14585_symbols.txt ABSOLUTE
    ke_mem_heaps_used                        0x07fd77dc   Data           0  da14585_symbols.txt ABSOLUTE
    co_buf_env                               0x07fd77e0   Data           0  da14585_symbols.txt ABSOLUTE
    llc_env                                  0x07fd7918   Data           0  da14585_symbols.txt ABSOLUTE
    lld_evt_env                              0x07fd7938   Data           0  da14585_symbols.txt ABSOLUTE
    llm_le_env                               0x07fd7964   Data           0  da14585_symbols.txt ABSOLUTE
    llm_resolving_list                       0x07fd7a60   Data           0  da14585_symbols.txt ABSOLUTE
    ea_env                                   0x07fd7cb8   Data           0  da14585_symbols.txt ABSOLUTE
    gtl_env                                  0x07fd7cf8   Data           0  da14585_symbols.txt ABSOLUTE
    hci_env                                  0x07fd7d40   Data           0  da14585_symbols.txt ABSOLUTE
    h4tl_env                                 0x07fd7d50   Data           0  da14585_symbols.txt ABSOLUTE
    gattc_env                                0x07fd7d68   Data           0  da14585_symbols.txt ABSOLUTE
    gattm_env                                0x07fd7d88   Data           0  da14585_symbols.txt ABSOLUTE
    l2cc_env                                 0x07fd7dac   Data           0  da14585_symbols.txt ABSOLUTE
    ecdh_key                                 0x07fd7dcc   Data           0  da14585_symbols.txt ABSOLUTE
    gapc_env                                 0x07fd7e2c   Data           0  da14585_symbols.txt ABSOLUTE
    gapm_env                                 0x07fd7e4c   Data           0  da14585_symbols.txt ABSOLUTE
    ke_env                                   0x07fd7e78   Data           0  da14585_symbols.txt ABSOLUTE
    rwip_rf                                  0x07fd7fb4   Data           0  da14585_symbols.txt ABSOLUTE



==============================================================================

Memory Map of the image

  Image Entry point : 0x07fc0511

  Load Region LR_IROM1 (Base: 0x07fc0000, Size: 0x000000a0, Max: 0x000000c0, ABSOLUTE)

    Execution Region ER_IROM1 (Exec base: 0x07fc0000, Load base: 0x07fc0000, Size: 0x000000a0, Max: 0x000000c0, ABSOLUTE)

    Exec Addr    Load Addr    Size         Type   Attr      Idx    E Section Name        Object

    0x07fc0000   0x07fc0000   0x000000a0   Data   RO          275    RESET               startup_da14585_586.o



  Load Region LR_IROM2 (Base: 0x07fc00c0, Size: 0x00000000, Max: 0x00000050, ABSOLUTE)

    Execution Region ER_IROM2 (Exec base: 0x07fc00c0, Load base: 0x07fc00c0, Size: 0x00000050, Max: 0x00000050, ABSOLUTE)

    Exec Addr    Load Addr    Size         Type   Attr      Idx    E Section Name        Object

    0x07fc00c0        -       0x00000050   Zero   RW            1    ER_IROM2.bss        anon$$obj.o



  Load Region LR_TRNG_ZI (Base: 0x07fc0110, Size: 0x00000000, Max: 0x00000400, ABSOLUTE)

    Execution Region ER_TRNG_ZI (Exec base: 0x07fc0110, Load base: 0x07fc0110, Size: 0x00000400, Max: 0x00000400, ABSOLUTE)

    Exec Addr    Load Addr    Size         Type   Attr      Idx    E Section Name        Object

    0x07fc0110        -       0x00000400   Zero   RW         2003    trng_buffer_area_zi  trng.o



  Load Region LR_IROM3 (Base: 0x07fc0510, Size: 0x000075a0, Max: 0x000142f4, ABSOLUTE)

    Execution Region ER_IROM3 (Exec base: 0x07fc0510, Load base: 0x07fc0510, Size: 0x000075a0, Max: 0x000142f4, ABSOLUTE)

    Exec Addr    Load Addr    Size         Type   Attr      Idx    E Section Name        Object

    0x07fc0510   0x07fc0510   0x00000000   Code   RO         3743  * .ARM.Collect$$$$00000000  mc_p.l(entry.o)
    0x07fc0510   0x07fc0510   0x00000004   Code   RO         4046    .ARM.Collect$$$$00000001  mc_p.l(entry2.o)
    0x07fc0514   0x07fc0514   0x00000004   Code   RO         4049    .ARM.Collect$$$$00000004  mc_p.l(entry5.o)
    0x07fc0518   0x07fc0518   0x00000000   Code   RO         4051    .ARM.Collect$$$$00000008  mc_p.l(entry7b.o)
    0x07fc0518   0x07fc0518   0x00000000   Code   RO         4053    .ARM.Collect$$$$0000000A  mc_p.l(entry8b.o)
    0x07fc0518   0x07fc0518   0x00000008   Code   RO         4054    .ARM.Collect$$$$0000000B  mc_p.l(entry9a.o)
    0x07fc0520   0x07fc0520   0x00000004   Code   RO         4061    .ARM.Collect$$$$0000000E  mc_p.l(entry12b.o)
    0x07fc0524   0x07fc0524   0x00000000   Code   RO         4056    .ARM.Collect$$$$0000000F  mc_p.l(entry10a.o)
    0x07fc0524   0x07fc0524   0x00000000   Code   RO         4058    .ARM.Collect$$$$00000011  mc_p.l(entry11a.o)
    0x07fc0524   0x07fc0524   0x00000004   Code   RO         4047    .ARM.Collect$$$$00002712  mc_p.l(entry2.o)
    0x07fc0528   0x07fc0528   0x00000048   Code   RO            4    .text               system_da14585_586.o
    0x07fc0570   0x07fc0570   0x00000050   Code   RO          276    .text               startup_da14585_586.o
    0x07fc05c0   0x07fc05c0   0x00000068   Code   RO          281    .text               hardfault_handler.o
    0x07fc0628   0x07fc0628   0x0000009c   Code   RO          330    .text               nmi_handler.o
    0x07fc06c4   0x07fc06c4   0x000000c8   Code   RO          348    .text               nvds.o
    0x07fc078c   0x07fc078c   0x000002b8   Code   RO          372    .text               arch_main.o
    0x07fc0a44   0x07fc0a44   0x00000064   Code   RO          537    .text               jump_table.o
    0x07fc0aa8   0x07fc0aa8   0x000000a4   Code   RO          601    .text               arch_sleep.o
    0x07fc0b4c   0x07fc0b4c   0x000003c4   Code   RO          662    .text               arch_system.o
    0x07fc0f10   0x07fc0f10   0x000000e8   Code   RO          779    .text               arch_rom.o
    0x07fc0ff8   0x07fc0ff8   0x00000120   Code   RO          805    .text               chacha20.o
    0x07fc1118   0x07fc1118   0x00000010   Code   RO          835    .text               otp_hdr.o
    0x07fc1128   0x07fc1128   0x0000002c   Code   RO          847    .text               syscntl.o
    0x07fc1154   0x07fc1154   0x0000024c   Code   RO          865    .text               gpio.o
    0x07fc13a0   0x07fc13a0   0x00000074   Code   RO          964    .text               wkupct_quadec.o
    0x07fc1414   0x07fc1414   0x0000016c   Code   RO         1045    .text               adc_58x.o
    0x07fc1580   0x07fc1580   0x00000240   Code   RO         1564    .text               i2c.o
    0x07fc17c0   0x07fc17c0   0x00000078   Code   RO         1751    .text               hw_otpc_58x.o
    0x07fc1838   0x07fc1838   0x00000160   Code   RO         1878    .text               uart.o
    0x07fc1998   0x07fc1998   0x000001bc   Code   RO         2001    .text               trng.o
    0x07fc1b54   0x07fc1b54   0x000000c8   Code   RO         2019    .text               dma.o
    0x07fc1c1c   0x07fc1c1c   0x00000010   Code   RO         2071    .text               systick.o
    0x07fc1c2c   0x07fc1c2c   0x000002a0   Code   RO         2163    .text               rwble.o
    0x07fc1ecc   0x07fc1ecc   0x000001d0   Code   RO         2214    .text               rwip.o
    0x07fc209c   0x07fc209c   0x0000017c   Code   RO         2242    .text               rf_585.o
    0x07fc2218   0x07fc2218   0x0000020c   Code   RO         2300    .text               attm_db_128.o
    0x07fc2424   0x07fc2424   0x00000120   Code   RO         2362    .text               custom_common.o
    0x07fc2544   0x07fc2544   0x0000017c   Code   RO         2380    .text               diss.o
    0x07fc26c0   0x07fc26c0   0x000001d8   Code   RO         2449    .text               diss_task.o
    0x07fc2898   0x07fc2898   0x00000194   Code   RO         2516    .text               custs1.o
    0x07fc2a2c   0x07fc2a2c   0x00000604   Code   RO         2538    .text               custs1_task.o
    0x07fc3030   0x07fc3030   0x0000020c   Code   RO         2612    .text               prf.o
    0x07fc323c   0x07fc323c   0x000000b4   Code   RO         2643    .text               app_default_handlers.o
    0x07fc32f0   0x07fc32f0   0x00000414   Code   RO         2702    .text               app.o
    0x07fc3704   0x07fc3704   0x00000284   Code   RO         2891    .text               app_task.o
    0x07fc3988   0x07fc3988   0x0000003c   Code   RO         2976    .text               app_diss.o
    0x07fc39c4   0x07fc39c4   0x000000e0   Code   RO         2988    .text               app_diss_task.o
    0x07fc3aa4   0x07fc3aa4   0x00000088   Code   RO         3019    .text               app_entry_point.o
    0x07fc3b2c   0x07fc3b2c   0x00000028   Code   RO         3049    .text               app_msg_utils.o
    0x07fc3b54   0x07fc3b54   0x00000002   Code   RO         3127    .text               app_easy_timer.o
    0x07fc3b56   0x07fc3b56   0x00000002   Code   RO         3128    .text               app_easy_timer.o
    0x07fc3b58   0x07fc3b58   0x000001d4   Code   RO         3129    .text               app_easy_timer.o
    0x07fc3d2c   0x07fc3d2c   0x00000060   Code   RO         3163    .text               app_customs.o
    0x07fc3d8c   0x07fc3d8c   0x00000018   Code   RO         3185    .text               app_customs_task.o
    0x07fc3da4   0x07fc3da4   0x00000050   Code   RO         3269    .text               user_periph_setup.o
    0x07fc3df4   0x07fc3df4   0x00000038   Code   RO         3323    .text               user_custs1_impl.o
    0x07fc3e2c   0x07fc3e2c   0x0000021c   Code   RO         3341    .text               user_peripheral.o
    0x07fc4048   0x07fc4048   0x00000130   Code   RO         3366    .text               dice_communication.o
    0x07fc4178   0x07fc4178   0x00000230   Code   RO         3522    .text               dice_sensor_driver.o
    0x07fc43a8   0x07fc43a8   0x0000007e   Code   RO         3578    .text               dice_sensor_api.o
    0x07fc4426   0x07fc4426   0x00000002   PAD
    0x07fc4428   0x07fc4428   0x0000155c   Code   RO         3690    .text               da14585_586.lib(patch.o)
    0x07fc5984   0x07fc5984   0x000000fc   Code   RO         3693    .text               da14585_586.lib(rf_calibration.o)
    0x07fc5a80   0x07fc5a80   0x000000e8   Code   RO         3694    .text               da14585_586.lib(rf_calibration.o)
    0x07fc5b68   0x07fc5b68   0x000001b0   Code   RO         3695    .text               da14585_586.lib(rf_calibration.o)
    0x07fc5d18   0x07fc5d18   0x00000024   Code   RO         3714    .text               da14585_586.lib(pll_vcocal_lut.o)
    0x07fc5d3c   0x07fc5d3c   0x000000e8   Code   RO         3733    .text               da14585_586.lib(smpc_util.o)
    0x07fc5e24   0x07fc5e24   0x00000168   Code   RO         4009    .text               mf_p.l(dadd.o)
    0x07fc5f8c   0x07fc5f8c   0x000000d0   Code   RO         4011    .text               mf_p.l(dmul.o)
    0x07fc605c   0x07fc605c   0x0000000e   Code   RO         4013    .text               mf_p.l(ffltui.o)
    0x07fc606a   0x07fc606a   0x00000002   PAD
    0x07fc606c   0x07fc606c   0x0000001c   Code   RO         4015    .text               mf_p.l(dfltui.o)
    0x07fc6088   0x07fc6088   0x00000028   Code   RO         4017    .text               mf_p.l(f2d.o)
    0x07fc60b0   0x07fc60b0   0x00000038   Code   RO         4019    .text               mf_p.l(d2f.o)
    0x07fc60e8   0x07fc60e8   0x00000060   Code   RO         4065    .text               mc_p.l(uldiv.o)
    0x07fc6148   0x07fc6148   0x00000026   Code   RO         4067    .text               mc_p.l(llsshr.o)
    0x07fc616e   0x07fc616e   0x00000000   Code   RO         4076    .text               mc_p.l(iusefp.o)
    0x07fc616e   0x07fc616e   0x00000082   Code   RO         4077    .text               mf_p.l(fepilogue.o)
    0x07fc61f0   0x07fc61f0   0x000000be   Code   RO         4079    .text               mf_p.l(depilogue.o)
    0x07fc62ae   0x07fc62ae   0x00000002   PAD
    0x07fc62b0   0x07fc62b0   0x000000f0   Code   RO         4083    .text               mf_p.l(ddiv.o)
    0x07fc63a0   0x07fc63a0   0x00000040   Code   RO         4085    .text               mf_p.l(dfixul.o)
    0x07fc63e0   0x07fc63e0   0x00000028   Code   RO         4087    .text               mf_p.l(cdcmple.o)
    0x07fc6408   0x07fc6408   0x00000028   Code   RO         4089    .text               mf_p.l(cdrcmple.o)
    0x07fc6430   0x07fc6430   0x00000024   Code   RO         4095    .text               mc_p.l(init.o)
    0x07fc6454   0x07fc6454   0x00000022   Code   RO         4098    .text               mc_p.l(llushr.o)
    0x07fc6476   0x07fc6476   0x0000002c   Code   RO         4101    .text               mf_p.l(dscalb.o)
    0x07fc64a2   0x07fc64a2   0x00000002   PAD
    0x07fc64a4   0x07fc64a4   0x00000038   Code   RO         3980    i.__0snprintf       mc_p.l(printfa.o)
    0x07fc64dc   0x07fc64dc   0x0000002e   Code   RO         4081    i.__ARM_clz         mf_p.l(depilogue.o)
    0x07fc650a   0x07fc650a   0x00000002   PAD
    0x07fc650c   0x07fc650c   0x0000002c   Code   RO         4091    i.__ARM_fpclassify  m_ps.l(fpclassify.o)
    0x07fc6538   0x07fc6538   0x000000ac   Code   RO         4093    i.__kernel_poly     m_ps.l(poly.o)
    0x07fc65e4   0x07fc65e4   0x0000000a   Code   RO         4032    i.__mathlib_dbl_infnan  m_ps.l(dunder.o)
    0x07fc65ee   0x07fc65ee   0x00000008   Code   RO         4033    i.__mathlib_dbl_infnan2  m_ps.l(dunder.o)
    0x07fc65f6   0x07fc65f6   0x00000002   PAD
    0x07fc65f8   0x07fc65f8   0x00000014   Code   RO         4037    i.__mathlib_dbl_underflow  m_ps.l(dunder.o)
    0x07fc660c   0x07fc660c   0x0000000e   Code   RO         4105    i.__scatterload_copy  mc_p.l(handlers.o)
    0x07fc661a   0x07fc661a   0x00000002   Code   RO         4106    i.__scatterload_null  mc_p.l(handlers.o)
    0x07fc661c   0x07fc661c   0x0000000e   Code   RO         4107    i.__scatterload_zeroinit  mc_p.l(handlers.o)
    0x07fc662a   0x07fc662a   0x00000002   PAD
    0x07fc662c   0x07fc662c   0x0000000c   Code   RO         4071    i.__set_errno       mc_p.l(errno.o)
    0x07fc6638   0x07fc6638   0x00000174   Code   RO         3986    i._fp_digits        mc_p.l(printfa.o)
    0x07fc67ac   0x07fc67ac   0x000006f0   Code   RO         3987    i._printf_core      mc_p.l(printfa.o)
    0x07fc6e9c   0x07fc6e9c   0x00000020   Code   RO         3988    i._printf_post_padding  mc_p.l(printfa.o)
    0x07fc6ebc   0x07fc6ebc   0x0000002c   Code   RO         3989    i._printf_pre_padding  mc_p.l(printfa.o)
    0x07fc6ee8   0x07fc6ee8   0x00000016   Code   RO         3990    i._snputc           mc_p.l(printfa.o)
    0x07fc6efe   0x07fc6efe   0x00000002   PAD
    0x07fc6f00   0x07fc6f00   0x0000021c   Code   RO         4022    i.atan              m_ps.l(atan.o)
    0x07fc711c   0x07fc711c   0x0000019c   Code   RO         3736    i.atan2             m_ps.l(atan2.o)
    0x07fc72b8   0x07fc72b8   0x0000000e   Data   RO          349    .constdata          nvds.o
    0x07fc72c6   0x07fc72c6   0x00000002   PAD
    0x07fc72c8   0x07fc72c8   0x00000184   Data   RO          538    .constdata          jump_table.o
    0x07fc744c   0x07fc744c   0x000000bc   Data   RO          539    .constdata          jump_table.o
    0x07fc7508   0x07fc7508   0x0000005a   Data   RO          668    .constdata          arch_system.o
    0x07fc7562   0x07fc7562   0x00000002   PAD
    0x07fc7564   0x07fc7564   0x00000030   Data   RO          806    .constdata          chacha20.o
    0x07fc7594   0x07fc7594   0x00000008   Data   RO          878    .constdata          gpio.o
    0x07fc759c   0x07fc759c   0x00000004   Data   RO         1052    .constdata          adc_58x.o
    0x07fc75a0   0x07fc75a0   0x000000f4   Data   RO         2381    .constdata          diss.o
    0x07fc7694   0x07fc7694   0x00000018   Data   RO         2450    .constdata          diss_task.o
    0x07fc76ac   0x07fc76ac   0x00000008   Data   RO         2451    .constdata          diss_task.o
    0x07fc76b4   0x07fc76b4   0x00000010   Data   RO         2517    .constdata          custs1.o
    0x07fc76c4   0x07fc76c4   0x00000048   Data   RO         2539    .constdata          custs1_task.o
    0x07fc770c   0x07fc770c   0x00000008   Data   RO         2540    .constdata          custs1_task.o
    0x07fc7714   0x07fc7714   0x00000050   Data   RO         2727    .constdata          app.o
    0x07fc7764   0x07fc7764   0x00000068   Data   RO         2893    .constdata          app_task.o
    0x07fc77cc   0x07fc77cc   0x00000008   Data   RO         2894    .constdata          app_task.o
    0x07fc77d4   0x07fc77d4   0x00000008   Data   RO         2895    .constdata          app_task.o
    0x07fc77dc   0x07fc77dc   0x00000008   Data   RO         2989    .constdata          app_diss_task.o
    0x07fc77e4   0x07fc77e4   0x00000010   Data   RO         3020    .constdata          app_entry_point.o
    0x07fc77f4   0x07fc77f4   0x00000038   Data   RO         3236    .constdata          user_custs_config.o
    0x07fc782c   0x07fc782c   0x00000010   Data   RO         3249    .constdata          user_custs1_def.o
    0x07fc783c   0x07fc783c   0x00000002   Data   RO         3250    .constdata          user_custs1_def.o
    0x07fc783e   0x07fc783e   0x00000002   Data   RO         3251    .constdata          user_custs1_def.o
    0x07fc7840   0x07fc7840   0x00000002   Data   RO         3252    .constdata          user_custs1_def.o
    0x07fc7842   0x07fc7842   0x00000010   Data   RO         3253    .constdata          user_custs1_def.o
    0x07fc7852   0x07fc7852   0x00000002   Data   RO         3254    .constdata          user_custs1_def.o
    0x07fc7854   0x07fc7854   0x00000001   Data   RO         3255    .constdata          user_custs1_def.o
    0x07fc7855   0x07fc7855   0x00000001   PAD
    0x07fc7856   0x07fc7856   0x00000002   Data   RO         3256    .constdata          user_custs1_def.o
    0x07fc7858   0x07fc7858   0x00000050   Data   RO         3257    .constdata          user_custs1_def.o
    0x07fc78a8   0x07fc78a8   0x00000018   Data   RO         3367    .constdata          dice_communication.o
    0x07fc78c0   0x07fc78c0   0x00000020   Data   RO         3527    .constdata          dice_sensor_driver.o
    0x07fc78e0   0x07fc78e0   0x000000e0   Data   RO         3691    .constdata          da14585_586.lib(patch.o)
    0x07fc79c0   0x07fc79c0   0x00000016   Data   RO         3715    .constdata          da14585_586.lib(pll_vcocal_lut.o)
    0x07fc79d6   0x07fc79d6   0x00000002   PAD
    0x07fc79d8   0x07fc79d8   0x00000098   Data   RO         4023    .constdata          m_ps.l(atan.o)
    0x07fc7a70   0x07fc7a70   0x00000008   Data   RO         4045    .constdata          m_ps.l(qnan.o)
    0x07fc7a78   0x07fc7a78   0x00000030   Data   RO         4103    Region$$Table       anon$$obj.o
    0x07fc7aa8   0x07fc7aa8   0x00000004   Data   RW          669    .data               arch_system.o
    0x07fc7aac   0x07fc7aac   0x00000004   Data   RW         4072    .data               mc_p.l(errno.o)


    Execution Region ER_PRODTEST (Exec base: 0x07fc7ab0, Load base: 0x07fc7ab0, Size: 0x00000000, Max: 0xffffffff, ABSOLUTE, UNINIT)

    **** No section assigned to this execution region ****


    Execution Region ER_ZI (Exec base: 0x07fc7ab0, Load base: 0x07fc7ab0, Size: 0x000006a8, Max: 0xffffffff, ABSOLUTE)

    Exec Addr    Load Addr    Size         Type   Attr      Idx    E Section Name        Object

    0x07fc7ab0        -       0x00000030   Zero   RW         1580    .bss                i2c.o
    0x07fc7ae0        -       0x00000010   Zero   RW         2002    .bss                trng.o
    0x07fc7af0        -       0x00000001   Zero   RW         2164    .bss                rwble.o
    0x07fc7af1   0x07fc7ab0   0x00000007   PAD
    0x07fc7af8        -       0x00000600   Zero   RW          273    STACK               startup_da14585_586.o
    0x07fc80f8        -       0x00000060   Zero   RW          807    chacha20_state      chacha20.o


    Execution Region ER_NZI (Exec base: 0x07fc8158, Load base: 0x07fc7ab0, Size: 0x0000040c, Max: 0xffffffff, ABSOLUTE, UNINIT)

    Exec Addr    Load Addr    Size         Type   Attr      Idx    E Section Name        Object

    0x07fc8158        -       0x0000040c   Zero   RW          542    heap_mem_area_not_ret  jump_table.o



  Load Region LR_RETAINED_RAM0 (Base: 0x07fd4804, Size: 0x00000000, Max: 0x000013fc, ABSOLUTE)

    Execution Region RET_DATA_UNINIT (Exec base: 0x07fd4804, Load base: 0x07fd4804, Size: 0x00000000, Max: 0x00000000, ABSOLUTE, UNINIT)

    **** No section assigned to this execution region ****


    Execution Region RET_DATA (Exec base: 0x07fd4804, Load base: 0x07fd4804, Size: 0x000005f0, Max: 0x00000800, ABSOLUTE)

    Exec Addr    Load Addr    Size         Type   Attr      Idx    E Section Name        Object

    0x07fd4804        -       0x00000008   Zero   RW          374    retention_mem_area0  arch_main.o
    0x07fd480c        -       0x00000004   Zero   RW          609    retention_mem_area0  arch_sleep.o
    0x07fd4810        -       0x00000030   Zero   RW          670    retention_mem_area0  arch_system.o
    0x07fd4840        -       0x00000002   Zero   RW          780    retention_mem_area0  arch_rom.o
    0x07fd4842   0x07fd4804   0x00000006   PAD
    0x07fd4848        -       0x000000bc   Zero   RW          879    retention_mem_area0  gpio.o
    0x07fd4904        -       0x00000008   Zero   RW          974    retention_mem_area0  wkupct_quadec.o
    0x07fd490c        -       0x00000004   Zero   RW         1053    retention_mem_area0  adc_58x.o
    0x07fd4910        -       0x00000040   Zero   RW         1897    retention_mem_area0  uart.o
    0x07fd4950        -       0x00000020   Zero   RW         2025    retention_mem_area0  dma.o
    0x07fd4970        -       0x00000004   Zero   RW         2076    retention_mem_area0  systick.o
    0x07fd4974        -       0x00000014   Zero   RW         2165    retention_mem_area0  rwble.o
    0x07fd4988        -       0x00000008   Zero   RW         2215    retention_mem_area0  rwip.o
    0x07fd4990        -       0x00000004   Zero   RW         2216    retention_mem_area0  rwip.o
    0x07fd4994        -       0x00000001   Zero   RW         2246    retention_mem_area0  rf_585.o
    0x07fd4995   0x07fd4804   0x00000003   PAD
    0x07fd4998        -       0x00000300   Zero   RW         2614    retention_mem_area0  prf.o
    0x07fd4c98        -       0x0000005c   Zero   RW         2731    retention_mem_area0  app.o
    0x07fd4cf4        -       0x00000001   Zero   RW         2896    retention_mem_area0  app_task.o
    0x07fd4cf5   0x07fd4804   0x00000003   PAD
    0x07fd4cf8        -       0x00000050   Zero   RW         3132    retention_mem_area0  app_easy_timer.o
    0x07fd4d48        -       0x0000004c   Zero   RW         3345    retention_mem_area0  user_peripheral.o
    0x07fd4d94        -       0x0000002a   Zero   RW         3370    retention_mem_area0  dice_communication.o
    0x07fd4dbe        -       0x00000001   Zero   RW         3529    retention_mem_area0  dice_sensor_driver.o
    0x07fd4dbf   0x07fd4804   0x00000001   PAD
    0x07fd4dc0        -       0x0000000c   Zero   RW         3678    retention_mem_area0  temp.o
    0x07fd4dcc        -       0x00000028   Zero   RW         3716    retention_mem_area0  da14585_586.lib(pll_vcocal_lut.o)


    Execution Region RET_HEAP (Exec base: 0x07fd4df4, Load base: 0x07fd4804, Size: 0x00000bfc, Max: 0x00000bfc, ABSOLUTE, UNINIT)

    Exec Addr    Load Addr    Size         Type   Attr      Idx    E Section Name        Object

    0x07fd4df4        -       0x0000040c   Zero   RW          540    heap_db_area        jump_table.o
    0x07fd5200        -       0x00000274   Zero   RW          541    heap_env_area       jump_table.o
    0x07fd5474        -       0x0000057c   Zero   RW          543    heap_msg_area       jump_table.o



  Load Region LR_FREE_AREA (Base: 0x07fd7278, Size: 0x00000000, Max: 0x00000388, ABSOLUTE)

    Execution Region ER_FREE_AREA (Exec base: 0x07fd7278, Load base: 0x07fd7278, Size: 0x00000388, Max: 0x00000388, ABSOLUTE)

    Exec Addr    Load Addr    Size         Type   Attr      Idx    E Section Name        Object

    0x07fd7278        -       0x00000388   Zero   RW            2    ER_FREE_AREA.bss    anon$$obj.o


==============================================================================

Image component sizes


      Code (inc. data)   RO Data    RW Data    ZI Data      Debug   Object Name

       364         26          4          0          4      12851   adc_58x.o
      1044         66         80          0         92      20821   app.o
        96          8          0          0          0       1840   app_customs.o
        24          0          0          0          0       1377   app_customs_task.o
       180          8          0          0          0       3674   app_default_handlers.o
        60          4          0          0          0       1322   app_diss.o
       224         96          8          0          0       2287   app_diss_task.o
       472         26          0          0         80       5729   app_easy_timer.o
       136          8         16          0          0       3583   app_entry_point.o
        40          4          0          0          0       1399   app_msg_utils.o
       644         18        120          0          1      12704   app_task.o
       696         82          0          0          8      17080   arch_main.o
       232        100          0          0          2       1843   arch_rom.o
       164         16          0          0          4       5677   arch_sleep.o
       964         76         90          4         48      90856   arch_system.o
       524          6          0          0          0       5929   attm_db_128.o
       288          8         48          0         96       2365   chacha20.o
       288          6          0          0          0       4333   custom_common.o
       404         30         16          0          0       6888   custs1.o
      1540         22         80          0          0      23290   custs1_task.o
       304         46         24          0         42       2599   dice_communication.o
       126          0          0          0          0       1042   dice_sensor_api.o
       560         60         32          0          1      10496   dice_sensor_driver.o
       380         12        244          0          0      12848   diss.o
       472          8         32          0          0      17404   diss_task.o
       200         14          0          0         32      14197   dma.o
       588         20          8          0        188      14995   gpio.o
       104         12          0          0          0       8033   hardfault_handler.o
       120         10          0          0          0        885   hw_otpc_58x.o
       576         20          0          0         48      11661   i2c.o
       100          6        576          0       4104       8417   jump_table.o
       156         16          0          0          0       8803   nmi_handler.o
       200         14         14          0          0       2720   nvds.o
        16          4          0          0          0       1033   otp_hdr.o
       524          4          0          0        768       5826   prf.o
       380         90          0          0          1      74790   rf_585.o
       672         48          0          0         21      75772   rwble.o
       464         54          0          0         12      75660   rwip.o
        80         16        160          0       1536        804   startup_da14585_586.o
        44          0          0          0          0        637   syscntl.o
        72          8          0          0          0     244745   system_da14585_586.o
        16          4          0          0          4       1114   systick.o
         0          0          0          0         12        558   temp.o
       444         40          0          0       1040       4028   trng.o
       352         14          0          0         64      11705   uart.o
         0          0        123          0          0       1331   user_custs1_def.o
        56          8          0          0          0       1650   user_custs1_impl.o
         0          0         56          0          0        817   user_custs_config.o
        80          8          0          0          0       4171   user_periph_setup.o
       540         54          0          0         76       6049   user_peripheral.o
       116         12          0          0          8       4046   wkupct_quadec.o

    ----------------------------------------------------------------------
     16128       1212       1784          4       9296     854684   Object Totals
         0          0         48          0        984          0   (incl. Generated)
         2          0          5          0         20          0   (incl. Padding)

    ----------------------------------------------------------------------

      Code (inc. data)   RO Data    RW Data    ZI Data      Debug   Library Member Name

      5468        232        224          0          0       1016   patch.o
        36         10         22          0         40         60   pll_vcocal_lut.o
       916         88          0          0          0        400   rf_calibration.o
       232         14          0          0          0        112   smpc_util.o
       540         68        152          0          0        112   atan.o
       412         40          0          0          0        144   atan2.o
        38          6          0          0          0        204   dunder.o
        44          4          0          0          0         60   fpclassify.o
       172          0          0          0          0         76   poly.o
         0          0          8          0          0          0   qnan.o
         0          0          0          0          0          0   entry.o
         0          0          0          0          0          0   entry10a.o
         0          0          0          0          0          0   entry11a.o
         4          0          0          0          0          0   entry12b.o
         8          4          0          0          0          0   entry2.o
         4          0          0          0          0          0   entry5.o
         0          0          0          0          0          0   entry7b.o
         0          0          0          0          0          0   entry8b.o
         8          4          0          0          0          0   entry9a.o
        12          6          0          4          0         60   errno.o
        30          0          0          0          0          0   handlers.o
        36          8          0          0          0         68   init.o
         0          0          0          0          0          0   iusefp.o
        38          0          0          0          0         68   llsshr.o
        34          0          0          0          0         68   llushr.o
      2302         96          0          0          0        480   printfa.o
        96          0          0          0          0         84   uldiv.o
        40          2          0          0          0         68   cdcmple.o
        40          2          0          0          0         68   cdrcmple.o
        56          0          0          0          0         68   d2f.o
       360          6          0          0          0        140   dadd.o
       240          6          0          0          0         84   ddiv.o
       236          0          0          0          0        216   depilogue.o
        64         10          0          0          0         68   dfixul.o
        28          4          0          0          0         68   dfltui.o
       208          6          0          0          0         88   dmul.o
        44          0          0          0          0         72   dscalb.o
        40          0          0          0          0         60   f2d.o
       130          0          0          0          0        144   fepilogue.o
        14          0          0          0          0         68   ffltui.o

    ----------------------------------------------------------------------
     11944        616        408          4         40       4224   Library Totals
        14          0          2          0          0          0   (incl. Padding)

    ----------------------------------------------------------------------

      Code (inc. data)   RO Data    RW Data    ZI Data      Debug   Library Name

      6652        344        246          0         40       1588   da14585_586.lib
      1206        118        160          0          0        596   m_ps.l
      2572        118          0          4          0        828   mc_p.l
      1500         36          0          0          0       1212   mf_p.l

    ----------------------------------------------------------------------
     11944        616        408          4         40       4224   Library Totals

    ----------------------------------------------------------------------

==============================================================================


      Code (inc. data)   RO Data    RW Data    ZI Data      Debug   

     28072       1828       2192          8       9336     854116   Grand Totals
     28072       1828       2192          8       9336     854116   ELF Image Totals
     28072       1828       2192          8          0          0   ROM Totals

==============================================================================

    Total RO  Size (Code + RO Data)                30264 (  29.55kB)
    Total RW  Size (RW Data + ZI Data)              9344 (   9.13kB)
    Total ROM Size (Code + RO Data + RW Data)      30272 (  29.56kB)

==============================================================================

